Archive member included to satisfy reference by file (symbol)

/Applications/ArmGNUToolchain/15.2.rel1/arm-none-eabi/bin/../lib/gcc/arm-none-eabi/15.2.1/thumb/v6-m/nofp/libgcc.a(_dvmd_tls.o)
                              CMakeFiles/ADX-ddsPIO.dir/Users/PCOLLA/.pico-sdk/sdk/2.2.0/src/rp2_common/pico_divider/divider_hardware.S.o (__aeabi_idiv0)
/Applications/ArmGNUToolchain/15.2.rel1/arm-none-eabi/bin/../lib/gcc/arm-none-eabi/15.2.1/../../../../arm-none-eabi/lib/thumb/v6-m/nofp/libg.a(libc_a-atof.o)
                              CMakeFiles/ADX-ddsPIO.dir/gpstime/GPStime.c.o (atof)
/Applications/ArmGNUToolchain/15.2.rel1/arm-none-eabi/bin/../lib/gcc/arm-none-eabi/15.2.1/../../../../arm-none-eabi/lib/thumb/v6-m/nofp/libg.a(libc_a-atol.o)
                              CMakeFiles/ADX-ddsPIO.dir/conswrapper.c.o (atol)
/Applications/ArmGNUToolchain/15.2.rel1/arm-none-eabi/bin/../lib/gcc/arm-none-eabi/15.2.1/../../../../arm-none-eabi/lib/thumb/v6-m/nofp/libg.a(libc_a-calloc.o)
                              CMakeFiles/ADX-ddsPIO.dir/Users/PCOLLA/.pico-sdk/sdk/2.2.0/src/rp2_common/pico_malloc/malloc.c.o (calloc)
/Applications/ArmGNUToolchain/15.2.rel1/arm-none-eabi/bin/../lib/gcc/arm-none-eabi/15.2.1/../../../../arm-none-eabi/lib/thumb/v6-m/nofp/libg.a(libc_a-callocr.o)
                              /Applications/ArmGNUToolchain/15.2.rel1/arm-none-eabi/bin/../lib/gcc/arm-none-eabi/15.2.1/../../../../arm-none-eabi/lib/thumb/v6-m/nofp/libg.a(libc_a-calloc.o) (_calloc_r)
/Applications/ArmGNUToolchain/15.2.rel1/arm-none-eabi/bin/../lib/gcc/arm-none-eabi/15.2.1/../../../../arm-none-eabi/lib/thumb/v6-m/nofp/libg.a(libc_a-malloc.o)
                              CMakeFiles/ADX-ddsPIO.dir/Users/PCOLLA/.pico-sdk/sdk/2.2.0/src/rp2_common/pico_malloc/malloc.c.o (malloc)
/Applications/ArmGNUToolchain/15.2.rel1/arm-none-eabi/bin/../lib/gcc/arm-none-eabi/15.2.1/../../../../arm-none-eabi/lib/thumb/v6-m/nofp/libg.a(libc_a-mallocr.o)
                              /Applications/ArmGNUToolchain/15.2.rel1/arm-none-eabi/bin/../lib/gcc/arm-none-eabi/15.2.1/../../../../arm-none-eabi/lib/thumb/v6-m/nofp/libg.a(libc_a-callocr.o) (_malloc_r)
/Applications/ArmGNUToolchain/15.2.rel1/arm-none-eabi/bin/../lib/gcc/arm-none-eabi/15.2.1/../../../../arm-none-eabi/lib/thumb/v6-m/nofp/libg.a(libc_a-mlock.o)
                              /Applications/ArmGNUToolchain/15.2.rel1/arm-none-eabi/bin/../lib/gcc/arm-none-eabi/15.2.1/../../../../arm-none-eabi/lib/thumb/v6-m/nofp/libg.a(libc_a-mallocr.o) (__malloc_lock)
/Applications/ArmGNUToolchain/15.2.rel1/arm-none-eabi/bin/../lib/gcc/arm-none-eabi/15.2.1/../../../../arm-none-eabi/lib/thumb/v6-m/nofp/libg.a(libc_a-realloc.o)
                              CMakeFiles/ADX-ddsPIO.dir/Users/PCOLLA/.pico-sdk/sdk/2.2.0/src/rp2_common/pico_malloc/malloc.c.o (realloc)
/Applications/ArmGNUToolchain/15.2.rel1/arm-none-eabi/bin/../lib/gcc/arm-none-eabi/15.2.1/../../../../arm-none-eabi/lib/thumb/v6-m/nofp/libg.a(libc_a-reallocr.o)
                              /Applications/ArmGNUToolchain/15.2.rel1/arm-none-eabi/bin/../lib/gcc/arm-none-eabi/15.2.1/../../../../arm-none-eabi/lib/thumb/v6-m/nofp/libg.a(libc_a-realloc.o) (_realloc_r)
/Applications/ArmGNUToolchain/15.2.rel1/arm-none-eabi/bin/../lib/gcc/arm-none-eabi/15.2.1/../../../../arm-none-eabi/lib/thumb/v6-m/nofp/libg.a(libc_a-strtod.o)
                              /Applications/ArmGNUToolchain/15.2.rel1/arm-none-eabi/bin/../lib/gcc/arm-none-eabi/15.2.1/../../../../arm-none-eabi/lib/thumb/v6-m/nofp/libg.a(libc_a-atof.o) (strtod)
/Applications/ArmGNUToolchain/15.2.rel1/arm-none-eabi/bin/../lib/gcc/arm-none-eabi/15.2.1/../../../../arm-none-eabi/lib/thumb/v6-m/nofp/libg.a(libc_a-strtol.o)
                              /Applications/ArmGNUToolchain/15.2.rel1/arm-none-eabi/bin/../lib/gcc/arm-none-eabi/15.2.1/../../../../arm-none-eabi/lib/thumb/v6-m/nofp/libg.a(libc_a-atol.o) (_strtol_r)
/Applications/ArmGNUToolchain/15.2.rel1/arm-none-eabi/bin/../lib/gcc/arm-none-eabi/15.2.1/../../../../arm-none-eabi/lib/thumb/v6-m/nofp/libg.a(libc_a-fflush.o)
                              CMakeFiles/ADX-ddsPIO.dir/testDDS.c.o (fflush)
/Applications/ArmGNUToolchain/15.2.rel1/arm-none-eabi/bin/../lib/gcc/arm-none-eabi/15.2.1/../../../../arm-none-eabi/lib/thumb/v6-m/nofp/libg.a(libc_a-findfp.o)
                              /Applications/ArmGNUToolchain/15.2.rel1/arm-none-eabi/bin/../lib/gcc/arm-none-eabi/15.2.1/../../../../arm-none-eabi/lib/thumb/v6-m/nofp/libg.a(libc_a-fflush.o) (__sglue)
/Applications/ArmGNUToolchain/15.2.rel1/arm-none-eabi/bin/../lib/gcc/arm-none-eabi/15.2.1/../../../../arm-none-eabi/lib/thumb/v6-m/nofp/libg.a(libc_a-memcmp.o)
                              CMakeFiles/ADX-ddsPIO.dir/Users/PCOLLA/.pico-sdk/sdk/2.2.0/src/rp2_common/pico_atomic/atomic.c.o (memcmp)
/Applications/ArmGNUToolchain/15.2.rel1/arm-none-eabi/bin/../lib/gcc/arm-none-eabi/15.2.1/../../../../arm-none-eabi/lib/thumb/v6-m/nofp/libg.a(libc_a-memmove.o)
[...]
Memory Configuration

Name             Origin             Length             Attributes
FLASH            0x10000000         0x00200000         xr
RAM              0x20000000         0x00040000         xrw
SCRATCH_X        0x20040000         0x00001000         xrw
SCRATCH_Y        0x20041000         0x00001000         xrw
*default*        0x00000000         0xffffffff

Linker script and memory map

LOAD /Applications/ArmGNUToolchain/15.2.rel1/arm-none-eabi/bin/../lib/gcc/arm-none-eabi/15.2.1/thumb/v6-m/nofp/crti.o
LOAD /Applications/ArmGNUToolchain/15.2.rel1/arm-none-eabi/bin/../lib/gcc/arm-none-eabi/15.2.1/thumb/v6-m/nofp/crtbegin.o
LOAD /Applications/ArmGNUToolchain/15.2.rel1/arm-none-eabi/bin/../lib/gcc/arm-none-eabi/15.2.1/../../../../arm-none-eabi/lib/thumb/v6-m/nofp/crt0.o

.flash_begin    0x10000000        0x0
                0x10000000                        __flash_binary_start = .

.boot2          0x10000000      0x100
                0x10000000                        __boot2_start__ = .
 *(.boot2)
 .boot2         0x10000000      0x100 pico-sdk/src/rp2040/boot_stage2/CMakeFiles/bs2_default_library.dir/bs2_default_padded_checksummed.S.o
                0x10000100                        __boot2_end__ = .
                0x00000001                        ASSERT (((__boot2_end__ - __boot2_start__) == 0x100), ERROR: Pico second stage bootloader must be 256 bytes in size)

.text           0x10000100     0x7fdc
                0x10000100                        __logical_binary_start = .
 *(.vectors)
 .vectors       0x10000100       0xd4 CMakeFiles/ADX-ddsPIO.dir/Users/PCOLLA/.pico-sdk/sdk/2.2.0/src/rp2_common/pico_crt0/crt0.S.o
                0x10000100                __VECTOR_TABLE
                0x10000100                __vectors
                0x100001c0                isr_irq13
                0x100001c0                isr_irq27
                0x100001c0                isr_irq31
                0x100001c0                isr_irq5
                0x100001c0                isr_irq11
                0x100001c0                isr_irq23
                0x100001c0                isr_irq18
                0x100001c0                isr_irq9
                0x100001c0                __unhandled_user_irq
                0x100001c0                isr_irq25
                0x100001c0                isr_irq4
                0x100001c0                isr_irq16
                0x100001c0                isr_irq29
                0x100001c0                isr_irq26
                0x100001c0                isr_irq3
                0x100001c0                isr_irq12
                0x100001c0                isr_irq30
                0x100001c0                isr_irq28
                0x100001c0                isr_irq19
                0x100001c0                isr_irq0
                0x100001c0                isr_irq6
                0x100001c0                isr_irq22
                0x100001c0                isr_irq17
                0x100001c0                isr_irq14
                0x100001c0                __vectors_end
                0x100001c0                __default_isrs_start
                0x100001c0                isr_irq2
                0x100001c0                isr_irq10
                0x100001c0                isr_irq8
                0x100001c0                isr_irq24
                0x100001c0                isr_irq1
                0x100001c0                isr_irq7
                0x100001c0                isr_irq21
                0x100001c0                isr_irq20
                0x100001c0                isr_irq15
                0x100001c6                unhandled_user_irq_num_in_r0
                0x100001c8                isr_invalid
                0x100001ca                isr_nmi
                0x100001cc                isr_hardfault
                0x100001ce                isr_svcall
                0x100001d0                isr_pendsv
                0x100001d2                isr_systick
                0x100001d4                __default_isrs_end
 *(.binary_info_header)
 .binary_info_header
                0x100001d4       0x14 CMakeFiles/ADX-ddsPIO.dir/Users/PCOLLA/.pico-sdk/sdk/2.2.0/src/rp2_common/pico_crt0/crt0.S.o
                0x100001e8                        __binary_info_header_end = .
 *(.embedded_block)
                0x100001e8                        __embedded_block_end = .
 *(.reset)
 .reset         0x100001e8       0x9c CMakeFiles/ADX-ddsPIO.dir/Users/PCOLLA/.pico-sdk/sdk/2.2.0/src/rp2_common/pico_crt0/crt0.S.o
                0x100001e8                _entry_point
 *(.init)
 .init          0x10000284        0x4 /Applications/ArmGNUToolchain/15.2.rel1/arm-none-eabi/bin/../lib/gcc/arm-none-eabi/15.2.1/thumb/v6-m/nofp/crti.o
                0x10000284                _init
 *(EXCLUDE_FILE(*libm.a: *libc.a:*lib_a-mem*.o *libgcc.a:) .text*)
 .text.register_tm_clones
                0x10000288       0x28 /Applications/ArmGNUToolchain/15.2.rel1/arm-none-eabi/bin/../lib/gcc/arm-none-eabi/15.2.1/thumb/v6-m/nofp/crtbegin.o
 .text.frame_dummy
                0x100002b0       0x24 /Applications/ArmGNUToolchain/15.2.rel1/arm-none-eabi/bin/../lib/gcc/arm-none-eabi/15.2.1/thumb/v6-m/nofp/crtbegin.o
 .text.core1_entry
                0x100002d4       0x48 CMakeFiles/ADX-ddsPIO.dir/testDDS.c.o
                0x100002d4                core1_entry
 .text.initBoard
                0x1000031c       0x50 CMakeFiles/ADX-ddsPIO.dir/testDDS.c.o
                0x1000031c                initBoard
 .text.startup.main
                0x1000036c      0x100 CMakeFiles/ADX-ddsPIO.dir/testDDS.c.o
                0x1000036c                main
 .text.assert_  0x1000046c       0x2c CMakeFiles/ADX-ddsPIO.dir/lib/assert.c.o
                0x1000046c                assert_
 .text.PioDCOInit
                0x10000498      0x198 CMakeFiles/ADX-ddsPIO.dir/piodco/piodco.c.o
                0x10000498                PioDCOInit
 .text.PioDCOSetFreq
                0x10000630       0x94 CMakeFiles/ADX-ddsPIO.dir/piodco/piodco.c.o
                0x10000630                PioDCOSetFreq
 .text.PioDCOStart
                0x100006c4       0x24 CMakeFiles/ADX-ddsPIO.dir/piodco/piodco.c.o
                0x100006c4                PioDCOStart
 .text.gpio_set_function
                0x100006e8       0x30 CMakeFiles/ADX-ddsPIO.dir/Users/PCOLLA/.pico-sdk/sdk/2.2.0/src/rp2_common/hardware_gpio/gpio.c.o
                0x100006e8                gpio_set_function
 .text.gpio_init
                0x10000718       0x3c CMakeFiles/ADX-ddsPIO.dir/Users/PCOLLA/.pico-sdk/sdk/2.2.0/src/rp2_common/hardware_gpio/gpio.c.o
                0x10000718                gpio_init
 .text.rp2040_chip_version
                0x10000754        0xc CMakeFiles/ADX-ddsPIO.dir/Users/PCOLLA/.pico-sdk/sdk/2.2.0/src/rp2040/pico_platform/platform.c.o
                0x10000754                rp2040_chip_version
 .text.panic    0x10000760       0x30 CMakeFiles/ADX-ddsPIO.dir/Users/PCOLLA/.pico-sdk/sdk/2.2.0/src/rp2_common/pico_platform_panic/panic.c.o
                0x10000760                panic
 .text.hw_claim_lock
                0x10000790       0x18 CMakeFiles/ADX-ddsPIO.dir/Users/PCOLLA/.pico-sdk/sdk/2.2.0/src/common/hardware_claim/claim.c.o
                0x10000790                hw_claim_lock
 .text.hw_claim_unlock
                0x100007a8       0x14 CMakeFiles/ADX-ddsPIO.dir/Users/PCOLLA/.pico-sdk/sdk/2.2.0/src/common/hardware_claim/claim.c.o
                0x100007a8                hw_claim_unlock
 .text.hw_claim_or_assert
                0x100007bc       0x50 CMakeFiles/ADX-ddsPIO.dir/Users/PCOLLA/.pico-sdk/sdk/2.2.0/src/common/hardware_claim/claim.c.o
                0x100007bc                hw_claim_or_assert
 .text.hw_claim_unused_from_range
                0x1000080c       0x88 CMakeFiles/ADX-ddsPIO.dir/Users/PCOLLA/.pico-sdk/sdk/2.2.0/src/common/hardware_claim/claim.c.o
                0x1000080c                hw_claim_unused_from_range
 .text.next_striped_spin_lock_num
                0x10000894       0x18 CMakeFiles/ADX-ddsPIO.dir/Users/PCOLLA/.pico-sdk/sdk/2.2.0/src/rp2_common/hardware_sync/sync.c.o
                0x10000894                next_striped_spin_lock_num
 .text.spin_lock_claim_unused
                0x100008ac       0x20 CMakeFiles/ADX-ddsPIO.dir/Users/PCOLLA/.pico-sdk/sdk/2.2.0/src/rp2_common/hardware_sync/sync.c.o
                0x100008ac                spin_lock_claim_unused
 .text.spin_locks_reset
                0x100008cc       0x1c CMakeFiles/ADX-ddsPIO.dir/Users/PCOLLA/.pico-sdk/sdk/2.2.0/src/rp2_common/hardware_sync_spin_lock/sync_spin_lock.c.o
                0x100008cc                spin_locks_reset
 .text.runtime_init_per_core_irq_priorities
                0x100008e8       0x48 CMakeFiles/ADX-ddsPIO.dir/Users/PCOLLA/.pico-sdk/sdk/2.2.0/src/rp2_common/hardware_irq/irq.c.o
                0x100008e8                runtime_init_per_core_irq_priorities
 .text.irq_set_enabled
                0x10000930       0x24 CMakeFiles/ADX-ddsPIO.dir/Users/PCOLLA/.pico-sdk/sdk/2.2.0/src/rp2_common/hardware_irq/irq.c.o
                0x10000930                irq_set_enabled
 .text.irq_is_enabled
                0x10000954       0x18 CMakeFiles/ADX-ddsPIO.dir/Users/PCOLLA/.pico-sdk/sdk/2.2.0/src/rp2_common/hardware_irq/irq.c.o
                0x10000954                irq_is_enabled
 .text.irq_set_pending
                0x1000096c       0x10 CMakeFiles/ADX-ddsPIO.dir/Users/PCOLLA/.pico-sdk/sdk/2.2.0/src/rp2_common/hardware_irq/irq.c.o
                0x1000096c                irq_set_pending
 .text.irq_has_shared_handler
                0x1000097c       0x20 CMakeFiles/ADX-ddsPIO.dir/Users/PCOLLA/.pico-sdk/sdk/2.2.0/src/rp2_common/hardware_irq/irq.c.o
                0x1000097c                irq_has_shared_handler
 .text.irq_set_exclusive_handler
                0x1000099c       0x54 CMakeFiles/ADX-ddsPIO.dir/Users/PCOLLA/.pico-sdk/sdk/2.2.0/src/rp2_common/hardware_irq/irq.c.o
                0x1000099c                irq_set_exclusive_handler
 .text.irq_add_shared_handler
                0x100009f0      0x1cc CMakeFiles/ADX-ddsPIO.dir/Users/PCOLLA/.pico-sdk/sdk/2.2.0/src/rp2_common/hardware_irq/irq.c.o
                0x100009f0                irq_add_shared_handler
 .text.irq_add_tail_to_free_list
                0x10000bbc       0xb4 CMakeFiles/ADX-ddsPIO.dir/Users/PCOLLA/.pico-sdk/sdk/2.2.0/src/rp2_common/hardware_irq/irq.c.o
                0x10000bbc                irq_add_tail_to_free_list
 .text.user_irq_claim_unused
                0x10000c70       0x28 CMakeFiles/ADX-ddsPIO.dir/Users/PCOLLA/.pico-sdk/sdk/2.2.0/src/rp2_common/hardware_irq/irq.c.o
                0x10000c70                user_irq_claim_unused
 .text.lock_init
                0x10000c98       0x10 CMakeFiles/ADX-ddsPIO.dir/Users/PCOLLA/.pico-sdk/sdk/2.2.0/src/common/pico_sync/lock_core.c.o
                0x10000c98                lock_init
 .text.runtime_init_mutex
                0x10000ca8       0x50 CMakeFiles/ADX-ddsPIO.dir/Users/PCOLLA/.pico-sdk/sdk/2.2.0/src/common/pico_sync/mutex.c.o
                0x10000ca8                runtime_init_mutex
 .text.mutex_init
                0x10000cf8       0x1c CMakeFiles/ADX-ddsPIO.dir/Users/PCOLLA/.pico-sdk/sdk/2.2.0/src/common/pico_sync/mutex.c.o
                0x10000cf8                mutex_init
 .text.critical_section_init
                0x10000d14       0x1c CMakeFiles/ADX-ddsPIO.dir/Users/PCOLLA/.pico-sdk/sdk/2.2.0/src/common/pico_sync/critical_section.c.o
                0x10000d14                critical_section_init
 .text.critical_section_init_with_lock_num
                0x10000d30       0x14 CMakeFiles/ADX-ddsPIO.dir/Users/PCOLLA/.pico-sdk/sdk/2.2.0/src/common/pico_sync/critical_section.c.o
                0x10000d30                critical_section_init_with_lock_num
 .text.sleep_until_callback
                0x10000d44       0x30 CMakeFiles/ADX-ddsPIO.dir/Users/PCOLLA/.pico-sdk/sdk/2.2.0/src/common/pico_time/time.c.o
 .text.alarm_pool_irq_handler
                0x10000d74      0x2f4 CMakeFiles/ADX-ddsPIO.dir/Users/PCOLLA/.pico-sdk/sdk/2.2.0/src/common/pico_time/time.c.o
 .text.runtime_init_default_alarm_pool
                0x10001068       0xd8 CMakeFiles/ADX-ddsPIO.dir/Users/PCOLLA/.pico-sdk/sdk/2.2.0/src/common/pico_time/time.c.o
                0x10001068                runtime_init_default_alarm_pool
 .text.alarm_pool_get_default
                0x10001140        0x8 CMakeFiles/ADX-ddsPIO.dir/Users/PCOLLA/.pico-sdk/sdk/2.2.0/src/common/pico_time/time.c.o
                0x10001140                alarm_pool_get_default
 .text.alarm_pool_add_alarm_at
                0x10001148       0xcc CMakeFiles/ADX-ddsPIO.dir/Users/PCOLLA/.pico-sdk/sdk/2.2.0/src/common/pico_time/time.c.o
                0x10001148                alarm_pool_add_alarm_at
 .text.alarm_pool_add_alarm_at_force_in_context
                0x10001214       0xbc CMakeFiles/ADX-ddsPIO.dir/Users/PCOLLA/.pico-sdk/sdk/2.2.0/src/common/pico_time/time.c.o
                0x10001214                alarm_pool_add_alarm_at_force_in_context
 .text.alarm_pool_cancel_alarm
                0x100012d0       0x74 CMakeFiles/ADX-ddsPIO.dir/Users/PCOLLA/.pico-sdk/sdk/2.2.0/src/common/pico_time/time.c.o
                0x100012d0                alarm_pool_cancel_alarm
 .text.alarm_pool_core_num
                0x10001344        0x4 CMakeFiles/ADX-ddsPIO.dir/Users/PCOLLA/.pico-sdk/sdk/2.2.0/src/common/pico_time/time.c.o
                0x10001344                alarm_pool_core_num
 .text.sleep_ms
                0x10001348       0xfc CMakeFiles/ADX-ddsPIO.dir/Users/PCOLLA/.pico-sdk/sdk/2.2.0/src/common/pico_time/time.c.o
                0x10001348                sleep_ms
 .text.best_effort_wfe_or_timeout
                0x10001444      0x100 CMakeFiles/ADX-ddsPIO.dir/Users/PCOLLA/.pico-sdk/sdk/2.2.0/src/common/pico_time/time.c.o
                0x10001444                best_effort_wfe_or_timeout
 .text.timer_hardware_alarm_claim
                0x10001544       0x14 CMakeFiles/ADX-ddsPIO.dir/Users/PCOLLA/.pico-sdk/sdk/2.2.0/src/rp2_common/hardware_timer/timer.c.o
                0x10001544                timer_hardware_alarm_claim
 .text.timer_time_us_64
                0x10001558       0x10 CMakeFiles/ADX-ddsPIO.dir/Users/PCOLLA/.pico-sdk/sdk/2.2.0/src/rp2_common/hardware_timer/timer.c.o
                0x10001558                timer_time_us_64
 .text.time_us_64
                0x10001568       0x14 CMakeFiles/ADX-ddsPIO.dir/Users/PCOLLA/.pico-sdk/sdk/2.2.0/src/rp2_common/hardware_timer/timer.c.o
                0x10001568                time_us_64
 .text.busy_wait_us
                0x1000157c       0x6c CMakeFiles/ADX-ddsPIO.dir/Users/PCOLLA/.pico-sdk/sdk/2.2.0/src/rp2_common/hardware_timer/timer.c.o
                0x1000157c                busy_wait_us
 .text.busy_wait_until
                0x100015e8       0x20 CMakeFiles/ADX-ddsPIO.dir/Users/PCOLLA/.pico-sdk/sdk/2.2.0/src/rp2_common/hardware_timer/timer.c.o
                0x100015e8                busy_wait_until
 .text.clock_configure_int_divider
                0x10001608       0xec CMakeFiles/ADX-ddsPIO.dir/Users/PCOLLA/.pico-sdk/sdk/2.2.0/src/rp2_common/hardware_clocks/clocks.c.o
                0x10001608                clock_configure_int_divider
 .text.clock_configure_undivided
                0x100016f4       0xe0 CMakeFiles/ADX-ddsPIO.dir/Users/PCOLLA/.pico-sdk/sdk/2.2.0/src/rp2_common/hardware_clocks/clocks.c.o
                0x100016f4                clock_configure_undivided
 .text.clock_get_hz
                0x100017d4        0xc CMakeFiles/ADX-ddsPIO.dir/Users/PCOLLA/.pico-sdk/sdk/2.2.0/src/rp2_common/hardware_clocks/clocks.c.o
                0x100017d4                clock_get_hz
 .text.set_sys_clock_pll
                0x100017e0      0x1b4 CMakeFiles/ADX-ddsPIO.dir/Users/PCOLLA/.pico-sdk/sdk/2.2.0/src/rp2_common/hardware_clocks/clocks.c.o
                0x100017e0                set_sys_clock_pll
 .text.check_sys_clock_khz
                0x10001994      0x288 CMakeFiles/ADX-ddsPIO.dir/Users/PCOLLA/.pico-sdk/sdk/2.2.0/src/rp2_common/hardware_clocks/clocks.c.o
                0x10001994                check_sys_clock_khz
 .text.pll_init
                0x10001c1c       0xb0 CMakeFiles/ADX-ddsPIO.dir/Users/PCOLLA/.pico-sdk/sdk/2.2.0/src/rp2_common/hardware_pll/pll.c.o
                0x10001c1c                pll_init
 .text.watchdog_reboot
                0x10001ccc       0x9c CMakeFiles/ADX-ddsPIO.dir/Users/PCOLLA/.pico-sdk/sdk/2.2.0/src/rp2_common/hardware_watchdog/watchdog.c.o
                0x10001ccc                watchdog_reboot
 .text.tick_start
                0x10001d68       0x10 CMakeFiles/ADX-ddsPIO.dir/Users/PCOLLA/.pico-sdk/sdk/2.2.0/src/rp2_common/hardware_ticks/ticks.c.o
                0x10001d68                tick_start
 .text.rom_func_lookup
                0x10001d78       0x10 CMakeFiles/ADX-ddsPIO.dir/Users/PCOLLA/.pico-sdk/sdk/2.2.0/src/rp2_common/pico_bootrom/bootrom.c.o
                0x10001d78                rom_func_lookup
 .text.rom_data_lookup
                0x10001d88       0x10 CMakeFiles/ADX-ddsPIO.dir/Users/PCOLLA/.pico-sdk/sdk/2.2.0/src/rp2_common/pico_bootrom/bootrom.c.o
                0x10001d88                rom_data_lookup
 .text.rom_funcs_lookup
                0x10001d98       0x44 CMakeFiles/ADX-ddsPIO.dir/Users/PCOLLA/.pico-sdk/sdk/2.2.0/src/rp2_common/pico_bootrom/bootrom.c.o
                0x10001d98                rom_funcs_lookup
 .text.rom_reset_usb_boot_extra
                0x10001ddc       0x24 CMakeFiles/ADX-ddsPIO.dir/Users/PCOLLA/.pico-sdk/sdk/2.2.0/src/rp2_common/pico_bootrom/bootrom.c.o
                0x10001ddc                rom_reset_usb_boot_extra
 .text.xosc_init
                0x10001e00       0x28 CMakeFiles/ADX-ddsPIO.dir/Users/PCOLLA/.pico-sdk/sdk/2.2.0/src/rp2_common/hardware_xosc/xosc.c.o
                0x10001e00                xosc_init
 .text.first_per_core_initializer
                0x10001e28        0x4 CMakeFiles/ADX-ddsPIO.dir/Users/PCOLLA/.pico-sdk/sdk/2.2.0/src/rp2_common/pico_runtime/runtime.c.o
 .text.hard_assertion_failure
                0x10001e2c        0xc CMakeFiles/ADX-ddsPIO.dir/Users/PCOLLA/.pico-sdk/sdk/2.2.0/src/rp2_common/pico_runtime/runtime.c.o
                0x10001e2c                hard_assertion_failure
 .text.runtime_run_initializers
                0x10001e38       0x28 CMakeFiles/ADX-ddsPIO.dir/Users/PCOLLA/.pico-sdk/sdk/2.2.0/src/rp2_common/pico_runtime/runtime.c.o
                0x10001e38                runtime_run_initializers
 .text.runtime_run_per_core_initializers
                0x10001e60       0x28 CMakeFiles/ADX-ddsPIO.dir/Users/PCOLLA/.pico-sdk/sdk/2.2.0/src/rp2_common/pico_runtime/runtime.c.o
                0x10001e60                runtime_run_per_core_initializers
 .text.runtime_init_early_resets
                0x10001e88       0x2c CMakeFiles/ADX-ddsPIO.dir/Users/PCOLLA/.pico-sdk/sdk/2.2.0/src/rp2_common/pico_runtime_init/runtime_init.c.o
                0x10001e88                runtime_init_early_resets
 .text.runtime_init_usb_power_down
                0x10001eb4       0x1c CMakeFiles/ADX-ddsPIO.dir/Users/PCOLLA/.pico-sdk/sdk/2.2.0/src/rp2_common/pico_runtime_init/runtime_init.c.o
                0x10001eb4                runtime_init_usb_power_down
 .text.runtime_init_post_clock_resets
                0x10001ed0       0x20 CMakeFiles/ADX-ddsPIO.dir/Users/PCOLLA/.pico-sdk/sdk/2.2.0/src/rp2_common/pico_runtime_init/runtime_init.c.o
                0x10001ed0                runtime_init_post_clock_resets
 .text.runtime_init_rp2040_gpio_ie_disable
                0x10001ef0       0x14 CMakeFiles/ADX-ddsPIO.dir/Users/PCOLLA/.pico-sdk/sdk/2.2.0/src/rp2_common/pico_runtime_init/runtime_init.c.o
                0x10001ef0                runtime_init_rp2040_gpio_ie_disable
 .text.runtime_init_spin_locks_reset
                0x10001f04        0x8 CMakeFiles/ADX-ddsPIO.dir/Users/PCOLLA/.pico-sdk/sdk/2.2.0/src/rp2_common/pico_runtime_init/runtime_init.c.o
                0x10001f04                runtime_init_spin_locks_reset
 .text.runtime_init_install_ram_vector_table
                0x10001f0c       0xb8 CMakeFiles/ADX-ddsPIO.dir/Users/PCOLLA/.pico-sdk/sdk/2.2.0/src/rp2_common/pico_runtime_init/runtime_init.c.o
                0x10001f0c                runtime_init_install_ram_vector_table
 .text.runtime_init_clocks
                0x10001fc4       0xd8 CMakeFiles/ADX-ddsPIO.dir/Users/PCOLLA/.pico-sdk/sdk/2.2.0/src/rp2_common/pico_runtime_init/runtime_init_clocks.c.o
                0x10001fc4                runtime_init_clocks
 .text          0x1000209c       0x10 CMakeFiles/ADX-ddsPIO.dir/Users/PCOLLA/.pico-sdk/sdk/2.2.0/src/rp2_common/pico_bit_ops/bit_ops_aeabi.S.o
 .text.__wrap___aeabi_idiv
                0x100020ac       0x50 CMakeFiles/ADX-ddsPIO.dir/Users/PCOLLA/.pico-sdk/sdk/2.2.0/src/rp2_common/pico_divider/divider_hardware.S.o
                0x100020ac                __wrap___aeabi_idivmod
                0x100020ac                divmod_s32s32
                0x100020ac                div_s32s32
                0x100020ac                __wrap___aeabi_idiv
                0x100020b4                divmod_s32s32_unsafe
                0x100020e0                divmod_s32s32_savestate
 .text.__wrap___aeabi_uidiv
                0x100020fc       0x4c CMakeFiles/ADX-ddsPIO.dir/Users/PCOLLA/.pico-sdk/sdk/2.2.0/src/rp2_common/pico_divider/divider_hardware.S.o
                0x100020fc                __wrap___aeabi_uidiv
                0x100020fc                __wrap___aeabi_uidivmod
                0x100020fc                div_u32u32
                0x100020fc                divmod_u32u32
                0x10002104                divmod_u32u32_unsafe
                0x1000212c                divmod_u32u32_savestate
 .text.__wrap___aeabi_ldiv
                0x10002148      0x424 CMakeFiles/ADX-ddsPIO.dir/Users/PCOLLA/.pico-sdk/sdk/2.2.0/src/rp2_common/pico_divider/divider_hardware.S.o
                0x10002148                __wrap___aeabi_ldivmod
                0x10002148                div_s64s64
                0x10002148                divmod_s64s64
                0x10002178                divmod_u64u64
                0x10002178                div_u64u64
                0x10002178                __wrap___aeabi_uldivmod
                0x10002188                divmod_u64u64_savestate
                0x100021a8                divmod_s64s64_unsafe
                0x10002230                divmod_u64u64_unsafe
 .text.__wrap___aeabi_darithmetic
                0x1000256c       0x80 CMakeFiles/ADX-ddsPIO.dir/Users/PCOLLA/.pico-sdk/sdk/2.2.0/src/rp2_common/pico_double/double_aeabi_rp2040.S.o
                0x1000256c                __wrap___aeabi_drsub
                0x10002572                __wrap___aeabi_dsub
                0x10002584                __wrap___aeabi_dadd
                0x10002596                __wrap___aeabi_ddiv
                0x100025d2                __wrap___aeabi_dmul
 .text.__wrap___aeabi_cdcmple
                0x100025ec       0x6c CMakeFiles/ADX-ddsPIO.dir/Users/PCOLLA/.pico-sdk/sdk/2.2.0/src/rp2_common/pico_double/double_aeabi_rp2040.S.o
                0x100025ec                __wrap___aeabi_cdrcmple
                0x100025fc                __wrap___aeabi_cdcmple
                0x100025fc                __wrap___aeabi_cdcmpeq
 .text.__wrap___aeabi_dcmplt
                0x10002658        0xc CMakeFiles/ADX-ddsPIO.dir/Users/PCOLLA/.pico-sdk/sdk/2.2.0/src/rp2_common/pico_double/double_aeabi_rp2040.S.o
                0x10002658                __wrap___aeabi_dcmplt
 .text.__wrap___aeabi_dcmple
                0x10002664       0x10 CMakeFiles/ADX-ddsPIO.dir/Users/PCOLLA/.pico-sdk/sdk/2.2.0/src/rp2_common/pico_double/double_aeabi_rp2040.S.o
                0x10002664                __wrap___aeabi_dcmple
 .text.__wrap___aeabi_dcmpge
                0x10002674       0x10 CMakeFiles/ADX-ddsPIO.dir/Users/PCOLLA/.pico-sdk/sdk/2.2.0/src/rp2_common/pico_double/double_aeabi_rp2040.S.o
                0x10002674                __wrap___aeabi_dcmpge
 .text.__wrap___aeabi_dcmpgt
                0x10002684        0xa CMakeFiles/ADX-ddsPIO.dir/Users/PCOLLA/.pico-sdk/sdk/2.2.0/src/rp2_common/pico_double/double_aeabi_rp2040.S.o
                0x10002684                __wrap___aeabi_dcmpgt
 .text.__wrap___aeabi_dcmpun
                0x1000268e       0x18 CMakeFiles/ADX-ddsPIO.dir/Users/PCOLLA/.pico-sdk/sdk/2.2.0/src/rp2_common/pico_double/double_aeabi_rp2040.S.o
                0x1000268e                __wrap___aeabi_dcmpun
 *fill*         0x100026a6        0x2 
 .text.__wrap___aeabi_i2d
                0x100026a8       0x38 CMakeFiles/ADX-ddsPIO.dir/Users/PCOLLA/.pico-sdk/sdk/2.2.0/src/rp2_common/pico_double/double_aeabi_rp2040.S.o
                0x100026a8                __wrap___aeabi_ui2d
                0x100026a8                uint2double
                0x100026b0                __wrap___aeabi_i2d
                0x100026b0                int2double
 .text.__wrap___aeabi_d2iz
                0x100026e0       0x48 CMakeFiles/ADX-ddsPIO.dir/Users/PCOLLA/.pico-sdk/sdk/2.2.0/src/rp2_common/pico_double/double_aeabi_rp2040.S.o
                0x100026e0                __wrap___aeabi_d2iz
                0x100026e0                double2int_z
 .text.__wrap___aeabi_d2uiz
                0x10002728       0x18 CMakeFiles/ADX-ddsPIO.dir/Users/PCOLLA/.pico-sdk/sdk/2.2.0/src/rp2_common/pico_double/double_aeabi_rp2040.S.o
                0x10002728                double2uint_z
                0x10002728                double2uint
                0x10002728                __wrap___aeabi_d2uiz
 .text.__aeabi_double_init
                0x10002740       0xa4 CMakeFiles/ADX-ddsPIO.dir/Users/PCOLLA/.pico-sdk/sdk/2.2.0/src/rp2_common/pico_double/double_init_rom_rp2040.c.o
                0x10002740                __aeabi_double_init
 .text.double_table_shim_on_use_helper
                0x100027e4       0x2c CMakeFiles/ADX-ddsPIO.dir/Users/PCOLLA/.pico-sdk/sdk/2.2.0/src/rp2_common/pico_double/double_v1_rom_shim_rp2040.S.o
                0x100027e4                double_table_shim_on_use_helper
 .text.__wrap___aeabi_dsub
                0x10002810       0x10 CMakeFiles/ADX-ddsPIO.dir/Users/PCOLLA/.pico-sdk/sdk/2.2.0/src/rp2_common/pico_double/double_v1_rom_shim_rp2040.S.o
                0x10002810                drsub_shim
                0x10002816                dsub_shim
 .text.dadd_shim
                0x10002820      0x15c CMakeFiles/ADX-ddsPIO.dir/Users/PCOLLA/.pico-sdk/sdk/2.2.0/src/rp2_common/pico_double/double_v1_rom_shim_rp2040.S.o
                0x10002820                dadd_shim
 .text.dmul_shim
                0x1000297c      0x15c CMakeFiles/ADX-ddsPIO.dir/Users/PCOLLA/.pico-sdk/sdk/2.2.0/src/rp2_common/pico_double/double_v1_rom_shim_rp2040.S.o
                0x1000297c                dmul_shim
 .text.ddiv_shim
                0x10002ad8      0x1b0 CMakeFiles/ADX-ddsPIO.dir/Users/PCOLLA/.pico-sdk/sdk/2.2.0/src/rp2_common/pico_double/double_v1_rom_shim_rp2040.S.o
                0x10002ad8                ddiv_shim
 .text.double2uint_shim
                0x10002c88        0xe CMakeFiles/ADX-ddsPIO.dir/Users/PCOLLA/.pico-sdk/sdk/2.2.0/src/rp2_common/pico_double/double_v1_rom_shim_rp2040.S.o
                0x10002c88                double2uint_shim
                0x10002c8a                double2ufix_shim
 *fill*         0x10002c96        0x2 
 .text.double2uint64_shim
                0x10002c98       0x70 CMakeFiles/ADX-ddsPIO.dir/Users/PCOLLA/.pico-sdk/sdk/2.2.0/src/rp2_common/pico_double/double_v1_rom_shim_rp2040.S.o
                0x10002c98                double2uint64_shim
                0x10002c9a                double2ufix64_shim
                0x10002cba                d2fix_a
 .text.dunpacks
                0x10002d08       0x3c CMakeFiles/ADX-ddsPIO.dir/Users/PCOLLA/.pico-sdk/sdk/2.2.0/src/rp2_common/pico_double/double_v1_rom_shim_rp2040.S.o
                0x10002d08                dunpacks
 .text.__aeabi_lmul
                0x10002d44       0x32 CMakeFiles/ADX-ddsPIO.dir/Users/PCOLLA/.pico-sdk/sdk/2.2.0/src/rp2_common/pico_int64_ops/pico_int64_ops_aeabi.S.o
                0x10002d44                __wrap___aeabi_lmul
 *fill*         0x10002d76        0x2 
 .text.__aeabi_float_init
                0x10002d78       0x68 CMakeFiles/ADX-ddsPIO.dir/Users/PCOLLA/.pico-sdk/sdk/2.2.0/src/rp2_common/pico_float/float_init_rom_rp2040.c.o
                0x10002d78                __aeabi_float_init
 .text.float_table_shim_on_use_helper
                0x10002de0       0x2c CMakeFiles/ADX-ddsPIO.dir/Users/PCOLLA/.pico-sdk/sdk/2.2.0/src/rp2_common/pico_float/float_v1_rom_shim_rp2040.S.o
                0x10002de0                float_table_shim_on_use_helper
 .text          0x10002e0c       0x10 CMakeFiles/ADX-ddsPIO.dir/Users/PCOLLA/.pico-sdk/sdk/2.2.0/src/rp2_common/pico_mem_ops/mem_ops_aeabi.S.o
                0x10002e0c                __aeabi_mem_init
 .text.memset   0x10002e1c        0xc CMakeFiles/ADX-ddsPIO.dir/Users/PCOLLA/.pico-sdk/sdk/2.2.0/src/rp2_common/pico_mem_ops/mem_ops_aeabi.S.o
                0x10002e1c                __wrap_memset
 .text.memcpy   0x10002e28        0xc CMakeFiles/ADX-ddsPIO.dir/Users/PCOLLA/.pico-sdk/sdk/2.2.0/src/rp2_common/pico_mem_ops/mem_ops_aeabi.S.o
                0x10002e28                __wrap___aeabi_memcpy
                0x10002e28                __wrap_memcpy
 .text._out_buffer
                0x10002e34        0x8 CMakeFiles/ADX-ddsPIO.dir/Users/PCOLLA/.pico-sdk/sdk/2.2.0/src/rp2_common/pico_printf/printf.c.o
 .text._out_null
                0x10002e3c        0x4 CMakeFiles/ADX-ddsPIO.dir/Users/PCOLLA/.pico-sdk/sdk/2.2.0/src/rp2_common/pico_printf/printf.c.o
 .text._out_rev
                0x10002e40       0xa8 CMakeFiles/ADX-ddsPIO.dir/Users/PCOLLA/.pico-sdk/sdk/2.2.0/src/rp2_common/pico_printf/printf.c.o
 .text._ntoa_format
                0x10002ee8      0x1d8 CMakeFiles/ADX-ddsPIO.dir/Users/PCOLLA/.pico-sdk/sdk/2.2.0/src/rp2_common/pico_printf/printf.c.o
 .text._out_char
                0x100030c0       0x10 CMakeFiles/ADX-ddsPIO.dir/Users/PCOLLA/.pico-sdk/sdk/2.2.0/src/rp2_common/pico_printf/printf.c.o
 .text._out_fct
                0x100030d0       0x10 CMakeFiles/ADX-ddsPIO.dir/Users/PCOLLA/.pico-sdk/sdk/2.2.0/src/rp2_common/pico_printf/printf.c.o
 .text._ftoa    0x100030e0      0x474 CMakeFiles/ADX-ddsPIO.dir/Users/PCOLLA/.pico-sdk/sdk/2.2.0/src/rp2_common/pico_printf/printf.c.o
 .text._etoa    0x10003554      0x560 CMakeFiles/ADX-ddsPIO.dir/Users/PCOLLA/.pico-sdk/sdk/2.2.0/src/rp2_common/pico_printf/printf.c.o
 .text._vsnprintf
                0x10003ab4      0xab8 CMakeFiles/ADX-ddsPIO.dir/Users/PCOLLA/.pico-sdk/sdk/2.2.0/src/rp2_common/pico_printf/printf.c.o
 .text.__wrap_sprintf
                0x1000456c       0x28 CMakeFiles/ADX-ddsPIO.dir/Users/PCOLLA/.pico-sdk/sdk/2.2.0/src/rp2_common/pico_printf/printf.c.o
                0x1000456c                __wrap_sprintf
 .text.vfctprintf
                0x10004594       0x20 CMakeFiles/ADX-ddsPIO.dir/Users/PCOLLA/.pico-sdk/sdk/2.2.0/src/rp2_common/pico_printf/printf.c.o
                0x10004594                vfctprintf
 .text.weak_raw_vprintf
                0x100045b4       0x30 CMakeFiles/ADX-ddsPIO.dir/Users/PCOLLA/.pico-sdk/sdk/2.2.0/src/rp2_common/pico_printf/printf.c.o
                0x100045b4                weak_raw_vprintf
 .text._exit    0x100045e4        0x4 CMakeFiles/ADX-ddsPIO.dir/Users/PCOLLA/.pico-sdk/sdk/2.2.0/src/rp2_common/pico_clib_interface/newlib_interface.c.o
                0x100045e4                _exit
 .text._sbrk    0x100045e8       0x34 CMakeFiles/ADX-ddsPIO.dir/Users/PCOLLA/.pico-sdk/sdk/2.2.0/src/rp2_common/pico_clib_interface/newlib_interface.c.o
                0x100045e8                _sbrk
 .text._read    0x1000461c       0x20 CMakeFiles/ADX-ddsPIO.dir/Users/PCOLLA/.pico-sdk/sdk/2.2.0/src/rp2_common/pico_clib_interface/newlib_interface.c.o
                0x1000461c                _read
 .text._write   0x1000463c       0x20 CMakeFiles/ADX-ddsPIO.dir/Users/PCOLLA/.pico-sdk/sdk/2.2.0/src/rp2_common/pico_clib_interface/newlib_interface.c.o
                0x1000463c                _write
 .text._close   0x1000465c        0x8 CMakeFiles/ADX-ddsPIO.dir/Users/PCOLLA/.pico-sdk/sdk/2.2.0/src/rp2_common/pico_clib_interface/newlib_interface.c.o
                0x1000465c                _close
 .text._lseek   0x10004664        0x8 CMakeFiles/ADX-ddsPIO.dir/Users/PCOLLA/.pico-sdk/sdk/2.2.0/src/rp2_common/pico_clib_interface/newlib_interface.c.o
                0x10004664                _lseek
 .text.exit     0x1000466c        0x8 CMakeFiles/ADX-ddsPIO.dir/Users/PCOLLA/.pico-sdk/sdk/2.2.0/src/rp2_common/pico_clib_interface/newlib_interface.c.o
                0x1000466c                exit
 .text.runtime_init
                0x10004674       0x2c CMakeFiles/ADX-ddsPIO.dir/Users/PCOLLA/.pico-sdk/sdk/2.2.0/src/rp2_common/pico_clib_interface/newlib_interface.c.o
                0x10004674                runtime_init
 .text.stdio_out_chars_no_crlf
                0x100046a0       0x10 CMakeFiles/ADX-ddsPIO.dir/Users/PCOLLA/.pico-sdk/sdk/2.2.0/src/rp2_common/pico_stdio/stdio.c.o
 .text.stdio_out_chars_crlf
                0x100046b0       0x90 CMakeFiles/ADX-ddsPIO.dir/Users/PCOLLA/.pico-sdk/sdk/2.2.0/src/rp2_common/pico_stdio/stdio.c.o
 .text.stdio_buffered_printer
                0x10004740       0x64 CMakeFiles/ADX-ddsPIO.dir/Users/PCOLLA/.pico-sdk/sdk/2.2.0/src/rp2_common/pico_stdio/stdio.c.o
 .text.stdio_put_string
                0x100047a4       0xf4 CMakeFiles/ADX-ddsPIO.dir/Users/PCOLLA/.pico-sdk/sdk/2.2.0/src/rp2_common/pico_stdio/stdio.c.o
                0x100047a4                stdio_put_string
 .text.stdio_get_until
                0x10004898       0x7c CMakeFiles/ADX-ddsPIO.dir/Users/PCOLLA/.pico-sdk/sdk/2.2.0/src/rp2_common/pico_stdio/stdio.c.o
                0x10004898                stdio_get_until
 .text.stdio_set_driver_enabled
                0x10004914       0x30 CMakeFiles/ADX-ddsPIO.dir/Users/PCOLLA/.pico-sdk/sdk/2.2.0/src/rp2_common/pico_stdio/stdio.c.o
                0x10004914                stdio_set_driver_enabled
 .text.stdio_init_all
                0x10004944        0x8 CMakeFiles/ADX-ddsPIO.dir/Users/PCOLLA/.pico-sdk/sdk/2.2.0/src/rp2_common/pico_stdio/stdio.c.o
                0x10004944                stdio_init_all
 .text.__wrap_putchar
                0x1000494c       0x94 CMakeFiles/ADX-ddsPIO.dir/Users/PCOLLA/.pico-sdk/sdk/2.2.0/src/rp2_common/pico_stdio/stdio.c.o
                0x1000494c                stdio_putchar
                0x1000494c                __wrap_putchar
 .text.__wrap_puts
                0x100049e0       0x3c CMakeFiles/ADX-ddsPIO.dir/Users/PCOLLA/.pico-sdk/sdk/2.2.0/src/rp2_common/pico_stdio/stdio.c.o
                0x100049e0                __wrap_puts
                0x100049e0                stdio_puts
 .text.__wrap_vprintf
                0x10004a1c       0xc8 CMakeFiles/ADX-ddsPIO.dir/Users/PCOLLA/.pico-sdk/sdk/2.2.0/src/rp2_common/pico_stdio/stdio.c.o
                0x10004a1c                __wrap_vprintf
                0x10004a1c                stdio_vprintf
 .text.__wrap_printf
                0x10004ae4       0x18 CMakeFiles/ADX-ddsPIO.dir/Users/PCOLLA/.pico-sdk/sdk/2.2.0/src/rp2_common/pico_stdio/stdio.c.o
                0x10004ae4                stdio_printf
                0x10004ae4                __wrap_printf
 .text.resetd_init
                0x10004afc        0x4 CMakeFiles/ADX-ddsPIO.dir/Users/PCOLLA/.pico-sdk/sdk/2.2.0/src/rp2_common/pico_stdio_usb/reset_interface.c.o
 .text.resetd_reset
                0x10004b00        0xc CMakeFiles/ADX-ddsPIO.dir/Users/PCOLLA/.pico-sdk/sdk/2.2.0/src/rp2_common/pico_stdio_usb/reset_interface.c.o
 .text.resetd_open
                0x10004b0c       0x28 CMakeFiles/ADX-ddsPIO.dir/Users/PCOLLA/.pico-sdk/sdk/2.2.0/src/rp2_common/pico_stdio_usb/reset_interface.c.o
 .text.resetd_xfer_cb
                0x10004b34        0x4 CMakeFiles/ADX-ddsPIO.dir/Users/PCOLLA/.pico-sdk/sdk/2.2.0/src/rp2_common/pico_stdio_usb/reset_interface.c.o
 .text.resetd_control_xfer_cb
                0x10004b38       0x54 CMakeFiles/ADX-ddsPIO.dir/Users/PCOLLA/.pico-sdk/sdk/2.2.0/src/rp2_common/pico_stdio_usb/reset_interface.c.o
 .text.tud_descriptor_bos_cb
                0x10004b8c        0x8 CMakeFiles/ADX-ddsPIO.dir/Users/PCOLLA/.pico-sdk/sdk/2.2.0/src/rp2_common/pico_stdio_usb/reset_interface.c.o
                0x10004b8c                tud_descriptor_bos_cb
 .text.tud_vendor_control_xfer_cb
                0x10004b94       0x38 CMakeFiles/ADX-ddsPIO.dir/Users/PCOLLA/.pico-sdk/sdk/2.2.0/src/rp2_common/pico_stdio_usb/reset_interface.c.o
                0x10004b94                tud_vendor_control_xfer_cb
 .text.usbd_app_driver_get_cb
                0x10004bcc        0xc CMakeFiles/ADX-ddsPIO.dir/Users/PCOLLA/.pico-sdk/sdk/2.2.0/src/rp2_common/pico_stdio_usb/reset_interface.c.o
                0x10004bcc                usbd_app_driver_get_cb
 .text.tud_cdc_line_coding_cb
                0x10004bd8       0x2c CMakeFiles/ADX-ddsPIO.dir/Users/PCOLLA/.pico-sdk/sdk/2.2.0/src/rp2_common/pico_stdio_usb/reset_interface.c.o
                0x10004bd8                tud_cdc_line_coding_cb
 .text.stdio_usb_set_chars_available_callback
                0x10004c04       0x14 CMakeFiles/ADX-ddsPIO.dir/Users/PCOLLA/.pico-sdk/sdk/2.2.0/src/rp2_common/pico_stdio_usb/stdio_usb.c.o
                0x10004c04                stdio_usb_set_chars_available_callback
 .text.usb_irq  0x10004c18       0x10 CMakeFiles/ADX-ddsPIO.dir/Users/PCOLLA/.pico-sdk/sdk/2.2.0/src/rp2_common/pico_stdio_usb/stdio_usb.c.o
 .text.timer_task
                0x10004c28       0x64 CMakeFiles/ADX-ddsPIO.dir/Users/PCOLLA/.pico-sdk/sdk/2.2.0/src/rp2_common/pico_stdio_usb/stdio_usb.c.o
 .text.stdio_usb_in_chars
                0x10004c8c       0x8c CMakeFiles/ADX-ddsPIO.dir/Users/PCOLLA/.pico-sdk/sdk/2.2.0/src/rp2_common/pico_stdio_usb/stdio_usb.c.o
                0x10004c8c                stdio_usb_in_chars
 .text.stdio_usb_out_flush
                0x10004d18       0x4c CMakeFiles/ADX-ddsPIO.dir/Users/PCOLLA/.pico-sdk/sdk/2.2.0/src/rp2_common/pico_stdio_usb/stdio_usb.c.o
 .text.stdio_usb_out_chars
                0x10004d64       0xf8 CMakeFiles/ADX-ddsPIO.dir/Users/PCOLLA/.pico-sdk/sdk/2.2.0/src/rp2_common/pico_stdio_usb/stdio_usb.c.o
 .text.low_priority_worker_irq
                0x10004e5c       0xc4 CMakeFiles/ADX-ddsPIO.dir/Users/PCOLLA/.pico-sdk/sdk/2.2.0/src/rp2_common/pico_stdio_usb/stdio_usb.c.o
 .text.stdio_usb_init
                0x10004f20       0xe4 CMakeFiles/ADX-ddsPIO.dir/Users/PCOLLA/.pico-sdk/sdk/2.2.0/src/rp2_common/pico_stdio_usb/stdio_usb.c.o
                0x10004f20                stdio_usb_init
 .text.stdio_usb_connected
                0x10005004        0xc CMakeFiles/ADX-ddsPIO.dir/Users/PCOLLA/.pico-sdk/sdk/2.2.0/src/rp2_common/pico_stdio_usb/stdio_usb.c.o
                0x10005004                stdio_usb_connected
 .text.tud_descriptor_device_cb
                0x10005010        0x8 CMakeFiles/ADX-ddsPIO.dir/Users/PCOLLA/.pico-sdk/sdk/2.2.0/src/rp2_common/pico_stdio_usb/stdio_usb_descriptors.c.o
                0x10005010                tud_descriptor_device_cb
 .text.tud_descriptor_configuration_cb
                0x10005018        0x8 CMakeFiles/ADX-ddsPIO.dir/Users/PCOLLA/.pico-sdk/sdk/2.2.0/src/rp2_common/pico_stdio_usb/stdio_usb_descriptors.c.o
                0x10005018                tud_descriptor_configuration_cb
 .text.tud_descriptor_string_cb
                0x10005020       0x70 CMakeFiles/ADX-ddsPIO.dir/Users/PCOLLA/.pico-sdk/sdk/2.2.0/src/rp2_common/pico_stdio_usb/stdio_usb_descriptors.c.o
                0x10005020                tud_descriptor_string_cb
 .text.startup._retrieve_unique_id_on_boot
                0x10005090       0x10 CMakeFiles/ADX-ddsPIO.dir/Users/PCOLLA/.pico-sdk/sdk/2.2.0/src/rp2_common/pico_unique_id/unique_id.c.o
 .text.pico_get_unique_board_id_string
                0x100050a0      0x1e0 CMakeFiles/ADX-ddsPIO.dir/Users/PCOLLA/.pico-sdk/sdk/2.2.0/src/rp2_common/pico_unique_id/unique_id.c.o
                0x100050a0                pico_get_unique_board_id_string
 .text.flash_get_unique_id
                0x10005280       0x3c CMakeFiles/ADX-ddsPIO.dir/Users/PCOLLA/.pico-sdk/sdk/2.2.0/src/rp2_common/hardware_flash/flash.c.o
                0x10005280                flash_get_unique_id
 .text.dcd_init
                0x100052bc       0x90 CMakeFiles/ADX-ddsPIO.dir/Users/PCOLLA/.pico-sdk/sdk/2.2.0/lib/tinyusb/src/portable/raspberrypi/rp2040/dcd_rp2040.c.o
                0x100052bc                dcd_init
 .text.dcd_int_enable
                0x1000534c        0xc CMakeFiles/ADX-ddsPIO.dir/Users/PCOLLA/.pico-sdk/sdk/2.2.0/lib/tinyusb/src/portable/raspberrypi/rp2040/dcd_rp2040.c.o
                0x1000534c                dcd_int_enable
 .text.dcd_set_address
                0x10005358       0x14 CMakeFiles/ADX-ddsPIO.dir/Users/PCOLLA/.pico-sdk/sdk/2.2.0/lib/tinyusb/src/portable/raspberrypi/rp2040/dcd_rp2040.c.o
                0x10005358                dcd_set_address
 .text.dcd_sof_enable
                0x1000536c       0x1c CMakeFiles/ADX-ddsPIO.dir/Users/PCOLLA/.pico-sdk/sdk/2.2.0/lib/tinyusb/src/portable/raspberrypi/rp2040/dcd_rp2040.c.o
                0x1000536c                dcd_sof_enable
 .text.dcd_edpt0_status_complete
                0x10005388       0x1c CMakeFiles/ADX-ddsPIO.dir/Users/PCOLLA/.pico-sdk/sdk/2.2.0/lib/tinyusb/src/portable/raspberrypi/rp2040/dcd_rp2040.c.o
                0x10005388                dcd_edpt0_status_complete
 .text.dcd_edpt_open
                0x100053a4      0x114 CMakeFiles/ADX-ddsPIO.dir/Users/PCOLLA/.pico-sdk/sdk/2.2.0/lib/tinyusb/src/portable/raspberrypi/rp2040/dcd_rp2040.c.o
                0x100053a4                dcd_edpt_open
 .text.dcd_edpt_close_all
                0x100054b8        0x8 CMakeFiles/ADX-ddsPIO.dir/Users/PCOLLA/.pico-sdk/sdk/2.2.0/lib/tinyusb/src/portable/raspberrypi/rp2040/dcd_rp2040.c.o
                0x100054b8                dcd_edpt_close_all
 .text.dcd_edpt_xfer
                0x100054c0       0x24 CMakeFiles/ADX-ddsPIO.dir/Users/PCOLLA/.pico-sdk/sdk/2.2.0/lib/tinyusb/src/portable/raspberrypi/rp2040/dcd_rp2040.c.o
                0x100054c0                dcd_edpt_xfer
 .text.dcd_edpt_stall
                0x100054e4       0x3c CMakeFiles/ADX-ddsPIO.dir/Users/PCOLLA/.pico-sdk/sdk/2.2.0/lib/tinyusb/src/portable/raspberrypi/rp2040/dcd_rp2040.c.o
                0x100054e4                dcd_edpt_stall
 .text.dcd_edpt_clear_stall
                0x10005520       0x30 CMakeFiles/ADX-ddsPIO.dir/Users/PCOLLA/.pico-sdk/sdk/2.2.0/lib/tinyusb/src/portable/raspberrypi/rp2040/dcd_rp2040.c.o
                0x10005520                dcd_edpt_clear_stall
 .text.rp2040_usb_init
                0x10005550       0x40 CMakeFiles/ADX-ddsPIO.dir/Users/PCOLLA/.pico-sdk/sdk/2.2.0/lib/tinyusb/src/portable/raspberrypi/rp2040/rp2040_usb.c.o
                0x10005550                rp2040_usb_init
 .text.hw_endpoint_xfer_start
                0x10005590       0x40 CMakeFiles/ADX-ddsPIO.dir/Users/PCOLLA/.pico-sdk/sdk/2.2.0/lib/tinyusb/src/portable/raspberrypi/rp2040/rp2040_usb.c.o
                0x10005590                hw_endpoint_xfer_start
 .text.tud_event_hook_cb
                0x100055d0        0x4 CMakeFiles/ADX-ddsPIO.dir/Users/PCOLLA/.pico-sdk/sdk/2.2.0/lib/tinyusb/src/device/usbd.c.o
                0x100055d0                tud_event_hook_cb
 .text.tud_sof_cb
                0x100055d4        0x4 CMakeFiles/ADX-ddsPIO.dir/Users/PCOLLA/.pico-sdk/sdk/2.2.0/lib/tinyusb/src/device/usbd.c.o
                0x100055d4                tud_sof_cb
 .text.tud_descriptor_device_qualifier_cb
                0x100055d8        0x4 CMakeFiles/ADX-ddsPIO.dir/Users/PCOLLA/.pico-sdk/sdk/2.2.0/lib/tinyusb/src/device/usbd.c.o
                0x100055d8                tud_descriptor_device_qualifier_cb
 .text.tud_descriptor_other_speed_configuration_cb
                0x100055dc        0x4 CMakeFiles/ADX-ddsPIO.dir/Users/PCOLLA/.pico-sdk/sdk/2.2.0/lib/tinyusb/src/device/usbd.c.o
                0x100055dc                tud_descriptor_other_speed_configuration_cb
 .text.tud_mount_cb
                0x100055e0        0x4 CMakeFiles/ADX-ddsPIO.dir/Users/PCOLLA/.pico-sdk/sdk/2.2.0/lib/tinyusb/src/device/usbd.c.o
                0x100055e0                tud_mount_cb
 .text.tud_umount_cb
                0x100055e4        0x4 CMakeFiles/ADX-ddsPIO.dir/Users/PCOLLA/.pico-sdk/sdk/2.2.0/lib/tinyusb/src/device/usbd.c.o
                0x100055e4                tud_umount_cb
 .text.tud_suspend_cb
                0x100055e8        0x4 CMakeFiles/ADX-ddsPIO.dir/Users/PCOLLA/.pico-sdk/sdk/2.2.0/lib/tinyusb/src/device/usbd.c.o
                0x100055e8                tud_suspend_cb
 .text.tud_resume_cb
                0x100055ec        0x4 CMakeFiles/ADX-ddsPIO.dir/Users/PCOLLA/.pico-sdk/sdk/2.2.0/lib/tinyusb/src/device/usbd.c.o
                0x100055ec                tud_resume_cb
 .text.tud_mounted
                0x100055f0       0x10 CMakeFiles/ADX-ddsPIO.dir/Users/PCOLLA/.pico-sdk/sdk/2.2.0/lib/tinyusb/src/device/usbd.c.o
                0x100055f0                tud_mounted
 .text.tud_suspended
                0x10005600       0x10 CMakeFiles/ADX-ddsPIO.dir/Users/PCOLLA/.pico-sdk/sdk/2.2.0/lib/tinyusb/src/device/usbd.c.o
                0x10005600                tud_suspended
 .text.tud_rhport_init
                0x10005610       0xf0 CMakeFiles/ADX-ddsPIO.dir/Users/PCOLLA/.pico-sdk/sdk/2.2.0/lib/tinyusb/src/device/usbd.c.o
                0x10005610                tud_rhport_init
 .text.tud_task_ext
                0x10005700      0x7fc CMakeFiles/ADX-ddsPIO.dir/Users/PCOLLA/.pico-sdk/sdk/2.2.0/lib/tinyusb/src/device/usbd.c.o
                0x10005700                tud_task_ext
 .text.usbd_open_edpt_pair
                0x10005efc       0x98 CMakeFiles/ADX-ddsPIO.dir/Users/PCOLLA/.pico-sdk/sdk/2.2.0/lib/tinyusb/src/device/usbd.c.o
                0x10005efc                usbd_open_edpt_pair
 .text.usbd_edpt_open
                0x10005f94       0x34 CMakeFiles/ADX-ddsPIO.dir/Users/PCOLLA/.pico-sdk/sdk/2.2.0/lib/tinyusb/src/device/usbd.c.o
                0x10005f94                usbd_edpt_open
 .text.usbd_edpt_claim
                0x10005fc8       0x28 CMakeFiles/ADX-ddsPIO.dir/Users/PCOLLA/.pico-sdk/sdk/2.2.0/lib/tinyusb/src/device/usbd.c.o
                0x10005fc8                usbd_edpt_claim
 .text.usbd_edpt_release
                0x10005ff0       0x28 CMakeFiles/ADX-ddsPIO.dir/Users/PCOLLA/.pico-sdk/sdk/2.2.0/lib/tinyusb/src/device/usbd.c.o
                0x10005ff0                usbd_edpt_release
 .text.usbd_edpt_xfer
                0x10006018       0x50 CMakeFiles/ADX-ddsPIO.dir/Users/PCOLLA/.pico-sdk/sdk/2.2.0/lib/tinyusb/src/device/usbd.c.o
                0x10006018                usbd_edpt_xfer
 .text.tud_control_status
                0x10006068       0x2c CMakeFiles/ADX-ddsPIO.dir/Users/PCOLLA/.pico-sdk/sdk/2.2.0/lib/tinyusb/src/device/usbd_control.c.o
                0x10006068                tud_control_status
 .text.tud_control_xfer
                0x10006094       0xa0 CMakeFiles/ADX-ddsPIO.dir/Users/PCOLLA/.pico-sdk/sdk/2.2.0/lib/tinyusb/src/device/usbd_control.c.o
                0x10006094                tud_control_xfer
 .text.usbd_control_reset
                0x10006134       0x14 CMakeFiles/ADX-ddsPIO.dir/Users/PCOLLA/.pico-sdk/sdk/2.2.0/lib/tinyusb/src/device/usbd_control.c.o
                0x10006134                usbd_control_reset
 .text.usbd_control_set_complete_callback
                0x10006148        0xc CMakeFiles/ADX-ddsPIO.dir/Users/PCOLLA/.pico-sdk/sdk/2.2.0/lib/tinyusb/src/device/usbd_control.c.o
                0x10006148                usbd_control_set_complete_callback
 .text.usbd_control_set_request
                0x10006154       0x1c CMakeFiles/ADX-ddsPIO.dir/Users/PCOLLA/.pico-sdk/sdk/2.2.0/lib/tinyusb/src/device/usbd_control.c.o
                0x10006154                usbd_control_set_request
 .text.usbd_control_xfer_cb
                0x10006170       0xe8 CMakeFiles/ADX-ddsPIO.dir/Users/PCOLLA/.pico-sdk/sdk/2.2.0/lib/tinyusb/src/device/usbd_control.c.o
                0x10006170                usbd_control_xfer_cb
 .text._prep_out_transaction.isra.0
                0x10006258       0x6c CMakeFiles/ADX-ddsPIO.dir/Users/PCOLLA/.pico-sdk/sdk/2.2.0/lib/tinyusb/src/class/cdc/cdc_device.c.o
 .text.tud_cdc_n_connected
                0x100062c4       0x2c CMakeFiles/ADX-ddsPIO.dir/Users/PCOLLA/.pico-sdk/sdk/2.2.0/lib/tinyusb/src/class/cdc/cdc_device.c.o
                0x100062c4                tud_cdc_n_connected
 .text.tud_cdc_n_available
                0x100062f0       0x14 CMakeFiles/ADX-ddsPIO.dir/Users/PCOLLA/.pico-sdk/sdk/2.2.0/lib/tinyusb/src/class/cdc/cdc_device.c.o
                0x100062f0                tud_cdc_n_available
 .text.tud_cdc_n_read
                0x10006304       0x88 CMakeFiles/ADX-ddsPIO.dir/Users/PCOLLA/.pico-sdk/sdk/2.2.0/lib/tinyusb/src/class/cdc/cdc_device.c.o
                0x10006304                tud_cdc_n_read
 .text.tud_cdc_n_write_flush
                0x1000638c       0x78 CMakeFiles/ADX-ddsPIO.dir/Users/PCOLLA/.pico-sdk/sdk/2.2.0/lib/tinyusb/src/class/cdc/cdc_device.c.o
                0x1000638c                tud_cdc_n_write_flush
 .text.tud_cdc_n_write
                0x10006404       0x40 CMakeFiles/ADX-ddsPIO.dir/Users/PCOLLA/.pico-sdk/sdk/2.2.0/lib/tinyusb/src/class/cdc/cdc_device.c.o
                0x10006404                tud_cdc_n_write
 .text.tud_cdc_n_write_available
                0x10006444       0x14 CMakeFiles/ADX-ddsPIO.dir/Users/PCOLLA/.pico-sdk/sdk/2.2.0/lib/tinyusb/src/class/cdc/cdc_device.c.o
                0x10006444                tud_cdc_n_write_available
 .text.cdcd_init
                0x10006458       0x70 CMakeFiles/ADX-ddsPIO.dir/Users/PCOLLA/.pico-sdk/sdk/2.2.0/lib/tinyusb/src/class/cdc/cdc_device.c.o
                0x10006458                cdcd_init
 .text.cdcd_deinit
                0x100064c8       0x30 CMakeFiles/ADX-ddsPIO.dir/Users/PCOLLA/.pico-sdk/sdk/2.2.0/lib/tinyusb/src/class/cdc/cdc_device.c.o
                0x100064c8                cdcd_deinit
 .text.cdcd_reset
                0x100064f8       0x48 CMakeFiles/ADX-ddsPIO.dir/Users/PCOLLA/.pico-sdk/sdk/2.2.0/lib/tinyusb/src/class/cdc/cdc_device.c.o
                0x100064f8                cdcd_reset
 .text.cdcd_open
                0x10006540       0xa8 CMakeFiles/ADX-ddsPIO.dir/Users/PCOLLA/.pico-sdk/sdk/2.2.0/lib/tinyusb/src/class/cdc/cdc_device.c.o
                0x10006540                cdcd_open
 .text.cdcd_control_xfer_cb
                0x100065e8       0xf0 CMakeFiles/ADX-ddsPIO.dir/Users/PCOLLA/.pico-sdk/sdk/2.2.0/lib/tinyusb/src/class/cdc/cdc_device.c.o
                0x100065e8                cdcd_control_xfer_cb
 .text.cdcd_xfer_cb
                0x100066d8       0xf8 CMakeFiles/ADX-ddsPIO.dir/Users/PCOLLA/.pico-sdk/sdk/2.2.0/lib/tinyusb/src/class/cdc/cdc_device.c.o
                0x100066d8                cdcd_xfer_cb
 .text.vendord_init
                0x100067d0       0x5c CMakeFiles/ADX-ddsPIO.dir/Users/PCOLLA/.pico-sdk/sdk/2.2.0/lib/tinyusb/src/class/vendor/vendor_device.c.o
                0x100067d0                vendord_init
 .text.vendord_deinit
                0x1000682c       0x1c CMakeFiles/ADX-ddsPIO.dir/Users/PCOLLA/.pico-sdk/sdk/2.2.0/lib/tinyusb/src/class/vendor/vendor_device.c.o
                0x1000682c                vendord_deinit
 .text.vendord_reset
                0x10006848       0x28 CMakeFiles/ADX-ddsPIO.dir/Users/PCOLLA/.pico-sdk/sdk/2.2.0/lib/tinyusb/src/class/vendor/vendor_device.c.o
                0x10006848                vendord_reset
 .text.vendord_open
                0x10006870      0x104 CMakeFiles/ADX-ddsPIO.dir/Users/PCOLLA/.pico-sdk/sdk/2.2.0/lib/tinyusb/src/class/vendor/vendor_device.c.o
                0x10006870                vendord_open
 .text.vendord_xfer_cb
                0x10006974       0xa0 CMakeFiles/ADX-ddsPIO.dir/Users/PCOLLA/.pico-sdk/sdk/2.2.0/lib/tinyusb/src/class/vendor/vendor_device.c.o
                0x10006974                vendord_xfer_cb
 .text.tusb_rhport_init
                0x10006a14       0x4c CMakeFiles/ADX-ddsPIO.dir/Users/PCOLLA/.pico-sdk/sdk/2.2.0/lib/tinyusb/src/tusb.c.o
                0x10006a14                tusb_rhport_init
 .text.tu_edpt_claim
                0x10006a60       0x50 CMakeFiles/ADX-ddsPIO.dir/Users/PCOLLA/.pico-sdk/sdk/2.2.0/lib/tinyusb/src/tusb.c.o
                0x10006a60                tu_edpt_claim
 .text.tu_edpt_release
                0x10006ab0       0x38 CMakeFiles/ADX-ddsPIO.dir/Users/PCOLLA/.pico-sdk/sdk/2.2.0/lib/tinyusb/src/tusb.c.o
                0x10006ab0                tu_edpt_release
 .text.tu_edpt_validate
                0x10006ae8       0x74 CMakeFiles/ADX-ddsPIO.dir/Users/PCOLLA/.pico-sdk/sdk/2.2.0/lib/tinyusb/src/tusb.c.o
                0x10006ae8                tu_edpt_validate
 .text.tu_edpt_bind_driver
                0x10006b5c       0x34 CMakeFiles/ADX-ddsPIO.dir/Users/PCOLLA/.pico-sdk/sdk/2.2.0/lib/tinyusb/src/tusb.c.o
                0x10006b5c                tu_edpt_bind_driver
 .text.tu_edpt_stream_init
                0x10006b90       0x68 CMakeFiles/ADX-ddsPIO.dir/Users/PCOLLA/.pico-sdk/sdk/2.2.0/lib/tinyusb/src/tusb.c.o
                0x10006b90                tu_edpt_stream_init
 .text.tu_edpt_stream_deinit
                0x10006bf8        0x4 CMakeFiles/ADX-ddsPIO.dir/Users/PCOLLA/.pico-sdk/sdk/2.2.0/lib/tinyusb/src/tusb.c.o
                0x10006bf8                tu_edpt_stream_deinit
 .text.tu_edpt_stream_write_zlp_if_needed
                0x10006bfc       0x64 CMakeFiles/ADX-ddsPIO.dir/Users/PCOLLA/.pico-sdk/sdk/2.2.0/lib/tinyusb/src/tusb.c.o
                0x10006bfc                tu_edpt_stream_write_zlp_if_needed
 .text.tu_edpt_stream_write_xfer
                0x10006c60       0x6c CMakeFiles/ADX-ddsPIO.dir/Users/PCOLLA/.pico-sdk/sdk/2.2.0/lib/tinyusb/src/tusb.c.o
                0x10006c60                tu_edpt_stream_write_xfer
 .text.tu_edpt_stream_read_xfer
                0x10006ccc       0xd8 CMakeFiles/ADX-ddsPIO.dir/Users/PCOLLA/.pico-sdk/sdk/2.2.0/lib/tinyusb/src/tusb.c.o
                0x10006ccc                tu_edpt_stream_read_xfer
 .text.tu_fifo_config
                0x10006da4       0x6c CMakeFiles/ADX-ddsPIO.dir/Users/PCOLLA/.pico-sdk/sdk/2.2.0/lib/tinyusb/src/common/tusb_fifo.c.o
                0x10006da4                tu_fifo_config
 .text.tu_fifo_count
                0x10006e10       0x2c CMakeFiles/ADX-ddsPIO.dir/Users/PCOLLA/.pico-sdk/sdk/2.2.0/lib/tinyusb/src/common/tusb_fifo.c.o
                0x10006e10                tu_fifo_count
 .text.tu_fifo_empty
                0x10006e3c       0x10 CMakeFiles/ADX-ddsPIO.dir/Users/PCOLLA/.pico-sdk/sdk/2.2.0/lib/tinyusb/src/common/tusb_fifo.c.o
                0x10006e3c                tu_fifo_empty
 .text.tu_fifo_remaining
                0x10006e4c       0x2c CMakeFiles/ADX-ddsPIO.dir/Users/PCOLLA/.pico-sdk/sdk/2.2.0/lib/tinyusb/src/common/tusb_fifo.c.o
                0x10006e4c                tu_fifo_remaining
 .text.tu_fifo_read
                0x10006e78       0x9c CMakeFiles/ADX-ddsPIO.dir/Users/PCOLLA/.pico-sdk/sdk/2.2.0/lib/tinyusb/src/common/tusb_fifo.c.o
                0x10006e78                tu_fifo_read
 .text.tu_fifo_read_n
                0x10006f14       0xec CMakeFiles/ADX-ddsPIO.dir/Users/PCOLLA/.pico-sdk/sdk/2.2.0/lib/tinyusb/src/common/tusb_fifo.c.o
                0x10006f14                tu_fifo_read_n
 .text.tu_fifo_write
                0x10007000       0xa4 CMakeFiles/ADX-ddsPIO.dir/Users/PCOLLA/.pico-sdk/sdk/2.2.0/lib/tinyusb/src/common/tusb_fifo.c.o
                0x10007000                tu_fifo_write
 .text.tu_fifo_write_n
                0x100070a4      0x168 CMakeFiles/ADX-ddsPIO.dir/Users/PCOLLA/.pico-sdk/sdk/2.2.0/lib/tinyusb/src/common/tusb_fifo.c.o
                0x100070a4                tu_fifo_write_n
 .text.tu_fifo_clear
                0x1000720c       0x40 CMakeFiles/ADX-ddsPIO.dir/Users/PCOLLA/.pico-sdk/sdk/2.2.0/lib/tinyusb/src/common/tusb_fifo.c.o
                0x1000720c                tu_fifo_clear
 .text.tu_fifo_set_overwritable
                0x1000724c       0x48 CMakeFiles/ADX-ddsPIO.dir/Users/PCOLLA/.pico-sdk/sdk/2.2.0/lib/tinyusb/src/common/tusb_fifo.c.o
                0x1000724c                tu_fifo_set_overwritable
 .text.core1_trampoline
                0x10007294        0x4 CMakeFiles/ADX-ddsPIO.dir/Users/PCOLLA/.pico-sdk/sdk/2.2.0/src/rp2_common/pico_multicore/multicore.c.o
 .text.core1_wrapper
                0x10007298        0xc CMakeFiles/ADX-ddsPIO.dir/Users/PCOLLA/.pico-sdk/sdk/2.2.0/src/rp2_common/pico_multicore/multicore.c.o
                0x10007298                core1_wrapper
 .text.multicore_launch_core1_raw
                0x100072a4       0x88 CMakeFiles/ADX-ddsPIO.dir/Users/PCOLLA/.pico-sdk/sdk/2.2.0/src/rp2_common/pico_multicore/multicore.c.o
                0x100072a4                multicore_launch_core1_raw
 .text.multicore_launch_core1
                0x1000732c       0x5c CMakeFiles/ADX-ddsPIO.dir/Users/PCOLLA/.pico-sdk/sdk/2.2.0/src/rp2_common/pico_multicore/multicore.c.o
                0x1000732c                multicore_launch_core1
 .text.pio_claim_unused_sm
                0x10007388       0x38 CMakeFiles/ADX-ddsPIO.dir/Users/PCOLLA/.pico-sdk/sdk/2.2.0/src/rp2_common/hardware_pio/pio.c.o
                0x10007388                pio_claim_unused_sm
 .text.pio_add_program
                0x100073c0       0xf8 CMakeFiles/ADX-ddsPIO.dir/Users/PCOLLA/.pico-sdk/sdk/2.2.0/src/rp2_common/hardware_pio/pio.c.o
                0x100073c0                pio_add_program
 .text.pio_sm_set_consecutive_pindirs
                0x100074b8       0xb0 CMakeFiles/ADX-ddsPIO.dir/Users/PCOLLA/.pico-sdk/sdk/2.2.0/src/rp2_common/hardware_pio/pio.c.o
                0x100074b8                pio_sm_set_consecutive_pindirs
 .text.pio_sm_init
                0x10007568       0xa8 CMakeFiles/ADX-ddsPIO.dir/Users/PCOLLA/.pico-sdk/sdk/2.2.0/src/rp2_common/hardware_pio/pio.c.o
                0x10007568                pio_sm_init
 .text.__malloc_lock
                0x10007610       0x10 /Applications/ArmGNUToolchain/15.2.rel1/arm-none-eabi/bin/../lib/gcc/arm-none-eabi/15.2.1/../../../../arm-none-eabi/lib/thumb/v6-m/nofp/libg.a(libc_a-mlock.o)
                0x10007610                __malloc_lock
 .text.__malloc_unlock
                0x10007620       0x10 /Applications/ArmGNUToolchain/15.2.rel1/arm-none-eabi/bin/../lib/gcc/arm-none-eabi/15.2.1/../../../../arm-none-eabi/lib/thumb/v6-m/nofp/libg.a(libc_a-mlock.o)
                0x10007620                __malloc_unlock
 .text.__sflush_r
                0x10007630      0x148 /Applications/ArmGNUToolchain/15.2.rel1/arm-none-eabi/bin/../lib/gcc/arm-none-eabi/15.2.1/../../../../arm-none-eabi/lib/thumb/v6-m/nofp/libg.a(libc_a-fflush.o)
                0x10007630                __sflush_r
 .text._fflush_r
                0x10007778       0x68 /Applications/ArmGNUToolchain/15.2.rel1/arm-none-eabi/bin/../lib/gcc/arm-none-eabi/15.2.1/../../../../arm-none-eabi/lib/thumb/v6-m/nofp/libg.a(libc_a-fflush.o)
                0x10007778                _fflush_r
 .text.fflush   0x100077e0       0x7c /Applications/ArmGNUToolchain/15.2.rel1/arm-none-eabi/bin/../lib/gcc/arm-none-eabi/15.2.1/../../../../arm-none-eabi/lib/thumb/v6-m/nofp/libg.a(libc_a-fflush.o)
                0x100077e0                fflush
 .text.stdio_exit_handler
                0x1000785c       0x1c /Applications/ArmGNUToolchain/15.2.rel1/arm-none-eabi/bin/../lib/gcc/arm-none-eabi/15.2.1/../../../../arm-none-eabi/lib/thumb/v6-m/nofp/libg.a(libc_a-findfp.o)
 .text.cleanup_stdio
                0x10007878       0x3c /Applications/ArmGNUToolchain/15.2.rel1/arm-none-eabi/bin/../lib/gcc/arm-none-eabi/15.2.1/../../../../arm-none-eabi/lib/thumb/v6-m/nofp/libg.a(libc_a-findfp.o)
 .text.global_stdio_init.part.0
                0x100078b4      0x110 /Applications/ArmGNUToolchain/15.2.rel1/arm-none-eabi/bin/../lib/gcc/arm-none-eabi/15.2.1/../../../../arm-none-eabi/lib/thumb/v6-m/nofp/libg.a(libc_a-findfp.o)
 .text.__sinit  0x100079c4       0x38 /Applications/ArmGNUToolchain/15.2.rel1/arm-none-eabi/bin/../lib/gcc/arm-none-eabi/15.2.1/../../../../arm-none-eabi/lib/thumb/v6-m/nofp/libg.a(libc_a-findfp.o)
                0x100079c4                __sinit
 .text.__sfp_lock_acquire
                0x100079fc       0x10 /Applications/ArmGNUToolchain/15.2.rel1/arm-none-eabi/bin/../lib/gcc/arm-none-eabi/15.2.1/../../../../arm-none-eabi/lib/thumb/v6-m/nofp/libg.a(libc_a-findfp.o)
                0x100079fc                __sfp_lock_acquire
 .text.__sfp_lock_release
                0x10007a0c       0x10 /Applications/ArmGNUToolchain/15.2.rel1/arm-none-eabi/bin/../lib/gcc/arm-none-eabi/15.2.1/../../../../arm-none-eabi/lib/thumb/v6-m/nofp/libg.a(libc_a-findfp.o)
                0x10007a0c                __sfp_lock_release
 .text._sbrk_r  0x10007a1c       0x24 /Applications/ArmGNUToolchain/15.2.rel1/arm-none-eabi/bin/../lib/gcc/arm-none-eabi/15.2.1/../../../../arm-none-eabi/lib/thumb/v6-m/nofp/libg.a(libc_a-sbrkr.o)
                0x10007a1c                _sbrk_r
 .text.__errno  0x10007a40        0xc /Applications/ArmGNUToolchain/15.2.rel1/arm-none-eabi/bin/../lib/gcc/arm-none-eabi/15.2.1/../../../../arm-none-eabi/lib/thumb/v6-m/nofp/libg.a(libc_a-errno.o)
                0x10007a40                __errno
 .text.sysconf  0x10007a4c       0x1c /Applications/ArmGNUToolchain/15.2.rel1/arm-none-eabi/bin/../lib/gcc/arm-none-eabi/15.2.1/../../../../arm-none-eabi/lib/thumb/v6-m/nofp/libg.a(libc_a-sysconf.o)
                0x10007a4c                sysconf
 .text.__retarget_lock_init_recursive
                0x10007a68        0x4 /Applications/ArmGNUToolchain/15.2.rel1/arm-none-eabi/bin/../lib/gcc/arm-none-eabi/15.2.1/../../../../arm-none-eabi/lib/thumb/v6-m/nofp/libg.a(libc_a-lock.o)
                0x10007a68                __retarget_lock_init_recursive
 .text.__retarget_lock_close_recursive
                0x10007a6c        0x4 /Applications/ArmGNUToolchain/15.2.rel1/arm-none-eabi/bin/../lib/gcc/arm-none-eabi/15.2.1/../../../../arm-none-eabi/lib/thumb/v6-m/nofp/libg.a(libc_a-lock.o)
                0x10007a6c                __retarget_lock_close_recursive
 .text.__retarget_lock_acquire_recursive
                0x10007a70        0x4 /Applications/ArmGNUToolchain/15.2.rel1/arm-none-eabi/bin/../lib/gcc/arm-none-eabi/15.2.1/../../../../arm-none-eabi/lib/thumb/v6-m/nofp/libg.a(libc_a-lock.o)
                0x10007a70                __retarget_lock_acquire_recursive
 .text.__retarget_lock_release_recursive
                0x10007a74        0x4 /Applications/ArmGNUToolchain/15.2.rel1/arm-none-eabi/bin/../lib/gcc/arm-none-eabi/15.2.1/../../../../arm-none-eabi/lib/thumb/v6-m/nofp/libg.a(libc_a-lock.o)
                0x10007a74                __retarget_lock_release_recursive
 .text.strlen   0x10007a78       0x60 /Applications/ArmGNUToolchain/15.2.rel1/arm-none-eabi/bin/../lib/gcc/arm-none-eabi/15.2.1/../../../../arm-none-eabi/lib/thumb/v6-m/nofp/libg.a(libc_a-strlen-stub.o)
                0x10007a78                strlen
 .text._malloc_trim_r
                0x10007ad8       0xb0 /Applications/ArmGNUToolchain/15.2.rel1/arm-none-eabi/bin/../lib/gcc/arm-none-eabi/15.2.1/../../../../arm-none-eabi/lib/thumb/v6-m/nofp/libg.a(libc_a-freer.o)
                0x10007ad8                _malloc_trim_r
 .text._free_r  0x10007b88      0x1d4 /Applications/ArmGNUToolchain/15.2.rel1/arm-none-eabi/bin/../lib/gcc/arm-none-eabi/15.2.1/../../../../arm-none-eabi/lib/thumb/v6-m/nofp/libg.a(libc_a-freer.o)
                0x10007b88                _free_r
 .text._fwalk_sglue
                0x10007d5c       0x44 /Applications/ArmGNUToolchain/15.2.rel1/arm-none-eabi/bin/../lib/gcc/arm-none-eabi/15.2.1/../../../../arm-none-eabi/lib/thumb/v6-m/nofp/libg.a(libc_a-fwalk.o)
                0x10007d5c                _fwalk_sglue
 .text._fclose_r
                0x10007da0       0xd4 /Applications/ArmGNUToolchain/15.2.rel1/arm-none-eabi/bin/../lib/gcc/arm-none-eabi/15.2.1/../../../../arm-none-eabi/lib/thumb/v6-m/nofp/libg.a(libc_a-fclose.o)
                0x10007da0                _fclose_r
 .text.__sread  0x10007e74       0x28 /Applications/ArmGNUToolchain/15.2.rel1/arm-none-eabi/bin/../lib/gcc/arm-none-eabi/15.2.1/../../../../arm-none-eabi/lib/thumb/v6-m/nofp/libg.a(libc_a-stdio.o)
                0x10007e74                __sread
 .text.__swrite
                0x10007e9c       0x40 /Applications/ArmGNUToolchain/15.2.rel1/arm-none-eabi/bin/../lib/gcc/arm-none-eabi/15.2.1/../../../../arm-none-eabi/lib/thumb/v6-m/nofp/libg.a(libc_a-stdio.o)
                0x10007e9c                __swrite
 .text.__sseek  0x10007edc       0x2c /Applications/ArmGNUToolchain/15.2.rel1/arm-none-eabi/bin/../lib/gcc/arm-none-eabi/15.2.1/../../../../arm-none-eabi/lib/thumb/v6-m/nofp/libg.a(libc_a-stdio.o)
                0x10007edc                __sseek
 .text.__sclose
                0x10007f08        0xc /Applications/ArmGNUToolchain/15.2.rel1/arm-none-eabi/bin/../lib/gcc/arm-none-eabi/15.2.1/../../../../arm-none-eabi/lib/thumb/v6-m/nofp/libg.a(libc_a-stdio.o)
                0x10007f08                __sclose
 .text._close_r
                0x10007f14       0x24 /Applications/ArmGNUToolchain/15.2.rel1/arm-none-eabi/bin/../lib/gcc/arm-none-eabi/15.2.1/../../../../arm-none-eabi/lib/thumb/v6-m/nofp/libg.a(libc_a-closer.o)
                0x10007f14                _close_r
 .text._lseek_r
                0x10007f38       0x28 /Applications/ArmGNUToolchain/15.2.rel1/arm-none-eabi/bin/../lib/gcc/arm-none-eabi/15.2.1/../../../../arm-none-eabi/lib/thumb/v6-m/nofp/libg.a(libc_a-lseekr.o)
                0x10007f38                _lseek_r
 .text._read_r  0x10007f60       0x28 /Applications/ArmGNUToolchain/15.2.rel1/arm-none-eabi/bin/../lib/gcc/arm-none-eabi/15.2.1/../../../../arm-none-eabi/lib/thumb/v6-m/nofp/libg.a(libc_a-readr.o)
                0x10007f60                _read_r
 .text._write_r
                0x10007f88       0x28 /Applications/ArmGNUToolchain/15.2.rel1/arm-none-eabi/bin/../lib/gcc/arm-none-eabi/15.2.1/../../../../arm-none-eabi/lib/thumb/v6-m/nofp/libg.a(libc_a-writer.o)
                0x10007f88                _write_r
 *(.fini)
 .fini          0x10007fb0        0x4 /Applications/ArmGNUToolchain/15.2.rel1/arm-none-eabi/bin/../lib/gcc/arm-none-eabi/15.2.1/thumb/v6-m/nofp/crti.o
                0x10007fb0                _fini
 *fill*         0x10007fb4        0x4 
 .fini.__stub   0x10007fb8       0xe0 linker stubs
 *crtbegin.o(.ctors)
 *crtbegin?.o(.ctors)
 *(EXCLUDE_FILE(*crtend.o *crtend?.o) .ctors)
 *(SORT_BY_NAME(.ctors.*))
 *(.ctors)
 *crtbegin.o(.dtors)
 *crtbegin?.o(.dtors)
 *(EXCLUDE_FILE(*crtend.o *crtend?.o) .dtors)
 *(SORT_BY_NAME(.dtors.*))
 *(.dtors)
                0x10008098                        . = ALIGN (0x4)
                0x10008098                        PROVIDE (__preinit_array_start = .)
 *(SORT_BY_NAME(.preinit_array.*))
 .preinit_array.00100
                0x10008098        0x4 CMakeFiles/ADX-ddsPIO.dir/Users/PCOLLA/.pico-sdk/sdk/2.2.0/src/rp2_common/pico_runtime_init/runtime_init.c.o
                0x10008098                __pre_init_runtime_init_early_resets
 .preinit_array.00101
                0x1000809c        0x4 CMakeFiles/ADX-ddsPIO.dir/Users/PCOLLA/.pico-sdk/sdk/2.2.0/src/rp2_common/pico_runtime_init/runtime_init.c.o
                0x1000809c                __pre_init_runtime_init_usb_power_down
 .preinit_array.00275
                0x100080a0        0x4 CMakeFiles/ADX-ddsPIO.dir/Users/PCOLLA/.pico-sdk/sdk/2.2.0/src/rp2_common/pico_bit_ops/bit_ops_aeabi.S.o
 .preinit_array.00300
                0x100080a4        0x4 CMakeFiles/ADX-ddsPIO.dir/Users/PCOLLA/.pico-sdk/sdk/2.2.0/src/rp2_common/pico_mem_ops/mem_ops_aeabi.S.o
 .preinit_array.00350
                0x100080a8        0x4 CMakeFiles/ADX-ddsPIO.dir/Users/PCOLLA/.pico-sdk/sdk/2.2.0/src/rp2_common/pico_double/double_aeabi_rp2040.S.o
 .preinit_array.00350
                0x100080ac        0x4 CMakeFiles/ADX-ddsPIO.dir/Users/PCOLLA/.pico-sdk/sdk/2.2.0/src/rp2_common/pico_float/float_aeabi_rp2040.S.o
 .preinit_array.00500
                0x100080b0        0x4 CMakeFiles/ADX-ddsPIO.dir/Users/PCOLLA/.pico-sdk/sdk/2.2.0/src/rp2_common/pico_runtime_init/runtime_init.c.o
                0x100080b0                __pre_init_runtime_init_clocks
 .preinit_array.00600
                0x100080b4        0x4 CMakeFiles/ADX-ddsPIO.dir/Users/PCOLLA/.pico-sdk/sdk/2.2.0/src/rp2_common/pico_runtime_init/runtime_init.c.o
                0x100080b4                __pre_init_runtime_init_post_clock_resets
 .preinit_array.00700
                0x100080b8        0x4 CMakeFiles/ADX-ddsPIO.dir/Users/PCOLLA/.pico-sdk/sdk/2.2.0/src/rp2_common/pico_runtime_init/runtime_init.c.o
                0x100080b8                __pre_init_runtime_init_rp2040_gpio_ie_disable
 .preinit_array.01000
                0x100080bc        0x4 CMakeFiles/ADX-ddsPIO.dir/Users/PCOLLA/.pico-sdk/sdk/2.2.0/src/rp2_common/pico_runtime_init/runtime_init.c.o
                0x100080bc                __pre_init_runtime_init_spin_locks_reset
 .preinit_array.01100
                0x100080c0        0x4 CMakeFiles/ADX-ddsPIO.dir/Users/PCOLLA/.pico-sdk/sdk/2.2.0/src/common/pico_sync/mutex.c.o
                0x100080c0                __pre_init_runtime_init_mutex
 .preinit_array.10080
                0x100080c4        0x4 CMakeFiles/ADX-ddsPIO.dir/Users/PCOLLA/.pico-sdk/sdk/2.2.0/src/rp2_common/pico_runtime_init/runtime_init.c.o
                0x100080c4                __pre_init_runtime_init_install_ram_vector_table
 .preinit_array.11000
                0x100080c8        0x4 CMakeFiles/ADX-ddsPIO.dir/Users/PCOLLA/.pico-sdk/sdk/2.2.0/src/common/pico_time/time.c.o
                0x100080c8                __pre_init_runtime_init_default_alarm_pool
 .preinit_array.YYYYY
                0x100080cc        0x4 CMakeFiles/ADX-ddsPIO.dir/Users/PCOLLA/.pico-sdk/sdk/2.2.0/src/rp2_common/pico_runtime/runtime.c.o
                0x100080cc                __pre_init_first_per_core_initializer
 .preinit_array.ZZZZZ.01200
                0x100080d0        0x4 CMakeFiles/ADX-ddsPIO.dir/Users/PCOLLA/.pico-sdk/sdk/2.2.0/src/rp2_common/hardware_irq/irq.c.o
                0x100080d0                __pre_init_runtime_init_per_core_irq_priorities
 *(.preinit_array)
                0x100080d4                        PROVIDE (__preinit_array_end = .)
                0x100080d4                        . = ALIGN (0x4)
                0x100080d4                        PROVIDE (__init_array_start = .)
 *(SORT_BY_NAME(.init_array.*))
 .init_array.01000
                0x100080d4        0x4 CMakeFiles/ADX-ddsPIO.dir/Users/PCOLLA/.pico-sdk/sdk/2.2.0/src/rp2_common/pico_unique_id/unique_id.c.o
 *(.init_array)
 .init_array    0x100080d8        0x4 /Applications/ArmGNUToolchain/15.2.rel1/arm-none-eabi/bin/../lib/gcc/arm-none-eabi/15.2.1/thumb/v6-m/nofp/crtbegin.o
                0x100080dc                        PROVIDE (__init_array_end = .)
                0x100080dc                        . = ALIGN (0x4)
                [!provide]                        PROVIDE (__fini_array_start = .)
 *(SORT_BY_NAME(.fini_array.*))
 *(.fini_array)
                [!provide]                        PROVIDE (__fini_array_end = .)
 *(.eh_frame*)
 .eh_frame      0x100080dc        0x0 /Applications/ArmGNUToolchain/15.2.rel1/arm-none-eabi/bin/../lib/gcc/arm-none-eabi/15.2.1/thumb/v6-m/nofp/crtbegin.o
                0x100080dc                        . = ALIGN (0x4)

.glue_7         0x100080dc        0x0
 .glue_7        0x100080dc        0x0 linker stubs

.glue_7t        0x100080dc        0x0
 .glue_7t       0x100080dc        0x0 linker stubs

.vfp11_veneer   0x100080dc        0x0
 .vfp11_veneer  0x100080dc        0x0 linker stubs

.v4_bx          0x100080dc        0x0
 .v4_bx         0x100080dc        0x0 linker stubs

.iplt           0x100080dc        0x0
 .iplt          0x100080dc        0x0 /Applications/ArmGNUToolchain/15.2.rel1/arm-none-eabi/bin/../lib/gcc/arm-none-eabi/15.2.1/thumb/v6-m/nofp/crtbegin.o

.rodata         0x100080e0      0x73c
 *(EXCLUDE_FILE(*libm.a: *libc.a:*lib_a-mem*.o *libgcc.a:) .rodata*)
 .rodata.initBoard.str1.4
                0x100080e0      0x264 CMakeFiles/ADX-ddsPIO.dir/testDDS.c.o
                                 0x32 (size before relaxing)
 .rodata.main.str1.4
                0x10008344        0x0 CMakeFiles/ADX-ddsPIO.dir/testDDS.c.o
                                 0x9f (size before relaxing)
 .rodata.__func__.0
                0x10008344        0x5 CMakeFiles/ADX-ddsPIO.dir/testDDS.c.o
 *fill*         0x10008349        0x3 
 .rodata.dco_program
                0x1000834c        0x8 CMakeFiles/ADX-ddsPIO.dir/piodco/piodco.c.o
 .rodata.dco_program_instructions
                0x10008354       0x1a CMakeFiles/ADX-ddsPIO.dir/piodco/piodco.c.o
 .rodata.panic.str1.4
                0x1000836e        0x0 CMakeFiles/ADX-ddsPIO.dir/Users/PCOLLA/.pico-sdk/sdk/2.2.0/src/rp2_common/pico_platform_panic/panic.c.o
                                 0x12 (size before relaxing)
 .rodata.spin_lock_claim_unused.str1.4
                0x1000836e        0x0 CMakeFiles/ADX-ddsPIO.dir/Users/PCOLLA/.pico-sdk/sdk/2.2.0/src/rp2_common/hardware_sync/sync.c.o
                                 0x1b (size before relaxing)
 .rodata.user_irq_claim_unused.str1.4
                0x1000836e        0x0 CMakeFiles/ADX-ddsPIO.dir/Users/PCOLLA/.pico-sdk/sdk/2.2.0/src/rp2_common/hardware_irq/irq.c.o
                                 0x1b (size before relaxing)
 *fill*         0x1000836e        0x2 
 .rodata.at_the_end_of_time
                0x10008370        0x8 CMakeFiles/ADX-ddsPIO.dir/Users/PCOLLA/.pico-sdk/sdk/2.2.0/src/common/pico_time/time.c.o
                0x10008370                at_the_end_of_time
 .rodata.timer_hardware_alarm_claim.str1.4
                0x10008378        0x0 CMakeFiles/ADX-ddsPIO.dir/Users/PCOLLA/.pico-sdk/sdk/2.2.0/src/rp2_common/hardware_timer/timer.c.o
                                 0x22 (size before relaxing)
 .rodata.hard_assertion_failure.str1.4
                0x10008378        0x0 CMakeFiles/ADX-ddsPIO.dir/Users/PCOLLA/.pico-sdk/sdk/2.2.0/src/rp2_common/pico_runtime/runtime.c.o
                                  0xc (size before relaxing)
 .rodata.str1.4
                0x10008378        0x0 CMakeFiles/ADX-ddsPIO.dir/Users/PCOLLA/.pico-sdk/sdk/2.2.0/src/rp2_common/pico_standard_binary_info/standard_binary_info.c.o
                                 0x40 (size before relaxing)
 .rodata.__bi_84
                0x10008378        0xc CMakeFiles/ADX-ddsPIO.dir/Users/PCOLLA/.pico-sdk/sdk/2.2.0/src/rp2_common/pico_standard_binary_info/standard_binary_info.c.o
 .rodata.__bi_78
                0x10008384        0xc CMakeFiles/ADX-ddsPIO.dir/Users/PCOLLA/.pico-sdk/sdk/2.2.0/src/rp2_common/pico_standard_binary_info/standard_binary_info.c.o
 .rodata.__bi_54
                0x10008390        0xc CMakeFiles/ADX-ddsPIO.dir/Users/PCOLLA/.pico-sdk/sdk/2.2.0/src/rp2_common/pico_standard_binary_info/standard_binary_info.c.o
 .rodata.__bi_48
                0x1000839c        0xc CMakeFiles/ADX-ddsPIO.dir/Users/PCOLLA/.pico-sdk/sdk/2.2.0/src/rp2_common/pico_standard_binary_info/standard_binary_info.c.o
 .rodata.__bi_42
                0x100083a8        0xc CMakeFiles/ADX-ddsPIO.dir/Users/PCOLLA/.pico-sdk/sdk/2.2.0/src/rp2_common/pico_standard_binary_info/standard_binary_info.c.o
 .rodata.__bi_34
                0x100083b4        0xc CMakeFiles/ADX-ddsPIO.dir/Users/PCOLLA/.pico-sdk/sdk/2.2.0/src/rp2_common/pico_standard_binary_info/standard_binary_info.c.o
 .rodata.__bi_26
                0x100083c0        0xc CMakeFiles/ADX-ddsPIO.dir/Users/PCOLLA/.pico-sdk/sdk/2.2.0/src/rp2_common/pico_standard_binary_info/standard_binary_info.c.o
 .rodata._ftoa.str1.4
                0x100083cc        0x0 CMakeFiles/ADX-ddsPIO.dir/Users/PCOLLA/.pico-sdk/sdk/2.2.0/src/rp2_common/pico_printf/printf.c.o
                                 0x15 (size before relaxing)
 .rodata._vsnprintf
                0x100083cc      0x19c CMakeFiles/ADX-ddsPIO.dir/Users/PCOLLA/.pico-sdk/sdk/2.2.0/src/rp2_common/pico_printf/printf.c.o
 .rodata.pow10.0
                0x10008568       0x50 CMakeFiles/ADX-ddsPIO.dir/Users/PCOLLA/.pico-sdk/sdk/2.2.0/src/rp2_common/pico_printf/printf.c.o
 .rodata.crlf_str.0
                0x100085b8        0x2 CMakeFiles/ADX-ddsPIO.dir/Users/PCOLLA/.pico-sdk/sdk/2.2.0/src/rp2_common/pico_stdio/stdio.c.o
 *fill*         0x100085ba        0x2 
 .rodata._resetd_driver
                0x100085bc       0x20 CMakeFiles/ADX-ddsPIO.dir/Users/PCOLLA/.pico-sdk/sdk/2.2.0/src/rp2_common/pico_stdio_usb/reset_interface.c.o
 .rodata.desc_ms_os_20
                0x100085dc       0xa6 CMakeFiles/ADX-ddsPIO.dir/Users/PCOLLA/.pico-sdk/sdk/2.2.0/src/rp2_common/pico_stdio_usb/reset_interface.c.o
 *fill*         0x10008682        0x2 
 .rodata.desc_bos
                0x10008684       0x21 CMakeFiles/ADX-ddsPIO.dir/Users/PCOLLA/.pico-sdk/sdk/2.2.0/src/rp2_common/pico_stdio_usb/reset_interface.c.o
                0x10008684                desc_bos
 .rodata.str1.4
                0x100086a5        0x0 CMakeFiles/ADX-ddsPIO.dir/Users/PCOLLA/.pico-sdk/sdk/2.2.0/src/rp2_common/pico_stdio_usb/stdio_usb.c.o
                                 0x13 (size before relaxing)
 *fill*         0x100086a5        0x3 
 .rodata.__bi_202.0
                0x100086a8        0xc CMakeFiles/ADX-ddsPIO.dir/Users/PCOLLA/.pico-sdk/sdk/2.2.0/src/rp2_common/pico_stdio_usb/stdio_usb.c.o
 .rodata.str1.4
                0x100086b4        0x0 CMakeFiles/ADX-ddsPIO.dir/Users/PCOLLA/.pico-sdk/sdk/2.2.0/src/rp2_common/pico_stdio_usb/stdio_usb_descriptors.c.o
                                 0x2a (size before relaxing)
 .rodata.usbd_desc_str
                0x100086b4       0x18 CMakeFiles/ADX-ddsPIO.dir/Users/PCOLLA/.pico-sdk/sdk/2.2.0/src/rp2_common/pico_stdio_usb/stdio_usb_descriptors.c.o
 .rodata.usbd_desc_cfg
                0x100086cc       0x54 CMakeFiles/ADX-ddsPIO.dir/Users/PCOLLA/.pico-sdk/sdk/2.2.0/src/rp2_common/pico_stdio_usb/stdio_usb_descriptors.c.o
 .rodata.usbd_desc_device
                0x10008720       0x12 CMakeFiles/ADX-ddsPIO.dir/Users/PCOLLA/.pico-sdk/sdk/2.2.0/src/rp2_common/pico_stdio_usb/stdio_usb_descriptors.c.o
 .rodata.str1.4
                0x10008732        0x0 CMakeFiles/ADX-ddsPIO.dir/Users/PCOLLA/.pico-sdk/sdk/2.2.0/lib/tinyusb/src/portable/raspberrypi/rp2040/dcd_rp2040.c.o
                                 0x14 (size before relaxing)
 .rodata.str1.4
                0x10008732        0x0 CMakeFiles/ADX-ddsPIO.dir/Users/PCOLLA/.pico-sdk/sdk/2.2.0/lib/tinyusb/src/portable/raspberrypi/rp2040/rp2040_usb.c.o
                                 0x48 (size before relaxing)
 *fill*         0x10008732        0x2 
 .rodata.tud_task_ext
                0x10008734       0x8c CMakeFiles/ADX-ddsPIO.dir/Users/PCOLLA/.pico-sdk/sdk/2.2.0/lib/tinyusb/src/device/usbd.c.o
 .rodata        0x100087c0       0x1c CMakeFiles/ADX-ddsPIO.dir/Users/PCOLLA/.pico-sdk/sdk/2.2.0/lib/tinyusb/src/device/usbd.c.o
 .rodata._usbd_driver
                0x100087dc       0x40 CMakeFiles/ADX-ddsPIO.dir/Users/PCOLLA/.pico-sdk/sdk/2.2.0/lib/tinyusb/src/device/usbd.c.o
 .rodata.pio_claim_unused_sm.str1.4
                0x1000881c        0x0 CMakeFiles/ADX-ddsPIO.dir/Users/PCOLLA/.pico-sdk/sdk/2.2.0/src/rp2_common/hardware_pio/pio.c.o
                                 0x24 (size before relaxing)
                0x1000881c                        . = ALIGN (0x4)
 *(SORT_BY_ALIGNMENT(SORT_BY_NAME(.flashdata*)))
                0x1000881c                        . = ALIGN (0x4)

.ARM.extab
 *(.ARM.extab* .gnu.linkonce.armextab.*)
                0x1000881c                        __exidx_start = .

.ARM.exidx
 *(.ARM.exidx* .gnu.linkonce.armexidx.*)
                0x1000881c                        __exidx_end = .
                0x1000881c                        . = ALIGN (0x4)
                0x1000881c                        __binary_info_start = .

.binary_info    0x1000881c       0x20
 *(.binary_info.keep.*)
 .binary_info.keep.__bi_ptr84
                0x1000881c        0x4 CMakeFiles/ADX-ddsPIO.dir/Users/PCOLLA/.pico-sdk/sdk/2.2.0/src/rp2_common/pico_standard_binary_info/standard_binary_info.c.o
 .binary_info.keep.__bi_ptr78
                0x10008820        0x4 CMakeFiles/ADX-ddsPIO.dir/Users/PCOLLA/.pico-sdk/sdk/2.2.0/src/rp2_common/pico_standard_binary_info/standard_binary_info.c.o
 .binary_info.keep.__bi_ptr54
                0x10008824        0x4 CMakeFiles/ADX-ddsPIO.dir/Users/PCOLLA/.pico-sdk/sdk/2.2.0/src/rp2_common/pico_standard_binary_info/standard_binary_info.c.o
 .binary_info.keep.__bi_ptr48
                0x10008828        0x4 CMakeFiles/ADX-ddsPIO.dir/Users/PCOLLA/.pico-sdk/sdk/2.2.0/src/rp2_common/pico_standard_binary_info/standard_binary_info.c.o
 .binary_info.keep.__bi_ptr42
                0x1000882c        0x4 CMakeFiles/ADX-ddsPIO.dir/Users/PCOLLA/.pico-sdk/sdk/2.2.0/src/rp2_common/pico_standard_binary_info/standard_binary_info.c.o
 .binary_info.keep.__bi_ptr34
                0x10008830        0x4 CMakeFiles/ADX-ddsPIO.dir/Users/PCOLLA/.pico-sdk/sdk/2.2.0/src/rp2_common/pico_standard_binary_info/standard_binary_info.c.o
 .binary_info.keep.__bi_ptr26
                0x10008834        0x4 CMakeFiles/ADX-ddsPIO.dir/Users/PCOLLA/.pico-sdk/sdk/2.2.0/src/rp2_common/pico_standard_binary_info/standard_binary_info.c.o
 *(.binary_info.*)
 .binary_info.__bi_ptr202
                0x10008838        0x4 CMakeFiles/ADX-ddsPIO.dir/Users/PCOLLA/.pico-sdk/sdk/2.2.0/src/rp2_common/pico_stdio_usb/stdio_usb.c.o
                0x1000883c                        __binary_info_end = .
                0x1000883c                        . = ALIGN (0x4)

.ram_vector_table
                0x20000000       0xc0
 *(.ram_vector_table)
 .ram_vector_table
                0x20000000       0xc0 CMakeFiles/ADX-ddsPIO.dir/Users/PCOLLA/.pico-sdk/sdk/2.2.0/src/rp2_common/pico_runtime_init/runtime_init.c.o
                0x20000000                ram_vector_table

.uninitialized_data
                0x200000c0        0x0
                0x200000c0                        . = ALIGN (0x4)
 *(.uninitialized_data*)

.data           0x200000c0     0x1648 load address 0x1000883c
                0x200000c0                        __data_start__ = .
 *(vtable)
 *(.time_critical*)
 .time_critical.DDSGenerator
                0x200000c0       0x34 CMakeFiles/ADX-ddsPIO.dir/testDDS.c.o
                0x200000c0                DDSGenerator
 .time_critical.PioDCOWorker2
                0x200000f4       0x30 CMakeFiles/ADX-ddsPIO.dir/piodco/piodco.c.o
                0x200000f4                PioDCOWorker2
 .time_critical.mutex_try_enter
                0x20000124       0x40 CMakeFiles/ADX-ddsPIO.dir/Users/PCOLLA/.pico-sdk/sdk/2.2.0/src/common/pico_sync/mutex.c.o
                0x20000124                mutex_try_enter
 .time_critical.mutex_try_enter_block_until
                0x20000164       0x98 CMakeFiles/ADX-ddsPIO.dir/Users/PCOLLA/.pico-sdk/sdk/2.2.0/src/common/pico_sync/mutex.c.o
                0x20000164                mutex_try_enter_block_until
 .time_critical.mutex_enter_timeout_ms
                0x200001fc       0x8c CMakeFiles/ADX-ddsPIO.dir/Users/PCOLLA/.pico-sdk/sdk/2.2.0/src/common/pico_sync/mutex.c.o
                0x200001fc                mutex_enter_timeout_ms
 .time_critical.mutex_exit
                0x20000288       0x28 CMakeFiles/ADX-ddsPIO.dir/Users/PCOLLA/.pico-sdk/sdk/2.2.0/src/common/pico_sync/mutex.c.o
                0x20000288                mutex_exit
 .time_critical.flash_init_boot2_copyout
                0x200002b0       0x30 CMakeFiles/ADX-ddsPIO.dir/Users/PCOLLA/.pico-sdk/sdk/2.2.0/src/rp2_common/hardware_flash/flash.c.o
 .time_critical.flash_enable_xip_via_boot2
                0x200002e0        0xc CMakeFiles/ADX-ddsPIO.dir/Users/PCOLLA/.pico-sdk/sdk/2.2.0/src/rp2_common/hardware_flash/flash.c.o
 .time_critical.flash_save_hardware_state
                0x200002ec       0x20 CMakeFiles/ADX-ddsPIO.dir/Users/PCOLLA/.pico-sdk/sdk/2.2.0/src/rp2_common/hardware_flash/flash.c.o
 .time_critical.flash_restore_hardware_state
                0x2000030c       0x20 CMakeFiles/ADX-ddsPIO.dir/Users/PCOLLA/.pico-sdk/sdk/2.2.0/src/rp2_common/hardware_flash/flash.c.o
 .time_critical.flash_cs_force
                0x2000032c       0x38 CMakeFiles/ADX-ddsPIO.dir/Users/PCOLLA/.pico-sdk/sdk/2.2.0/src/rp2_common/hardware_flash/flash.c.o
 .time_critical.flash_do_cmd
                0x20000364      0x124 CMakeFiles/ADX-ddsPIO.dir/Users/PCOLLA/.pico-sdk/sdk/2.2.0/src/rp2_common/hardware_flash/flash.c.o
                0x20000364                flash_do_cmd
 .time_critical.reset_non_control_endpoints
                0x20000488       0x68 CMakeFiles/ADX-ddsPIO.dir/Users/PCOLLA/.pico-sdk/sdk/2.2.0/lib/tinyusb/src/portable/raspberrypi/rp2040/dcd_rp2040.c.o
 .time_critical.hw_handle_buff_status
                0x200004f0       0x88 CMakeFiles/ADX-ddsPIO.dir/Users/PCOLLA/.pico-sdk/sdk/2.2.0/lib/tinyusb/src/portable/raspberrypi/rp2040/dcd_rp2040.c.o
 .time_critical.dcd_rp2040_irq
                0x20000578      0x53c CMakeFiles/ADX-ddsPIO.dir/Users/PCOLLA/.pico-sdk/sdk/2.2.0/lib/tinyusb/src/portable/raspberrypi/rp2040/dcd_rp2040.c.o
 .time_critical.prepare_ep_buffer
                0x20000ab4       0xc4 CMakeFiles/ADX-ddsPIO.dir/Users/PCOLLA/.pico-sdk/sdk/2.2.0/lib/tinyusb/src/portable/raspberrypi/rp2040/rp2040_usb.c.o
 .time_critical.sync_ep_buffer
                0x20000b78       0xa0 CMakeFiles/ADX-ddsPIO.dir/Users/PCOLLA/.pico-sdk/sdk/2.2.0/lib/tinyusb/src/portable/raspberrypi/rp2040/rp2040_usb.c.o
 .time_critical._hw_endpoint_xfer_sync
                0x20000c18       0x28 CMakeFiles/ADX-ddsPIO.dir/Users/PCOLLA/.pico-sdk/sdk/2.2.0/lib/tinyusb/src/portable/raspberrypi/rp2040/rp2040_usb.c.o
 .time_critical.e15_is_bulkin_ep
                0x20000c40       0x28 CMakeFiles/ADX-ddsPIO.dir/Users/PCOLLA/.pico-sdk/sdk/2.2.0/lib/tinyusb/src/portable/raspberrypi/rp2040/rp2040_usb.c.o
 .time_critical.e15_is_critical_frame_period
                0x20000c68       0x30 CMakeFiles/ADX-ddsPIO.dir/Users/PCOLLA/.pico-sdk/sdk/2.2.0/lib/tinyusb/src/portable/raspberrypi/rp2040/rp2040_usb.c.o
 .time_critical.hw_endpoint_reset_transfer
                0x20000c98        0xc CMakeFiles/ADX-ddsPIO.dir/Users/PCOLLA/.pico-sdk/sdk/2.2.0/lib/tinyusb/src/portable/raspberrypi/rp2040/rp2040_usb.c.o
                0x20000c98                hw_endpoint_reset_transfer
 .time_critical._hw_endpoint_buffer_control_update32
                0x20000ca4       0x50 CMakeFiles/ADX-ddsPIO.dir/Users/PCOLLA/.pico-sdk/sdk/2.2.0/lib/tinyusb/src/portable/raspberrypi/rp2040/rp2040_usb.c.o
                0x20000ca4                _hw_endpoint_buffer_control_update32
 .time_critical.hw_endpoint_start_next_buffer
                0x20000cf4       0x68 CMakeFiles/ADX-ddsPIO.dir/Users/PCOLLA/.pico-sdk/sdk/2.2.0/lib/tinyusb/src/portable/raspberrypi/rp2040/rp2040_usb.c.o
                0x20000cf4                hw_endpoint_start_next_buffer
 .time_critical.hw_endpoint_xfer_continue
                0x20000d5c       0x40 CMakeFiles/ADX-ddsPIO.dir/Users/PCOLLA/.pico-sdk/sdk/2.2.0/lib/tinyusb/src/portable/raspberrypi/rp2040/rp2040_usb.c.o
                0x20000d5c                hw_endpoint_xfer_continue
 .time_critical.tinyusb
                0x20000d9c      0x1d8 CMakeFiles/ADX-ddsPIO.dir/Users/PCOLLA/.pico-sdk/sdk/2.2.0/lib/tinyusb/src/device/usbd.c.o
                0x20000d9c                dcd_event_handler
 *(.text*)
 .text          0x20000f74        0x4 /Applications/ArmGNUToolchain/15.2.rel1/arm-none-eabi/bin/../lib/gcc/arm-none-eabi/15.2.1/thumb/v6-m/nofp/libgcc.a(_dvmd_tls.o)
                0x20000f74                __aeabi_ldiv0
                0x20000f74                __aeabi_idiv0
 .text.__stub   0x20000f78       0xa0 linker stubs
                0x20001018                        . = ALIGN (0x4)
 *(.rodata*)
                0x20001018                        . = ALIGN (0x4)
 *(.data*)
 .data.striped_spin_lock_num
                0x20001018        0x1 CMakeFiles/ADX-ddsPIO.dir/Users/PCOLLA/.pico-sdk/sdk/2.2.0/src/rp2_common/hardware_sync/sync.c.o
 *fill*         0x20001019        0x3 
 .data          0x2000101c       0x48 CMakeFiles/ADX-ddsPIO.dir/Users/PCOLLA/.pico-sdk/sdk/2.2.0/src/rp2_common/hardware_irq/irq_handler_chain.S.o
                0x2000101c                irq_handler_chain_slots
                0x2000104c                irq_handler_chain_first_slot
                0x20001056                irq_handler_chain_remove_tail
 .data.default_alarm_pool
                0x20001064       0x18 CMakeFiles/ADX-ddsPIO.dir/Users/PCOLLA/.pico-sdk/sdk/2.2.0/src/common/pico_time/time.c.o
 *fill*         0x2000107c        0x4 
 .data.aeabi_bits_funcs
                0x20001080       0x10 CMakeFiles/ADX-ddsPIO.dir/Users/PCOLLA/.pico-sdk/sdk/2.2.0/src/rp2_common/pico_bit_ops/bit_ops_aeabi.S.o
                0x20001080                aeabi_bits_funcs
                0x20001090                aeabi_bits_funcs_end
 .data.aeabi_mem_funcs
                0x20001090       0x10 CMakeFiles/ADX-ddsPIO.dir/Users/PCOLLA/.pico-sdk/sdk/2.2.0/src/rp2_common/pico_mem_ops/mem_ops_aeabi.S.o
                0x20001090                aeabi_mem_funcs
                0x200010a0                aeabi_mem_funcs_end
 .data.stdio_usb
                0x200010a0       0x18 CMakeFiles/ADX-ddsPIO.dir/Users/PCOLLA/.pico-sdk/sdk/2.2.0/src/rp2_common/pico_stdio_usb/stdio_usb.c.o
                0x200010a0                stdio_usb
 .data._usbd_qdef
                0x200010b8       0x1c CMakeFiles/ADX-ddsPIO.dir/Users/PCOLLA/.pico-sdk/sdk/2.2.0/lib/tinyusb/src/device/usbd.c.o
                0x200010b8                _usbd_qdef
 .data._usbd_rhport
                0x200010d4        0x1 CMakeFiles/ADX-ddsPIO.dir/Users/PCOLLA/.pico-sdk/sdk/2.2.0/lib/tinyusb/src/device/usbd.c.o
 *fill*         0x200010d5        0x3 
 .data.__malloc_sbrk_base
                0x200010d8        0x4 /Applications/ArmGNUToolchain/15.2.rel1/arm-none-eabi/bin/../lib/gcc/arm-none-eabi/15.2.1/../../../../arm-none-eabi/lib/thumb/v6-m/nofp/libg.a(libc_a-mallocr.o)
                0x200010d8                __malloc_sbrk_base
 .data.__malloc_trim_threshold
                0x200010dc        0x4 /Applications/ArmGNUToolchain/15.2.rel1/arm-none-eabi/bin/../lib/gcc/arm-none-eabi/15.2.1/../../../../arm-none-eabi/lib/thumb/v6-m/nofp/libg.a(libc_a-mallocr.o)
                0x200010dc                __malloc_trim_threshold
 .data.__malloc_av_
                0x200010e0      0x408 /Applications/ArmGNUToolchain/15.2.rel1/arm-none-eabi/bin/../lib/gcc/arm-none-eabi/15.2.1/../../../../arm-none-eabi/lib/thumb/v6-m/nofp/libg.a(libc_a-mallocr.o)
                0x200010e0                __malloc_av_
 .data.__sglue  0x200014e8        0xc /Applications/ArmGNUToolchain/15.2.rel1/arm-none-eabi/bin/../lib/gcc/arm-none-eabi/15.2.1/../../../../arm-none-eabi/lib/thumb/v6-m/nofp/libg.a(libc_a-findfp.o)
                0x200014e8                __sglue
 .data._impure_ptr
                0x200014f4        0x4 /Applications/ArmGNUToolchain/15.2.rel1/arm-none-eabi/bin/../lib/gcc/arm-none-eabi/15.2.1/../../../../arm-none-eabi/lib/thumb/v6-m/nofp/libg.a(libc_a-impure.o)
                0x200014f4                _impure_ptr
 .data._impure_data
                0x200014f8      0x200 /Applications/ArmGNUToolchain/15.2.rel1/arm-none-eabi/bin/../lib/gcc/arm-none-eabi/15.2.1/../../../../arm-none-eabi/lib/thumb/v6-m/nofp/libg.a(libc_a-impure.o)
                0x200014f8                _impure_data
                0x200016f8                        . = ALIGN (0x4)
 *(.after_data.*)
                0x200016f8                        . = ALIGN (0x4)
                0x200016f8                        PROVIDE (__mutex_array_start = .)
 *(SORT_BY_NAME(.mutex_array.*))
 *(.mutex_array)
 .mutex_array   0x200016f8        0x8 CMakeFiles/ADX-ddsPIO.dir/Users/PCOLLA/.pico-sdk/sdk/2.2.0/src/rp2_common/pico_malloc/malloc.c.o
 .mutex_array   0x20001700        0x8 CMakeFiles/ADX-ddsPIO.dir/Users/PCOLLA/.pico-sdk/sdk/2.2.0/src/rp2_common/pico_stdio/stdio.c.o
                0x20001708                        PROVIDE (__mutex_array_end = .)
                0x20001708                        . = ALIGN (0x4)
 *(.jcr)
                0x20001708                        . = ALIGN (0x4)

.tm_clone_table
                0x20001708        0x0 load address 0x10009e84
 .tm_clone_table
                0x20001708        0x0 /Applications/ArmGNUToolchain/15.2.rel1/arm-none-eabi/bin/../lib/gcc/arm-none-eabi/15.2.1/thumb/v6-m/nofp/crtbegin.o
 .tm_clone_table
                0x20001708        0x0 /Applications/ArmGNUToolchain/15.2.rel1/arm-none-eabi/bin/../lib/gcc/arm-none-eabi/15.2.1/thumb/v6-m/nofp/crtend.o

.igot.plt       0x20001708        0x0 load address 0x10009e84
 .igot.plt      0x20001708        0x0 /Applications/ArmGNUToolchain/15.2.rel1/arm-none-eabi/bin/../lib/gcc/arm-none-eabi/15.2.1/thumb/v6-m/nofp/crtbegin.o

.tdata          0x20001708        0x0 load address 0x10009e84
                0x20001708                        . = ALIGN (0x4)
 *(.tdata .tdata.* .gnu.linkonce.td.*)
                0x20001708                        __tdata_end = .
                0x20001708                        PROVIDE (__data_end__ = .)
                0x1000883c                        __etext = LOADADDR (.data)

.tbss           0x20001708        0x0 load address 0x10009e84
                0x20001708                        . = ALIGN (0x4)
                0x20001708                        __bss_start__ = .
                0x20001708                        __tls_base = .
 *(.tbss .tbss.* .gnu.linkonce.tb.*)
 *(.tcommon)
                0x20001708                        __tls_end = .

.bss            0x20001708     0x1160 load address 0x10009e84
                0x20001708                        . = ALIGN (0x4)
                0x20001708                        __tbss_end = .
 *(SORT_BY_ALIGNMENT(SORT_BY_NAME(.bss*)))
 .bss._cdcd_itf
                0x20001708       0xc8 CMakeFiles/ADX-ddsPIO.dir/Users/PCOLLA/.pico-sdk/sdk/2.2.0/lib/tinyusb/src/class/cdc/cdc_device.c.o
 .bss.default_alarm_pool_entries
                0x200017d0      0x180 CMakeFiles/ADX-ddsPIO.dir/Users/PCOLLA/.pico-sdk/sdk/2.2.0/src/common/pico_time/time.c.o
 .bss.last_avail_time.1
                0x20001950        0x8 CMakeFiles/ADX-ddsPIO.dir/Users/PCOLLA/.pico-sdk/sdk/2.2.0/src/rp2_common/pico_stdio_usb/stdio_usb.c.o