Archive member included to satisfy reference by file (symbol)

/Applications/ArmGNUToolchain/15.2.rel1/arm-none-eabi/bin/../lib/gcc/arm-none-eabi/15.2.1/thumb/v6-m/nofp/libgcc.a(_dvmd_tls.o)
                              CMakeFiles/testFT8.dir/Users/PCOLLA/.pico-sdk/sdk/2.2.0/src/rp2_common/pico_divider/divider_hardware.S.o (__aeabi_idiv0)
/Applications/ArmGNUToolchain/15.2.rel1/arm-none-eabi/bin/../lib/gcc/arm-none-eabi/15.2.1/../../../../arm-none-eabi/lib/thumb/v6-m/nofp/libg.a(libc_a-atof.o)
                              CMakeFiles/testFT8.dir/gpstime/GPStime.c.o (atof)
/Applications/ArmGNUToolchain/15.2.rel1/arm-none-eabi/bin/../lib/gcc/arm-none-eabi/15.2.1/../../../../arm-none-eabi/lib/thumb/v6-m/nofp/libg.a(libc_a-atol.o)
                              CMakeFiles/testFT8.dir/conswrapper.c.o (atol)
/Applications/ArmGNUToolchain/15.2.rel1/arm-none-eabi/bin/../lib/gcc/arm-none-eabi/15.2.1/../../../../arm-none-eabi/lib/thumb/v6-m/nofp/libg.a(libc_a-calloc.o)
                              CMakeFiles/testFT8.dir/Users/PCOLLA/.pico-sdk/sdk/2.2.0/src/rp2_common/pico_malloc/malloc.c.o (calloc)
/Applications/ArmGNUToolchain/15.2.rel1/arm-none-eabi/bin/../lib/gcc/arm-none-eabi/15.2.1/../../../../arm-none-eabi/lib/thumb/v6-m/nofp/libg.a(libc_a-callocr.o)
                              /Applications/ArmGNUToolchain/15.2.rel1/arm-none-eabi/bin/../lib/gcc/arm-none-eabi/15.2.1/../../../../arm-none-eabi/lib/thumb/v6-m/nofp/libg.a(libc_a-calloc.o) (_calloc_r)
/Applications/ArmGNUToolchain/15.2.rel1/arm-none-eabi/bin/../lib/gcc/arm-none-eabi/15.2.1/../../../../arm-none-eabi/lib/thumb/v6-m/nofp/libg.a(libc_a-malloc.o)
                              CMakeFiles/testFT8.dir/Users/PCOLLA/.pico-sdk/sdk/2.2.0/src/rp2_common/pico_malloc/malloc.c.o (malloc)
/Applications/ArmGNUToolchain/15.2.rel1/arm-none-eabi/bin/../lib/gcc/arm-none-eabi/15.2.1/../../../../arm-none-eabi/lib/thumb/v6-m/nofp/libg.a(libc_a-mallocr.o)
                              /Applications/ArmGNUToolchain/15.2.rel1/arm-none-eabi/bin/../lib/gcc/arm-none-eabi/15.2.1/../../../../arm-none-eabi/lib/thumb/v6-m/nofp/libg.a(libc_a-callocr.o) (_malloc_r)
/Applications/ArmGNUToolchain/15.2.rel1/arm-none-eabi/bin/../lib/gcc/arm-none-eabi/15.2.1/../../../../arm-none-eabi/lib/thumb/v6-m/nofp/libg.a(libc_a-fread.o)
                              CMakeFiles/testFT8.dir/ft8_lib/common/wave.c.o (fread)
/Applications/ArmGNUToolchain/15.2.rel1/arm-none-eabi/bin/../lib/gcc/arm-none-eabi/15.2.1/../../../../arm-none-eabi/lib/thumb/v6-m/nofp/libg.a(libc_a-mlock.o)
                              /Applications/ArmGNUToolchain/15.2.rel1/arm-none-eabi/bin/../lib/gcc/arm-none-eabi/15.2.1/../../../../arm-none-eabi/lib/thumb/v6-m/nofp/libg.a(libc_a-mallocr.o) (__malloc_lock)
/Applications/ArmGNUToolchain/15.2.rel1/arm-none-eabi/bin/../lib/gcc/arm-none-eabi/15.2.1/../../../../arm-none-eabi/lib/thumb/v6-m/nofp/libg.a(libc_a-fwrite.o)
                              CMakeFiles/testFT8.dir/ft8_lib/common/wave.c.o (fwrite)
/Applications/ArmGNUToolchain/15.2.rel1/arm-none-eabi/bin/../lib/gcc/arm-none-eabi/15.2.1/../../../../arm-none-eabi/lib/thumb/v6-m/nofp/libg.a(libc_a-realloc.o)
                              CMakeFiles/testFT8.dir/Users/PCOLLA/.pico-sdk/sdk/2.2.0/src/rp2_common/pico_malloc/malloc.c.o (realloc)
/Applications/ArmGNUToolchain/15.2.rel1/arm-none-eabi/bin/../lib/gcc/arm-none-eabi/15.2.1/../../../../arm-none-eabi/lib/thumb/v6-m/nofp/libg.a(libc_a-reallocr.o)
                              /Applications/ArmGNUToolchain/15.2.rel1/arm-none-eabi/bin/../lib/gcc/arm-none-eabi/15.2.1/../../../../arm-none-eabi/lib/thumb/v6-m/nofp/libg.a(libc_a-realloc.o) (_realloc_r)
/Applications/ArmGNUToolchain/15.2.rel1/arm-none-eabi/bin/../lib/gcc/arm-none-eabi/15.2.1/../../../../arm-none-eabi/lib/thumb/v6-m/nofp/libg.a(libc_a-strtod.o)
                              /Applications/ArmGNUToolchain/15.2.rel1/arm-none-eabi/bin/../lib/gcc/arm-none-eabi/15.2.1/../../../../arm-none-eabi/lib/thumb/v6-m/nofp/libg.a(libc_a-atof.o) (strtod)
/Applications/ArmGNUToolchain/15.2.rel1/arm-none-eabi/bin/../lib/gcc/arm-none-eabi/15.2.1/../../../../arm-none-eabi/lib/thumb/v6-m/nofp/libg.a(libc_a-strtol.o)
                              /Applications/ArmGNUToolchain/15.2.rel1/arm-none-eabi/bin/../lib/gcc/arm-none-eabi/15.2.1/../../../../arm-none-eabi/lib/thumb/v6-m/nofp/libg.a(libc_a-atol.o) (_strtol_r)
/Applications/ArmGNUToolchain/15.2.rel1/arm-none-eabi/bin/../lib/gcc/arm-none-eabi/15.2.1/../../../../arm-none-eabi/lib/thumb/v6-m/nofp/libg.a(libc_a-refill.o)
                              /Applications/ArmGNUToolchain/15.2.rel1/arm-none-eabi/bin/../lib/gcc/arm-none-eabi/15.2.1/../../../../arm-none-eabi/lib/thumb/v6-m/nofp/libg.a(libc_a-fread.o) (__srefill_r)
/Applications/ArmGNUToolchain/15.2.rel1/arm-none-eabi/bin/../lib/gcc/arm-none-eabi/15.2.1/../../../../arm-none-eabi/lib/thumb/v6-m/nofp/libg.a(libc_a-fclose.o)
                              CMakeFiles/testFT8.dir/ft8_lib/common/wave.c.o (fclose)
[...]
Memory Configuration

Name             Origin             Length             Attributes
FLASH            0x10000000         0x00200000         xr
RAM              0x20000000         0x00040000         xrw
SCRATCH_X        0x20040000         0x00001000         xrw
SCRATCH_Y        0x20041000         0x00001000         xrw
*default*        0x00000000         0xffffffff

Linker script and memory map

LOAD /Applications/ArmGNUToolchain/15.2.rel1/arm-none-eabi/bin/../lib/gcc/arm-none-eabi/15.2.1/thumb/v6-m/nofp/crti.o
LOAD /Applications/ArmGNUToolchain/15.2.rel1/arm-none-eabi/bin/../lib/gcc/arm-none-eabi/15.2.1/thumb/v6-m/nofp/crtbegin.o
LOAD /Applications/ArmGNUToolchain/15.2.rel1/arm-none-eabi/bin/../lib/gcc/arm-none-eabi/15.2.1/../../../../arm-none-eabi/lib/thumb/v6-m/nofp/crt0.o

.flash_begin    0x10000000        0x0
                0x10000000                        __flash_binary_start = .

.boot2          0x10000000      0x100
                0x10000000                        __boot2_start__ = .
 *(.boot2)
 .boot2         0x10000000      0x100 pico-sdk/src/rp2040/boot_stage2/CMakeFiles/bs2_default_library.dir/bs2_default_padded_checksummed.S.o
                0x10000100                        __boot2_end__ = .
                0x00000001                        ASSERT (((__boot2_end__ - __boot2_start__) == 0x100), ERROR: Pico second stage bootloader must be 256 bytes in size)

.text           0x10000100     0x92d4
                0x10000100                        __logical_binary_start = .
 *(.vectors)
 .vectors       0x10000100       0xd4 CMakeFiles/testFT8.dir/Users/PCOLLA/.pico-sdk/sdk/2.2.0/src/rp2_common/pico_crt0/crt0.S.o
                0x10000100                __VECTOR_TABLE
                0x10000100                __vectors
                0x100001c0                isr_irq13
                0x100001c0                isr_irq27
                0x100001c0                isr_irq31
                0x100001c0                isr_irq5
                0x100001c0                isr_irq11
                0x100001c0                isr_irq23
                0x100001c0                isr_irq18
                0x100001c0                isr_irq9
                0x100001c0                __unhandled_user_irq
                0x100001c0                isr_irq25
                0x100001c0                isr_irq4
                0x100001c0                isr_irq16
                0x100001c0                isr_irq29
                0x100001c0                isr_irq26
                0x100001c0                isr_irq3
                0x100001c0                isr_irq12
                0x100001c0                isr_irq30
                0x100001c0                isr_irq28
                0x100001c0                isr_irq19
                0x100001c0                isr_irq0
                0x100001c0                isr_irq6
                0x100001c0                isr_irq22
                0x100001c0                isr_irq17
                0x100001c0                isr_irq14
                0x100001c0                __vectors_end
                0x100001c0                __default_isrs_start
                0x100001c0                isr_irq2
                0x100001c0                isr_irq10
                0x100001c0                isr_irq8
                0x100001c0                isr_irq24
                0x100001c0                isr_irq1
                0x100001c0                isr_irq7
                0x100001c0                isr_irq21
                0x100001c0                isr_irq20
                0x100001c0                isr_irq15
                0x100001c6                unhandled_user_irq_num_in_r0
                0x100001c8                isr_invalid
                0x100001ca                isr_nmi
                0x100001cc                isr_hardfault
                0x100001ce                isr_svcall
                0x100001d0                isr_pendsv
                0x100001d2                isr_systick
                0x100001d4                __default_isrs_end
 *(.binary_info_header)
 .binary_info_header
                0x100001d4       0x14 CMakeFiles/testFT8.dir/Users/PCOLLA/.pico-sdk/sdk/2.2.0/src/rp2_common/pico_crt0/crt0.S.o
                0x100001e8                        __binary_info_header_end = .
 *(.embedded_block)
                0x100001e8                        __embedded_block_end = .
 *(.reset)
 .reset         0x100001e8       0x9c CMakeFiles/testFT8.dir/Users/PCOLLA/.pico-sdk/sdk/2.2.0/src/rp2_common/pico_crt0/crt0.S.o
                0x100001e8                _entry_point
 *(.init)
 .init          0x10000284        0x4 /Applications/ArmGNUToolchain/15.2.rel1/arm-none-eabi/bin/../lib/gcc/arm-none-eabi/15.2.1/thumb/v6-m/nofp/crti.o
                0x10000284                _init
 *(EXCLUDE_FILE(*libm.a: *libc.a:*lib_a-mem*.o *libgcc.a:) .text*)
 .text.register_tm_clones
                0x10000288       0x28 /Applications/ArmGNUToolchain/15.2.rel1/arm-none-eabi/bin/../lib/gcc/arm-none-eabi/15.2.1/thumb/v6-m/nofp/crtbegin.o
 .text.frame_dummy
                0x100002b0       0x24 /Applications/ArmGNUToolchain/15.2.rel1/arm-none-eabi/bin/../lib/gcc/arm-none-eabi/15.2.1/thumb/v6-m/nofp/crtbegin.o
 .text.core1_entry
                0x100002d4       0x54 CMakeFiles/testFT8.dir/testFT8.c.o
                0x100002d4                core1_entry
 .text.FT8GenerateSymbols
                0x10000328       0xd8 CMakeFiles/testFT8.dir/testFT8.c.o
                0x10000328                FT8GenerateSymbols
 .text.initBoard
                0x10000400       0x50 CMakeFiles/testFT8.dir/testFT8.c.o
                0x10000400                initBoard
 .text.ADXsetup
                0x10000450       0x9c CMakeFiles/testFT8.dir/testFT8.c.o
                0x10000450                ADXsetup
 .text.syncTime
                0x100004ec       0x9c CMakeFiles/testFT8.dir/testFT8.c.o
                0x100004ec                syncTime
 .text.testLED  0x10000588      0x170 CMakeFiles/testFT8.dir/testFT8.c.o
                0x10000588                testLED
 .text.startup.main
                0x100006f8       0xf4 CMakeFiles/testFT8.dir/testFT8.c.o
                0x100006f8                main
 .text.assert_  0x100007ec       0x2c CMakeFiles/testFT8.dir/lib/assert.c.o
                0x100007ec                assert_
 .text.PioDCOInit
                0x10000818      0x198 CMakeFiles/testFT8.dir/piodco/piodco.c.o
                0x10000818                PioDCOInit
 .text.PioDCOSetFreq
                0x100009b0       0x94 CMakeFiles/testFT8.dir/piodco/piodco.c.o
                0x100009b0                PioDCOSetFreq
 .text.PioDCOStart
                0x10000a44       0x24 CMakeFiles/testFT8.dir/piodco/piodco.c.o
                0x10000a44                PioDCOStart
 .text.is_digit
                0x10000a68       0x10 CMakeFiles/testFT8.dir/ft8_lib/ft8/text.c.o
                0x10000a68                is_digit
 .text.is_letter
                0x10000a78       0x14 CMakeFiles/testFT8.dir/ft8_lib/ft8/text.c.o
                0x10000a78                is_letter
 .text.in_range
                0x10000a8c       0x14 CMakeFiles/testFT8.dir/ft8_lib/ft8/text.c.o
                0x10000a8c                in_range
 .text.starts_with
                0x10000aa0       0x20 CMakeFiles/testFT8.dir/ft8_lib/ft8/text.c.o
                0x10000aa0                starts_with
 .text.equals   0x10000ac0       0x10 CMakeFiles/testFT8.dir/ft8_lib/ft8/text.c.o
                0x10000ac0                equals
 .text.char_index
                0x10000ad0       0x20 CMakeFiles/testFT8.dir/ft8_lib/ft8/text.c.o
                0x10000ad0                char_index
 .text.dd_to_int
                0x10000af0       0x54 CMakeFiles/testFT8.dir/ft8_lib/ft8/text.c.o
                0x10000af0                dd_to_int
 .text.pack28.part.0
                0x10000b44      0x21c CMakeFiles/testFT8.dir/ft8_lib/ft8/pack.c.o
 .text.packgrid
                0x10000d60       0xe4 CMakeFiles/testFT8.dir/ft8_lib/ft8/pack.c.o
                0x10000d60                packgrid
 .text.pack77_1
                0x10000e44      0x24c CMakeFiles/testFT8.dir/ft8_lib/ft8/pack.c.o
                0x10000e44                pack77_1
 .text.packtext77
                0x10001090      0x240 CMakeFiles/testFT8.dir/ft8_lib/ft8/pack.c.o
                0x10001090                packtext77
 .text.pack77   0x100012d0       0x1c CMakeFiles/testFT8.dir/ft8_lib/ft8/pack.c.o
                0x100012d0                pack77
 .text.encode174
                0x100012ec      0x200 CMakeFiles/testFT8.dir/ft8_lib/ft8/encode.c.o
 .text.ft8_encode
                0x100014ec      0x144 CMakeFiles/testFT8.dir/ft8_lib/ft8/encode.c.o
                0x100014ec                ft8_encode
 .text.ftx_add_crc
                0x10001630       0xac CMakeFiles/testFT8.dir/ft8_lib/ft8/crc.c.o
                0x10001630                ftx_add_crc
 .text.gpio_set_function
                0x100016dc       0x30 CMakeFiles/testFT8.dir/Users/PCOLLA/.pico-sdk/sdk/2.2.0/src/rp2_common/hardware_gpio/gpio.c.o
                0x100016dc                gpio_set_function
 .text.gpio_init
                0x1000170c       0x3c CMakeFiles/testFT8.dir/Users/PCOLLA/.pico-sdk/sdk/2.2.0/src/rp2_common/hardware_gpio/gpio.c.o
                0x1000170c                gpio_init
 .text.rp2040_chip_version
                0x10001748        0xc CMakeFiles/testFT8.dir/Users/PCOLLA/.pico-sdk/sdk/2.2.0/src/rp2040/pico_platform/platform.c.o
                0x10001748                rp2040_chip_version
 .text.panic    0x10001754       0x30 CMakeFiles/testFT8.dir/Users/PCOLLA/.pico-sdk/sdk/2.2.0/src/rp2_common/pico_platform_panic/panic.c.o
                0x10001754                panic
 .text.hw_claim_lock
                0x10001784       0x18 CMakeFiles/testFT8.dir/Users/PCOLLA/.pico-sdk/sdk/2.2.0/src/common/hardware_claim/claim.c.o
                0x10001784                hw_claim_lock
 .text.hw_claim_unlock
                0x1000179c       0x14 CMakeFiles/testFT8.dir/Users/PCOLLA/.pico-sdk/sdk/2.2.0/src/common/hardware_claim/claim.c.o
                0x1000179c                hw_claim_unlock
 .text.hw_claim_or_assert
                0x100017b0       0x50 CMakeFiles/testFT8.dir/Users/PCOLLA/.pico-sdk/sdk/2.2.0/src/common/hardware_claim/claim.c.o
                0x100017b0                hw_claim_or_assert
 .text.hw_claim_unused_from_range
                0x10001800       0x88 CMakeFiles/testFT8.dir/Users/PCOLLA/.pico-sdk/sdk/2.2.0/src/common/hardware_claim/claim.c.o
                0x10001800                hw_claim_unused_from_range
 .text.next_striped_spin_lock_num
                0x10001888       0x18 CMakeFiles/testFT8.dir/Users/PCOLLA/.pico-sdk/sdk/2.2.0/src/rp2_common/hardware_sync/sync.c.o
                0x10001888                next_striped_spin_lock_num
 .text.spin_lock_claim_unused
                0x100018a0       0x20 CMakeFiles/testFT8.dir/Users/PCOLLA/.pico-sdk/sdk/2.2.0/src/rp2_common/hardware_sync/sync.c.o
                0x100018a0                spin_lock_claim_unused
 .text.spin_locks_reset
                0x100018c0       0x1c CMakeFiles/testFT8.dir/Users/PCOLLA/.pico-sdk/sdk/2.2.0/src/rp2_common/hardware_sync_spin_lock/sync_spin_lock.c.o
                0x100018c0                spin_locks_reset
 .text.runtime_init_per_core_irq_priorities
                0x100018dc       0x48 CMakeFiles/testFT8.dir/Users/PCOLLA/.pico-sdk/sdk/2.2.0/src/rp2_common/hardware_irq/irq.c.o
                0x100018dc                runtime_init_per_core_irq_priorities
 .text.irq_set_enabled
                0x10001924       0x24 CMakeFiles/testFT8.dir/Users/PCOLLA/.pico-sdk/sdk/2.2.0/src/rp2_common/hardware_irq/irq.c.o
                0x10001924                irq_set_enabled
 .text.irq_is_enabled
                0x10001948       0x18 CMakeFiles/testFT8.dir/Users/PCOLLA/.pico-sdk/sdk/2.2.0/src/rp2_common/hardware_irq/irq.c.o
                0x10001948                irq_is_enabled
 .text.irq_set_pending
                0x10001960       0x10 CMakeFiles/testFT8.dir/Users/PCOLLA/.pico-sdk/sdk/2.2.0/src/rp2_common/hardware_irq/irq.c.o
                0x10001960                irq_set_pending
 .text.irq_has_shared_handler
                0x10001970       0x20 CMakeFiles/testFT8.dir/Users/PCOLLA/.pico-sdk/sdk/2.2.0/src/rp2_common/hardware_irq/irq.c.o
                0x10001970                irq_has_shared_handler
 .text.irq_set_exclusive_handler
                0x10001990       0x54 CMakeFiles/testFT8.dir/Users/PCOLLA/.pico-sdk/sdk/2.2.0/src/rp2_common/hardware_irq/irq.c.o
                0x10001990                irq_set_exclusive_handler
 .text.irq_add_shared_handler
                0x100019e4      0x1cc CMakeFiles/testFT8.dir/Users/PCOLLA/.pico-sdk/sdk/2.2.0/src/rp2_common/hardware_irq/irq.c.o
                0x100019e4                irq_add_shared_handler
 .text.irq_add_tail_to_free_list
                0x10001bb0       0xb4 CMakeFiles/testFT8.dir/Users/PCOLLA/.pico-sdk/sdk/2.2.0/src/rp2_common/hardware_irq/irq.c.o
                0x10001bb0                irq_add_tail_to_free_list
 .text.user_irq_claim_unused
                0x10001c64       0x28 CMakeFiles/testFT8.dir/Users/PCOLLA/.pico-sdk/sdk/2.2.0/src/rp2_common/hardware_irq/irq.c.o
                0x10001c64                user_irq_claim_unused
 .text.lock_init
                0x10001c8c       0x10 CMakeFiles/testFT8.dir/Users/PCOLLA/.pico-sdk/sdk/2.2.0/src/common/pico_sync/lock_core.c.o
                0x10001c8c                lock_init
 .text.runtime_init_mutex
                0x10001c9c       0x50 CMakeFiles/testFT8.dir/Users/PCOLLA/.pico-sdk/sdk/2.2.0/src/common/pico_sync/mutex.c.o
                0x10001c9c                runtime_init_mutex
 .text.mutex_init
                0x10001cec       0x1c CMakeFiles/testFT8.dir/Users/PCOLLA/.pico-sdk/sdk/2.2.0/src/common/pico_sync/mutex.c.o
                0x10001cec                mutex_init
 .text.critical_section_init
                0x10001d08       0x1c CMakeFiles/testFT8.dir/Users/PCOLLA/.pico-sdk/sdk/2.2.0/src/common/pico_sync/critical_section.c.o
                0x10001d08                critical_section_init
 .text.critical_section_init_with_lock_num
                0x10001d24       0x14 CMakeFiles/testFT8.dir/Users/PCOLLA/.pico-sdk/sdk/2.2.0/src/common/pico_sync/critical_section.c.o
                0x10001d24                critical_section_init_with_lock_num
 .text.sleep_until_callback
                0x10001d38       0x30 CMakeFiles/testFT8.dir/Users/PCOLLA/.pico-sdk/sdk/2.2.0/src/common/pico_time/time.c.o
 .text.alarm_pool_irq_handler
                0x10001d68      0x2f4 CMakeFiles/testFT8.dir/Users/PCOLLA/.pico-sdk/sdk/2.2.0/src/common/pico_time/time.c.o
 .text.runtime_init_default_alarm_pool
                0x1000205c       0xd8 CMakeFiles/testFT8.dir/Users/PCOLLA/.pico-sdk/sdk/2.2.0/src/common/pico_time/time.c.o
                0x1000205c                runtime_init_default_alarm_pool
 .text.alarm_pool_get_default
                0x10002134        0x8 CMakeFiles/testFT8.dir/Users/PCOLLA/.pico-sdk/sdk/2.2.0/src/common/pico_time/time.c.o
                0x10002134                alarm_pool_get_default
 .text.alarm_pool_add_alarm_at
                0x1000213c       0xcc CMakeFiles/testFT8.dir/Users/PCOLLA/.pico-sdk/sdk/2.2.0/src/common/pico_time/time.c.o
                0x1000213c                alarm_pool_add_alarm_at
 .text.alarm_pool_add_alarm_at_force_in_context
                0x10002208       0xbc CMakeFiles/testFT8.dir/Users/PCOLLA/.pico-sdk/sdk/2.2.0/src/common/pico_time/time.c.o
                0x10002208                alarm_pool_add_alarm_at_force_in_context
 .text.alarm_pool_cancel_alarm
                0x100022c4       0x74 CMakeFiles/testFT8.dir/Users/PCOLLA/.pico-sdk/sdk/2.2.0/src/common/pico_time/time.c.o
                0x100022c4                alarm_pool_cancel_alarm
 .text.alarm_pool_core_num
                0x10002338        0x4 CMakeFiles/testFT8.dir/Users/PCOLLA/.pico-sdk/sdk/2.2.0/src/common/pico_time/time.c.o
                0x10002338                alarm_pool_core_num
 .text.sleep_ms
                0x1000233c       0xfc CMakeFiles/testFT8.dir/Users/PCOLLA/.pico-sdk/sdk/2.2.0/src/common/pico_time/time.c.o
                0x1000233c                sleep_ms
 .text.best_effort_wfe_or_timeout
                0x10002438      0x100 CMakeFiles/testFT8.dir/Users/PCOLLA/.pico-sdk/sdk/2.2.0/src/common/pico_time/time.c.o
                0x10002438                best_effort_wfe_or_timeout
 .text.timer_hardware_alarm_claim
                0x10002538       0x14 CMakeFiles/testFT8.dir/Users/PCOLLA/.pico-sdk/sdk/2.2.0/src/rp2_common/hardware_timer/timer.c.o
                0x10002538                timer_hardware_alarm_claim
 .text.timer_time_us_64
                0x1000254c       0x10 CMakeFiles/testFT8.dir/Users/PCOLLA/.pico-sdk/sdk/2.2.0/src/rp2_common/hardware_timer/timer.c.o
                0x1000254c                timer_time_us_64
 .text.time_us_64
                0x1000255c       0x14 CMakeFiles/testFT8.dir/Users/PCOLLA/.pico-sdk/sdk/2.2.0/src/rp2_common/hardware_timer/timer.c.o
                0x1000255c                time_us_64
 .text.busy_wait_us
                0x10002570       0x6c CMakeFiles/testFT8.dir/Users/PCOLLA/.pico-sdk/sdk/2.2.0/src/rp2_common/hardware_timer/timer.c.o
                0x10002570                busy_wait_us
 .text.busy_wait_until
                0x100025dc       0x20 CMakeFiles/testFT8.dir/Users/PCOLLA/.pico-sdk/sdk/2.2.0/src/rp2_common/hardware_timer/timer.c.o
                0x100025dc                busy_wait_until
 .text.datetime_to_str
                0x100025fc       0x54 CMakeFiles/testFT8.dir/Users/PCOLLA/.pico-sdk/sdk/2.2.0/src/common/pico_util/datetime.c.o
                0x100025fc                datetime_to_str
 .text.clock_configure_int_divider
                0x10002650       0xec CMakeFiles/testFT8.dir/Users/PCOLLA/.pico-sdk/sdk/2.2.0/src/rp2_common/hardware_clocks/clocks.c.o
                0x10002650                clock_configure_int_divider
 .text.clock_configure_undivided
                0x1000273c       0xe0 CMakeFiles/testFT8.dir/Users/PCOLLA/.pico-sdk/sdk/2.2.0/src/rp2_common/hardware_clocks/clocks.c.o
                0x1000273c                clock_configure_undivided
 .text.clock_get_hz
                0x1000281c        0xc CMakeFiles/testFT8.dir/Users/PCOLLA/.pico-sdk/sdk/2.2.0/src/rp2_common/hardware_clocks/clocks.c.o
                0x1000281c                clock_get_hz
 .text.set_sys_clock_pll
                0x10002828      0x1b4 CMakeFiles/testFT8.dir/Users/PCOLLA/.pico-sdk/sdk/2.2.0/src/rp2_common/hardware_clocks/clocks.c.o
                0x10002828                set_sys_clock_pll
 .text.check_sys_clock_khz
                0x100029dc      0x288 CMakeFiles/testFT8.dir/Users/PCOLLA/.pico-sdk/sdk/2.2.0/src/rp2_common/hardware_clocks/clocks.c.o
                0x100029dc                check_sys_clock_khz
 .text.pll_init
                0x10002c64       0xb0 CMakeFiles/testFT8.dir/Users/PCOLLA/.pico-sdk/sdk/2.2.0/src/rp2_common/hardware_pll/pll.c.o
                0x10002c64                pll_init
 .text.watchdog_reboot
                0x10002d14       0x9c CMakeFiles/testFT8.dir/Users/PCOLLA/.pico-sdk/sdk/2.2.0/src/rp2_common/hardware_watchdog/watchdog.c.o
                0x10002d14                watchdog_reboot
 .text.tick_start
                0x10002db0       0x10 CMakeFiles/testFT8.dir/Users/PCOLLA/.pico-sdk/sdk/2.2.0/src/rp2_common/hardware_ticks/ticks.c.o
                0x10002db0                tick_start
 .text.rom_func_lookup
                0x10002dc0       0x10 CMakeFiles/testFT8.dir/Users/PCOLLA/.pico-sdk/sdk/2.2.0/src/rp2_common/pico_bootrom/bootrom.c.o
                0x10002dc0                rom_func_lookup
 .text.rom_data_lookup
                0x10002dd0       0x10 CMakeFiles/testFT8.dir/Users/PCOLLA/.pico-sdk/sdk/2.2.0/src/rp2_common/pico_bootrom/bootrom.c.o
                0x10002dd0                rom_data_lookup
 .text.rom_funcs_lookup
                0x10002de0       0x44 CMakeFiles/testFT8.dir/Users/PCOLLA/.pico-sdk/sdk/2.2.0/src/rp2_common/pico_bootrom/bootrom.c.o
                0x10002de0                rom_funcs_lookup
 .text.rom_reset_usb_boot_extra
                0x10002e24       0x24 CMakeFiles/testFT8.dir/Users/PCOLLA/.pico-sdk/sdk/2.2.0/src/rp2_common/pico_bootrom/bootrom.c.o
                0x10002e24                rom_reset_usb_boot_extra
 .text.xosc_init
                0x10002e48       0x28 CMakeFiles/testFT8.dir/Users/PCOLLA/.pico-sdk/sdk/2.2.0/src/rp2_common/hardware_xosc/xosc.c.o
                0x10002e48                xosc_init
 .text.first_per_core_initializer
                0x10002e70        0x4 CMakeFiles/testFT8.dir/Users/PCOLLA/.pico-sdk/sdk/2.2.0/src/rp2_common/pico_runtime/runtime.c.o
 .text.hard_assertion_failure
                0x10002e74        0xc CMakeFiles/testFT8.dir/Users/PCOLLA/.pico-sdk/sdk/2.2.0/src/rp2_common/pico_runtime/runtime.c.o
                0x10002e74                hard_assertion_failure
 .text.runtime_run_initializers
                0x10002e80       0x28 CMakeFiles/testFT8.dir/Users/PCOLLA/.pico-sdk/sdk/2.2.0/src/rp2_common/pico_runtime/runtime.c.o
                0x10002e80                runtime_run_initializers
 .text.runtime_run_per_core_initializers
                0x10002ea8       0x28 CMakeFiles/testFT8.dir/Users/PCOLLA/.pico-sdk/sdk/2.2.0/src/rp2_common/pico_runtime/runtime.c.o
                0x10002ea8                runtime_run_per_core_initializers
 .text.runtime_init_early_resets
                0x10002ed0       0x2c CMakeFiles/testFT8.dir/Users/PCOLLA/.pico-sdk/sdk/2.2.0/src/rp2_common/pico_runtime_init/runtime_init.c.o
                0x10002ed0                runtime_init_early_resets
 .text.runtime_init_usb_power_down
                0x10002efc       0x1c CMakeFiles/testFT8.dir/Users/PCOLLA/.pico-sdk/sdk/2.2.0/src/rp2_common/pico_runtime_init/runtime_init.c.o
                0x10002efc                runtime_init_usb_power_down
 .text.runtime_init_post_clock_resets
                0x10002f18       0x20 CMakeFiles/testFT8.dir/Users/PCOLLA/.pico-sdk/sdk/2.2.0/src/rp2_common/pico_runtime_init/runtime_init.c.o
                0x10002f18                runtime_init_post_clock_resets
 .text.runtime_init_rp2040_gpio_ie_disable
                0x10002f38       0x14 CMakeFiles/testFT8.dir/Users/PCOLLA/.pico-sdk/sdk/2.2.0/src/rp2_common/pico_runtime_init/runtime_init.c.o
                0x10002f38                runtime_init_rp2040_gpio_ie_disable
 .text.runtime_init_spin_locks_reset
                0x10002f4c        0x8 CMakeFiles/testFT8.dir/Users/PCOLLA/.pico-sdk/sdk/2.2.0/src/rp2_common/pico_runtime_init/runtime_init.c.o
                0x10002f4c                runtime_init_spin_locks_reset
 .text.runtime_init_install_ram_vector_table
                0x10002f54       0xb8 CMakeFiles/testFT8.dir/Users/PCOLLA/.pico-sdk/sdk/2.2.0/src/rp2_common/pico_runtime_init/runtime_init.c.o
                0x10002f54                runtime_init_install_ram_vector_table
 .text.runtime_init_clocks
                0x1000300c       0xd8 CMakeFiles/testFT8.dir/Users/PCOLLA/.pico-sdk/sdk/2.2.0/src/rp2_common/pico_runtime_init/runtime_init_clocks.c.o
                0x1000300c                runtime_init_clocks
 .text          0x100030e4       0x10 CMakeFiles/testFT8.dir/Users/PCOLLA/.pico-sdk/sdk/2.2.0/src/rp2_common/pico_bit_ops/bit_ops_aeabi.S.o
 .text.__wrap___aeabi_idiv
                0x100030f4       0x50 CMakeFiles/testFT8.dir/Users/PCOLLA/.pico-sdk/sdk/2.2.0/src/rp2_common/pico_divider/divider_hardware.S.o
                0x100030f4                __wrap___aeabi_idivmod
                0x100030f4                divmod_s32s32
                0x100030f4                div_s32s32
                0x100030f4                __wrap___aeabi_idiv
                0x100030fc                divmod_s32s32_unsafe
                0x10003128                divmod_s32s32_savestate
 .text.__wrap___aeabi_uidiv
                0x10003144       0x4c CMakeFiles/testFT8.dir/Users/PCOLLA/.pico-sdk/sdk/2.2.0/src/rp2_common/pico_divider/divider_hardware.S.o
                0x10003144                __wrap___aeabi_uidiv
                0x10003144                __wrap___aeabi_uidivmod
                0x10003144                div_u32u32
                0x10003144                divmod_u32u32
                0x1000314c                divmod_u32u32_unsafe
                0x10003174                divmod_u32u32_savestate
 .text.__wrap___aeabi_ldiv
                0x10003190      0x424 CMakeFiles/testFT8.dir/Users/PCOLLA/.pico-sdk/sdk/2.2.0/src/rp2_common/pico_divider/divider_hardware.S.o
                0x10003190                __wrap___aeabi_ldivmod
                0x10003190                div_s64s64
                0x10003190                divmod_s64s64
                0x100031c0                divmod_u64u64
                0x100031c0                div_u64u64
                0x100031c0                __wrap___aeabi_uldivmod
                0x100031d0                divmod_u64u64_savestate
                0x100031f0                divmod_s64s64_unsafe
                0x10003278                divmod_u64u64_unsafe
 .text.__wrap___aeabi_darithmetic
                0x100035b4       0x80 CMakeFiles/testFT8.dir/Users/PCOLLA/.pico-sdk/sdk/2.2.0/src/rp2_common/pico_double/double_aeabi_rp2040.S.o
                0x100035b4                __wrap___aeabi_drsub
                0x100035ba                __wrap___aeabi_dsub
                0x100035cc                __wrap___aeabi_dadd
                0x100035de                __wrap___aeabi_ddiv
                0x1000361a                __wrap___aeabi_dmul
 .text.__wrap___aeabi_cdcmple
                0x10003634       0x6c CMakeFiles/testFT8.dir/Users/PCOLLA/.pico-sdk/sdk/2.2.0/src/rp2_common/pico_double/double_aeabi_rp2040.S.o
                0x10003634                __wrap___aeabi_cdrcmple
                0x10003644                __wrap___aeabi_cdcmple
                0x10003644                __wrap___aeabi_cdcmpeq
 .text.__wrap___aeabi_dcmplt
                0x100036a0        0xc CMakeFiles/testFT8.dir/Users/PCOLLA/.pico-sdk/sdk/2.2.0/src/rp2_common/pico_double/double_aeabi_rp2040.S.o
                0x100036a0                __wrap___aeabi_dcmplt
 .text.__wrap___aeabi_dcmple
                0x100036ac       0x10 CMakeFiles/testFT8.dir/Users/PCOLLA/.pico-sdk/sdk/2.2.0/src/rp2_common/pico_double/double_aeabi_rp2040.S.o
                0x100036ac                __wrap___aeabi_dcmple
 .text.__wrap___aeabi_dcmpge
                0x100036bc       0x10 CMakeFiles/testFT8.dir/Users/PCOLLA/.pico-sdk/sdk/2.2.0/src/rp2_common/pico_double/double_aeabi_rp2040.S.o
                0x100036bc                __wrap___aeabi_dcmpge
 .text.__wrap___aeabi_dcmpgt
                0x100036cc        0xa CMakeFiles/testFT8.dir/Users/PCOLLA/.pico-sdk/sdk/2.2.0/src/rp2_common/pico_double/double_aeabi_rp2040.S.o
                0x100036cc                __wrap___aeabi_dcmpgt
 .text.__wrap___aeabi_dcmpun
                0x100036d6       0x18 CMakeFiles/testFT8.dir/Users/PCOLLA/.pico-sdk/sdk/2.2.0/src/rp2_common/pico_double/double_aeabi_rp2040.S.o
                0x100036d6                __wrap___aeabi_dcmpun
 *fill*         0x100036ee        0x2 
 .text.__wrap___aeabi_i2d
                0x100036f0       0x38 CMakeFiles/testFT8.dir/Users/PCOLLA/.pico-sdk/sdk/2.2.0/src/rp2_common/pico_double/double_aeabi_rp2040.S.o
                0x100036f0                __wrap___aeabi_ui2d
                0x100036f0                uint2double
                0x100036f8                __wrap___aeabi_i2d
                0x100036f8                int2double
 .text.__wrap___aeabi_d2iz
                0x10003728       0x48 CMakeFiles/testFT8.dir/Users/PCOLLA/.pico-sdk/sdk/2.2.0/src/rp2_common/pico_double/double_aeabi_rp2040.S.o
                0x10003728                __wrap___aeabi_d2iz
                0x10003728                double2int_z
 .text.__wrap___aeabi_d2uiz
                0x10003770       0x18 CMakeFiles/testFT8.dir/Users/PCOLLA/.pico-sdk/sdk/2.2.0/src/rp2_common/pico_double/double_aeabi_rp2040.S.o
                0x10003770                double2uint_z
                0x10003770                double2uint
                0x10003770                __wrap___aeabi_d2uiz
 .text.__aeabi_double_init
                0x10003788       0xa4 CMakeFiles/testFT8.dir/Users/PCOLLA/.pico-sdk/sdk/2.2.0/src/rp2_common/pico_double/double_init_rom_rp2040.c.o
                0x10003788                __aeabi_double_init
 .text.double_table_shim_on_use_helper
                0x1000382c       0x2c CMakeFiles/testFT8.dir/Users/PCOLLA/.pico-sdk/sdk/2.2.0/src/rp2_common/pico_double/double_v1_rom_shim_rp2040.S.o
                0x1000382c                double_table_shim_on_use_helper
 .text.__wrap___aeabi_dsub
                0x10003858       0x10 CMakeFiles/testFT8.dir/Users/PCOLLA/.pico-sdk/sdk/2.2.0/src/rp2_common/pico_double/double_v1_rom_shim_rp2040.S.o
                0x10003858                drsub_shim
                0x1000385e                dsub_shim
 .text.dadd_shim
                0x10003868      0x15c CMakeFiles/testFT8.dir/Users/PCOLLA/.pico-sdk/sdk/2.2.0/src/rp2_common/pico_double/double_v1_rom_shim_rp2040.S.o
                0x10003868                dadd_shim
 .text.dmul_shim
                0x100039c4      0x15c CMakeFiles/testFT8.dir/Users/PCOLLA/.pico-sdk/sdk/2.2.0/src/rp2_common/pico_double/double_v1_rom_shim_rp2040.S.o
                0x100039c4                dmul_shim
 .text.ddiv_shim
                0x10003b20      0x1b0 CMakeFiles/testFT8.dir/Users/PCOLLA/.pico-sdk/sdk/2.2.0/src/rp2_common/pico_double/double_v1_rom_shim_rp2040.S.o
                0x10003b20                ddiv_shim
 .text.double2uint_shim
                0x10003cd0        0xe CMakeFiles/testFT8.dir/Users/PCOLLA/.pico-sdk/sdk/2.2.0/src/rp2_common/pico_double/double_v1_rom_shim_rp2040.S.o
                0x10003cd0                double2uint_shim
                0x10003cd2                double2ufix_shim
 *fill*         0x10003cde        0x2 
 .text.double2uint64_shim
                0x10003ce0       0x70 CMakeFiles/testFT8.dir/Users/PCOLLA/.pico-sdk/sdk/2.2.0/src/rp2_common/pico_double/double_v1_rom_shim_rp2040.S.o
                0x10003ce0                double2uint64_shim
                0x10003ce2                double2ufix64_shim
                0x10003d02                d2fix_a
 .text.dunpacks
                0x10003d50       0x3c CMakeFiles/testFT8.dir/Users/PCOLLA/.pico-sdk/sdk/2.2.0/src/rp2_common/pico_double/double_v1_rom_shim_rp2040.S.o
                0x10003d50                dunpacks
 .text.__aeabi_lmul
                0x10003d8c       0x32 CMakeFiles/testFT8.dir/Users/PCOLLA/.pico-sdk/sdk/2.2.0/src/rp2_common/pico_int64_ops/pico_int64_ops_aeabi.S.o
                0x10003d8c                __wrap___aeabi_lmul
 *fill*         0x10003dbe        0x2 
 .text.__aeabi_float_init
                0x10003dc0       0x68 CMakeFiles/testFT8.dir/Users/PCOLLA/.pico-sdk/sdk/2.2.0/src/rp2_common/pico_float/float_init_rom_rp2040.c.o
                0x10003dc0                __aeabi_float_init
 .text.float_table_shim_on_use_helper
                0x10003e28       0x2c CMakeFiles/testFT8.dir/Users/PCOLLA/.pico-sdk/sdk/2.2.0/src/rp2_common/pico_float/float_v1_rom_shim_rp2040.S.o
                0x10003e28                float_table_shim_on_use_helper
 .text          0x10003e54       0x10 CMakeFiles/testFT8.dir/Users/PCOLLA/.pico-sdk/sdk/2.2.0/src/rp2_common/pico_mem_ops/mem_ops_aeabi.S.o
                0x10003e54                __aeabi_mem_init
 .text.memset   0x10003e64        0xc CMakeFiles/testFT8.dir/Users/PCOLLA/.pico-sdk/sdk/2.2.0/src/rp2_common/pico_mem_ops/mem_ops_aeabi.S.o
                0x10003e64                __wrap_memset
 .text.memcpy   0x10003e70        0xc CMakeFiles/testFT8.dir/Users/PCOLLA/.pico-sdk/sdk/2.2.0/src/rp2_common/pico_mem_ops/mem_ops_aeabi.S.o
                0x10003e70                __wrap___aeabi_memcpy
                0x10003e70                __wrap_memcpy
 .text._out_buffer
                0x10003e7c        0x8 CMakeFiles/testFT8.dir/Users/PCOLLA/.pico-sdk/sdk/2.2.0/src/rp2_common/pico_printf/printf.c.o
 .text._out_null
                0x10003e84        0x4 CMakeFiles/testFT8.dir/Users/PCOLLA/.pico-sdk/sdk/2.2.0/src/rp2_common/pico_printf/printf.c.o
 .text._out_rev
                0x10003e88       0xa8 CMakeFiles/testFT8.dir/Users/PCOLLA/.pico-sdk/sdk/2.2.0/src/rp2_common/pico_printf/printf.c.o
 .text._ntoa_format
                0x10003f30      0x1d8 CMakeFiles/testFT8.dir/Users/PCOLLA/.pico-sdk/sdk/2.2.0/src/rp2_common/pico_printf/printf.c.o
 .text._out_char
                0x10004108       0x10 CMakeFiles/testFT8.dir/Users/PCOLLA/.pico-sdk/sdk/2.2.0/src/rp2_common/pico_printf/printf.c.o
 .text._out_fct
                0x10004118       0x10 CMakeFiles/testFT8.dir/Users/PCOLLA/.pico-sdk/sdk/2.2.0/src/rp2_common/pico_printf/printf.c.o
 .text._ftoa    0x10004128      0x474 CMakeFiles/testFT8.dir/Users/PCOLLA/.pico-sdk/sdk/2.2.0/src/rp2_common/pico_printf/printf.c.o
 .text._etoa    0x1000459c      0x560 CMakeFiles/testFT8.dir/Users/PCOLLA/.pico-sdk/sdk/2.2.0/src/rp2_common/pico_printf/printf.c.o
 .text._vsnprintf
                0x10004afc      0xab8 CMakeFiles/testFT8.dir/Users/PCOLLA/.pico-sdk/sdk/2.2.0/src/rp2_common/pico_printf/printf.c.o
 .text.__wrap_snprintf
                0x100055b4       0x28 CMakeFiles/testFT8.dir/Users/PCOLLA/.pico-sdk/sdk/2.2.0/src/rp2_common/pico_printf/printf.c.o
                0x100055b4                __wrap_snprintf
 .text.vfctprintf
                0x100055dc       0x20 CMakeFiles/testFT8.dir/Users/PCOLLA/.pico-sdk/sdk/2.2.0/src/rp2_common/pico_printf/printf.c.o
                0x100055dc                vfctprintf
 .text.weak_raw_vprintf
                0x100055fc       0x30 CMakeFiles/testFT8.dir/Users/PCOLLA/.pico-sdk/sdk/2.2.0/src/rp2_common/pico_printf/printf.c.o
                0x100055fc                weak_raw_vprintf
 .text._exit    0x1000562c        0x4 CMakeFiles/testFT8.dir/Users/PCOLLA/.pico-sdk/sdk/2.2.0/src/rp2_common/pico_clib_interface/newlib_interface.c.o
                0x1000562c                _exit
 .text._sbrk    0x10005630       0x34 CMakeFiles/testFT8.dir/Users/PCOLLA/.pico-sdk/sdk/2.2.0/src/rp2_common/pico_clib_interface/newlib_interface.c.o
                0x10005630                _sbrk
 .text._read    0x10005664       0x20 CMakeFiles/testFT8.dir/Users/PCOLLA/.pico-sdk/sdk/2.2.0/src/rp2_common/pico_clib_interface/newlib_interface.c.o
                0x10005664                _read
 .text._write   0x10005684       0x20 CMakeFiles/testFT8.dir/Users/PCOLLA/.pico-sdk/sdk/2.2.0/src/rp2_common/pico_clib_interface/newlib_interface.c.o
                0x10005684                _write
 .text._close   0x100056a4        0x8 CMakeFiles/testFT8.dir/Users/PCOLLA/.pico-sdk/sdk/2.2.0/src/rp2_common/pico_clib_interface/newlib_interface.c.o
                0x100056a4                _close
 .text._lseek   0x100056ac        0x8 CMakeFiles/testFT8.dir/Users/PCOLLA/.pico-sdk/sdk/2.2.0/src/rp2_common/pico_clib_interface/newlib_interface.c.o
                0x100056ac                _lseek
 .text.exit     0x100056b4        0x8 CMakeFiles/testFT8.dir/Users/PCOLLA/.pico-sdk/sdk/2.2.0/src/rp2_common/pico_clib_interface/newlib_interface.c.o
                0x100056b4                exit
 .text.runtime_init
                0x100056bc       0x2c CMakeFiles/testFT8.dir/Users/PCOLLA/.pico-sdk/sdk/2.2.0/src/rp2_common/pico_clib_interface/newlib_interface.c.o
                0x100056bc                runtime_init
 .text.stdio_out_chars_no_crlf
                0x100056e8       0x10 CMakeFiles/testFT8.dir/Users/PCOLLA/.pico-sdk/sdk/2.2.0/src/rp2_common/pico_stdio/stdio.c.o
 .text.stdio_out_chars_crlf
                0x100056f8       0x90 CMakeFiles/testFT8.dir/Users/PCOLLA/.pico-sdk/sdk/2.2.0/src/rp2_common/pico_stdio/stdio.c.o
 .text.stdio_buffered_printer
                0x10005788       0x64 CMakeFiles/testFT8.dir/Users/PCOLLA/.pico-sdk/sdk/2.2.0/src/rp2_common/pico_stdio/stdio.c.o
 .text.stdio_put_string
                0x100057ec       0xf4 CMakeFiles/testFT8.dir/Users/PCOLLA/.pico-sdk/sdk/2.2.0/src/rp2_common/pico_stdio/stdio.c.o
                0x100057ec                stdio_put_string
 .text.stdio_get_until
                0x100058e0       0x7c CMakeFiles/testFT8.dir/Users/PCOLLA/.pico-sdk/sdk/2.2.0/src/rp2_common/pico_stdio/stdio.c.o
                0x100058e0                stdio_get_until
 .text.stdio_set_driver_enabled
                0x1000595c       0x30 CMakeFiles/testFT8.dir/Users/PCOLLA/.pico-sdk/sdk/2.2.0/src/rp2_common/pico_stdio/stdio.c.o
                0x1000595c                stdio_set_driver_enabled
 .text.stdio_init_all
                0x1000598c        0x8 CMakeFiles/testFT8.dir/Users/PCOLLA/.pico-sdk/sdk/2.2.0/src/rp2_common/pico_stdio/stdio.c.o
                0x1000598c                stdio_init_all
 .text.__wrap_putchar
                0x10005994       0x94 CMakeFiles/testFT8.dir/Users/PCOLLA/.pico-sdk/sdk/2.2.0/src/rp2_common/pico_stdio/stdio.c.o
                0x10005994                stdio_putchar
                0x10005994                __wrap_putchar
 .text.__wrap_puts
                0x10005a28       0x3c CMakeFiles/testFT8.dir/Users/PCOLLA/.pico-sdk/sdk/2.2.0/src/rp2_common/pico_stdio/stdio.c.o
                0x10005a28                __wrap_puts
                0x10005a28                stdio_puts
 .text.__wrap_vprintf
                0x10005a64       0xc8 CMakeFiles/testFT8.dir/Users/PCOLLA/.pico-sdk/sdk/2.2.0/src/rp2_common/pico_stdio/stdio.c.o
                0x10005a64                __wrap_vprintf
                0x10005a64                stdio_vprintf
 .text.__wrap_printf
                0x10005b2c       0x18 CMakeFiles/testFT8.dir/Users/PCOLLA/.pico-sdk/sdk/2.2.0/src/rp2_common/pico_stdio/stdio.c.o
                0x10005b2c                stdio_printf
                0x10005b2c                __wrap_printf
 .text.resetd_init
                0x10005b44        0x4 CMakeFiles/testFT8.dir/Users/PCOLLA/.pico-sdk/sdk/2.2.0/src/rp2_common/pico_stdio_usb/reset_interface.c.o
 .text.resetd_reset
                0x10005b48        0xc CMakeFiles/testFT8.dir/Users/PCOLLA/.pico-sdk/sdk/2.2.0/src/rp2_common/pico_stdio_usb/reset_interface.c.o
 .text.resetd_open
                0x10005b54       0x28 CMakeFiles/testFT8.dir/Users/PCOLLA/.pico-sdk/sdk/2.2.0/src/rp2_common/pico_stdio_usb/reset_interface.c.o
 .text.resetd_xfer_cb
                0x10005b7c        0x4 CMakeFiles/testFT8.dir/Users/PCOLLA/.pico-sdk/sdk/2.2.0/src/rp2_common/pico_stdio_usb/reset_interface.c.o
 .text.resetd_control_xfer_cb
                0x10005b80       0x54 CMakeFiles/testFT8.dir/Users/PCOLLA/.pico-sdk/sdk/2.2.0/src/rp2_common/pico_stdio_usb/reset_interface.c.o
 .text.tud_descriptor_bos_cb
                0x10005bd4        0x8 CMakeFiles/testFT8.dir/Users/PCOLLA/.pico-sdk/sdk/2.2.0/src/rp2_common/pico_stdio_usb/reset_interface.c.o
                0x10005bd4                tud_descriptor_bos_cb
 .text.tud_vendor_control_xfer_cb
                0x10005bdc       0x38 CMakeFiles/testFT8.dir/Users/PCOLLA/.pico-sdk/sdk/2.2.0/src/rp2_common/pico_stdio_usb/reset_interface.c.o
                0x10005bdc                tud_vendor_control_xfer_cb
 .text.usbd_app_driver_get_cb
                0x10005c14        0xc CMakeFiles/testFT8.dir/Users/PCOLLA/.pico-sdk/sdk/2.2.0/src/rp2_common/pico_stdio_usb/reset_interface.c.o
                0x10005c14                usbd_app_driver_get_cb
 .text.tud_cdc_line_coding_cb
                0x10005c20       0x2c CMakeFiles/testFT8.dir/Users/PCOLLA/.pico-sdk/sdk/2.2.0/src/rp2_common/pico_stdio_usb/reset_interface.c.o
                0x10005c20                tud_cdc_line_coding_cb
 .text.stdio_usb_set_chars_available_callback
                0x10005c4c       0x14 CMakeFiles/testFT8.dir/Users/PCOLLA/.pico-sdk/sdk/2.2.0/src/rp2_common/pico_stdio_usb/stdio_usb.c.o
                0x10005c4c                stdio_usb_set_chars_available_callback
 .text.usb_irq  0x10005c60       0x10 CMakeFiles/testFT8.dir/Users/PCOLLA/.pico-sdk/sdk/2.2.0/src/rp2_common/pico_stdio_usb/stdio_usb.c.o
 .text.timer_task
                0x10005c70       0x64 CMakeFiles/testFT8.dir/Users/PCOLLA/.pico-sdk/sdk/2.2.0/src/rp2_common/pico_stdio_usb/stdio_usb.c.o
 .text.stdio_usb_in_chars
                0x10005cd4       0x8c CMakeFiles/testFT8.dir/Users/PCOLLA/.pico-sdk/sdk/2.2.0/src/rp2_common/pico_stdio_usb/stdio_usb.c.o
                0x10005cd4                stdio_usb_in_chars
 .text.stdio_usb_out_flush
                0x10005d60       0x4c CMakeFiles/testFT8.dir/Users/PCOLLA/.pico-sdk/sdk/2.2.0/src/rp2_common/pico_stdio_usb/stdio_usb.c.o
 .text.stdio_usb_out_chars
                0x10005dac       0xf8 CMakeFiles/testFT8.dir/Users/PCOLLA/.pico-sdk/sdk/2.2.0/src/rp2_common/pico_stdio_usb/stdio_usb.c.o
 .text.low_priority_worker_irq
                0x10005ea4       0xc4 CMakeFiles/testFT8.dir/Users/PCOLLA/.pico-sdk/sdk/2.2.0/src/rp2_common/pico_stdio_usb/stdio_usb.c.o
 .text.stdio_usb_init
                0x10005f68       0xe4 CMakeFiles/testFT8.dir/Users/PCOLLA/.pico-sdk/sdk/2.2.0/src/rp2_common/pico_stdio_usb/stdio_usb.c.o
                0x10005f68                stdio_usb_init
 .text.stdio_usb_connected
                0x1000604c        0xc CMakeFiles/testFT8.dir/Users/PCOLLA/.pico-sdk/sdk/2.2.0/src/rp2_common/pico_stdio_usb/stdio_usb.c.o
                0x1000604c                stdio_usb_connected
 .text.tud_descriptor_device_cb
                0x10006058        0x8 CMakeFiles/testFT8.dir/Users/PCOLLA/.pico-sdk/sdk/2.2.0/src/rp2_common/pico_stdio_usb/stdio_usb_descriptors.c.o
                0x10006058                tud_descriptor_device_cb
 .text.tud_descriptor_configuration_cb
                0x10006060        0x8 CMakeFiles/testFT8.dir/Users/PCOLLA/.pico-sdk/sdk/2.2.0/src/rp2_common/pico_stdio_usb/stdio_usb_descriptors.c.o
                0x10006060                tud_descriptor_configuration_cb
 .text.tud_descriptor_string_cb
                0x10006068       0x70 CMakeFiles/testFT8.dir/Users/PCOLLA/.pico-sdk/sdk/2.2.0/src/rp2_common/pico_stdio_usb/stdio_usb_descriptors.c.o
                0x10006068                tud_descriptor_string_cb
 .text.startup._retrieve_unique_id_on_boot
                0x100060d8       0x10 CMakeFiles/testFT8.dir/Users/PCOLLA/.pico-sdk/sdk/2.2.0/src/rp2_common/pico_unique_id/unique_id.c.o
 .text.pico_get_unique_board_id_string
                0x100060e8      0x1e0 CMakeFiles/testFT8.dir/Users/PCOLLA/.pico-sdk/sdk/2.2.0/src/rp2_common/pico_unique_id/unique_id.c.o
                0x100060e8                pico_get_unique_board_id_string
 .text.flash_get_unique_id
                0x100062c8       0x3c CMakeFiles/testFT8.dir/Users/PCOLLA/.pico-sdk/sdk/2.2.0/src/rp2_common/hardware_flash/flash.c.o
                0x100062c8                flash_get_unique_id
 .text.dcd_init
                0x10006304       0x90 CMakeFiles/testFT8.dir/Users/PCOLLA/.pico-sdk/sdk/2.2.0/lib/tinyusb/src/portable/raspberrypi/rp2040/dcd_rp2040.c.o
                0x10006304                dcd_init
 .text.dcd_int_enable
                0x10006394        0xc CMakeFiles/testFT8.dir/Users/PCOLLA/.pico-sdk/sdk/2.2.0/lib/tinyusb/src/portable/raspberrypi/rp2040/dcd_rp2040.c.o
                0x10006394                dcd_int_enable
 .text.dcd_set_address
                0x100063a0       0x14 CMakeFiles/testFT8.dir/Users/PCOLLA/.pico-sdk/sdk/2.2.0/lib/tinyusb/src/portable/raspberrypi/rp2040/dcd_rp2040.c.o
                0x100063a0                dcd_set_address
 .text.dcd_sof_enable
                0x100063b4       0x1c CMakeFiles/testFT8.dir/Users/PCOLLA/.pico-sdk/sdk/2.2.0/lib/tinyusb/src/portable/raspberrypi/rp2040/dcd_rp2040.c.o
                0x100063b4                dcd_sof_enable
 .text.dcd_edpt0_status_complete
                0x100063d0       0x1c CMakeFiles/testFT8.dir/Users/PCOLLA/.pico-sdk/sdk/2.2.0/lib/tinyusb/src/portable/raspberrypi/rp2040/dcd_rp2040.c.o
                0x100063d0                dcd_edpt0_status_complete
 .text.dcd_edpt_open
                0x100063ec      0x114 CMakeFiles/testFT8.dir/Users/PCOLLA/.pico-sdk/sdk/2.2.0/lib/tinyusb/src/portable/raspberrypi/rp2040/dcd_rp2040.c.o
                0x100063ec                dcd_edpt_open
 .text.dcd_edpt_close_all
                0x10006500        0x8 CMakeFiles/testFT8.dir/Users/PCOLLA/.pico-sdk/sdk/2.2.0/lib/tinyusb/src/portable/raspberrypi/rp2040/dcd_rp2040.c.o
                0x10006500                dcd_edpt_close_all
 .text.dcd_edpt_xfer
                0x10006508       0x24 CMakeFiles/testFT8.dir/Users/PCOLLA/.pico-sdk/sdk/2.2.0/lib/tinyusb/src/portable/raspberrypi/rp2040/dcd_rp2040.c.o
                0x10006508                dcd_edpt_xfer
 .text.dcd_edpt_stall
                0x1000652c       0x3c CMakeFiles/testFT8.dir/Users/PCOLLA/.pico-sdk/sdk/2.2.0/lib/tinyusb/src/portable/raspberrypi/rp2040/dcd_rp2040.c.o
                0x1000652c                dcd_edpt_stall
 .text.dcd_edpt_clear_stall
                0x10006568       0x30 CMakeFiles/testFT8.dir/Users/PCOLLA/.pico-sdk/sdk/2.2.0/lib/tinyusb/src/portable/raspberrypi/rp2040/dcd_rp2040.c.o
                0x10006568                dcd_edpt_clear_stall
 .text.rp2040_usb_init
                0x10006598       0x40 CMakeFiles/testFT8.dir/Users/PCOLLA/.pico-sdk/sdk/2.2.0/lib/tinyusb/src/portable/raspberrypi/rp2040/rp2040_usb.c.o
                0x10006598                rp2040_usb_init
 .text.hw_endpoint_xfer_start
                0x100065d8       0x40 CMakeFiles/testFT8.dir/Users/PCOLLA/.pico-sdk/sdk/2.2.0/lib/tinyusb/src/portable/raspberrypi/rp2040/rp2040_usb.c.o
                0x100065d8                hw_endpoint_xfer_start
 .text.tud_event_hook_cb
                0x10006618        0x4 CMakeFiles/testFT8.dir/Users/PCOLLA/.pico-sdk/sdk/2.2.0/lib/tinyusb/src/device/usbd.c.o
                0x10006618                tud_event_hook_cb
 .text.tud_sof_cb
                0x1000661c        0x4 CMakeFiles/testFT8.dir/Users/PCOLLA/.pico-sdk/sdk/2.2.0/lib/tinyusb/src/device/usbd.c.o
                0x1000661c                tud_sof_cb
 .text.tud_descriptor_device_qualifier_cb
                0x10006620        0x4 CMakeFiles/testFT8.dir/Users/PCOLLA/.pico-sdk/sdk/2.2.0/lib/tinyusb/src/device/usbd.c.o
                0x10006620                tud_descriptor_device_qualifier_cb
 .text.tud_descriptor_other_speed_configuration_cb
                0x10006624        0x4 CMakeFiles/testFT8.dir/Users/PCOLLA/.pico-sdk/sdk/2.2.0/lib/tinyusb/src/device/usbd.c.o
                0x10006624                tud_descriptor_other_speed_configuration_cb
 .text.tud_mount_cb
                0x10006628        0x4 CMakeFiles/testFT8.dir/Users/PCOLLA/.pico-sdk/sdk/2.2.0/lib/tinyusb/src/device/usbd.c.o
                0x10006628                tud_mount_cb
 .text.tud_umount_cb
                0x1000662c        0x4 CMakeFiles/testFT8.dir/Users/PCOLLA/.pico-sdk/sdk/2.2.0/lib/tinyusb/src/device/usbd.c.o
                0x1000662c                tud_umount_cb
 .text.tud_suspend_cb
                0x10006630        0x4 CMakeFiles/testFT8.dir/Users/PCOLLA/.pico-sdk/sdk/2.2.0/lib/tinyusb/src/device/usbd.c.o
                0x10006630                tud_suspend_cb
 .text.tud_resume_cb
                0x10006634        0x4 CMakeFiles/testFT8.dir/Users/PCOLLA/.pico-sdk/sdk/2.2.0/lib/tinyusb/src/device/usbd.c.o
                0x10006634                tud_resume_cb
 .text.tud_mounted
                0x10006638       0x10 CMakeFiles/testFT8.dir/Users/PCOLLA/.pico-sdk/sdk/2.2.0/lib/tinyusb/src/device/usbd.c.o
                0x10006638                tud_mounted
 .text.tud_suspended
                0x10006648       0x10 CMakeFiles/testFT8.dir/Users/PCOLLA/.pico-sdk/sdk/2.2.0/lib/tinyusb/src/device/usbd.c.o
                0x10006648                tud_suspended
 .text.tud_rhport_init
                0x10006658       0xf0 CMakeFiles/testFT8.dir/Users/PCOLLA/.pico-sdk/sdk/2.2.0/lib/tinyusb/src/device/usbd.c.o
                0x10006658                tud_rhport_init
 .text.tud_task_ext
                0x10006748      0x7fc CMakeFiles/testFT8.dir/Users/PCOLLA/.pico-sdk/sdk/2.2.0/lib/tinyusb/src/device/usbd.c.o
                0x10006748                tud_task_ext
 .text.usbd_open_edpt_pair
                0x10006f44       0x98 CMakeFiles/testFT8.dir/Users/PCOLLA/.pico-sdk/sdk/2.2.0/lib/tinyusb/src/device/usbd.c.o
                0x10006f44                usbd_open_edpt_pair
 .text.usbd_edpt_open
                0x10006fdc       0x34 CMakeFiles/testFT8.dir/Users/PCOLLA/.pico-sdk/sdk/2.2.0/lib/tinyusb/src/device/usbd.c.o
                0x10006fdc                usbd_edpt_open
 .text.usbd_edpt_claim
                0x10007010       0x28 CMakeFiles/testFT8.dir/Users/PCOLLA/.pico-sdk/sdk/2.2.0/lib/tinyusb/src/device/usbd.c.o
                0x10007010                usbd_edpt_claim
 .text.usbd_edpt_release
                0x10007038       0x28 CMakeFiles/testFT8.dir/Users/PCOLLA/.pico-sdk/sdk/2.2.0/lib/tinyusb/src/device/usbd.c.o
                0x10007038                usbd_edpt_release
 .text.usbd_edpt_xfer
                0x10007060       0x50 CMakeFiles/testFT8.dir/Users/PCOLLA/.pico-sdk/sdk/2.2.0/lib/tinyusb/src/device/usbd.c.o
                0x10007060                usbd_edpt_xfer
 .text.tud_control_status
                0x100070b0       0x2c CMakeFiles/testFT8.dir/Users/PCOLLA/.pico-sdk/sdk/2.2.0/lib/tinyusb/src/device/usbd_control.c.o
                0x100070b0                tud_control_status
 .text.tud_control_xfer
                0x100070dc       0xa0 CMakeFiles/testFT8.dir/Users/PCOLLA/.pico-sdk/sdk/2.2.0/lib/tinyusb/src/device/usbd_control.c.o
                0x100070dc                tud_control_xfer
 .text.usbd_control_reset
                0x1000717c       0x14 CMakeFiles/testFT8.dir/Users/PCOLLA/.pico-sdk/sdk/2.2.0/lib/tinyusb/src/device/usbd_control.c.o
                0x1000717c                usbd_control_reset
 .text.usbd_control_set_complete_callback
                0x10007190        0xc CMakeFiles/testFT8.dir/Users/PCOLLA/.pico-sdk/sdk/2.2.0/lib/tinyusb/src/device/usbd_control.c.o
                0x10007190                usbd_control_set_complete_callback
 .text.usbd_control_set_request
                0x1000719c       0x1c CMakeFiles/testFT8.dir/Users/PCOLLA/.pico-sdk/sdk/2.2.0/lib/tinyusb/src/device/usbd_control.c.o
                0x1000719c                usbd_control_set_request
 .text.usbd_control_xfer_cb
                0x100071b8       0xe8 CMakeFiles/testFT8.dir/Users/PCOLLA/.pico-sdk/sdk/2.2.0/lib/tinyusb/src/device/usbd_control.c.o
                0x100071b8                usbd_control_xfer_cb
 .text._prep_out_transaction.isra.0
                0x100072a0       0x6c CMakeFiles/testFT8.dir/Users/PCOLLA/.pico-sdk/sdk/2.2.0/lib/tinyusb/src/class/cdc/cdc_device.c.o
 .text.tud_cdc_n_connected
                0x1000730c       0x2c CMakeFiles/testFT8.dir/Users/PCOLLA/.pico-sdk/sdk/2.2.0/lib/tinyusb/src/class/cdc/cdc_device.c.o
                0x1000730c                tud_cdc_n_connected
 .text.tud_cdc_n_available
                0x10007338       0x14 CMakeFiles/testFT8.dir/Users/PCOLLA/.pico-sdk/sdk/2.2.0/lib/tinyusb/src/class/cdc/cdc_device.c.o
                0x10007338                tud_cdc_n_available
 .text.tud_cdc_n_read
                0x1000734c       0x88 CMakeFiles/testFT8.dir/Users/PCOLLA/.pico-sdk/sdk/2.2.0/lib/tinyusb/src/class/cdc/cdc_device.c.o
                0x1000734c                tud_cdc_n_read
 .text.tud_cdc_n_write_flush
                0x100073d4       0x78 CMakeFiles/testFT8.dir/Users/PCOLLA/.pico-sdk/sdk/2.2.0/lib/tinyusb/src/class/cdc/cdc_device.c.o
                0x100073d4                tud_cdc_n_write_flush
 .text.tud_cdc_n_write
                0x1000744c       0x40 CMakeFiles/testFT8.dir/Users/PCOLLA/.pico-sdk/sdk/2.2.0/lib/tinyusb/src/class/cdc/cdc_device.c.o
                0x1000744c                tud_cdc_n_write
 .text.tud_cdc_n_write_available
                0x1000748c       0x14 CMakeFiles/testFT8.dir/Users/PCOLLA/.pico-sdk/sdk/2.2.0/lib/tinyusb/src/class/cdc/cdc_device.c.o
                0x1000748c                tud_cdc_n_write_available
 .text.cdcd_init
                0x100074a0       0x70 CMakeFiles/testFT8.dir/Users/PCOLLA/.pico-sdk/sdk/2.2.0/lib/tinyusb/src/class/cdc/cdc_device.c.o
                0x100074a0                cdcd_init
 .text.cdcd_deinit
                0x10007510       0x30 CMakeFiles/testFT8.dir/Users/PCOLLA/.pico-sdk/sdk/2.2.0/lib/tinyusb/src/class/cdc/cdc_device.c.o
                0x10007510                cdcd_deinit
 .text.cdcd_reset
                0x10007540       0x48 CMakeFiles/testFT8.dir/Users/PCOLLA/.pico-sdk/sdk/2.2.0/lib/tinyusb/src/class/cdc/cdc_device.c.o
                0x10007540                cdcd_reset
 .text.cdcd_open
                0x10007588       0xa8 CMakeFiles/testFT8.dir/Users/PCOLLA/.pico-sdk/sdk/2.2.0/lib/tinyusb/src/class/cdc/cdc_device.c.o
                0x10007588                cdcd_open
 .text.cdcd_control_xfer_cb
                0x10007630       0xf0 CMakeFiles/testFT8.dir/Users/PCOLLA/.pico-sdk/sdk/2.2.0/lib/tinyusb/src/class/cdc/cdc_device.c.o
                0x10007630                cdcd_control_xfer_cb
 .text.cdcd_xfer_cb
                0x10007720       0xf8 CMakeFiles/testFT8.dir/Users/PCOLLA/.pico-sdk/sdk/2.2.0/lib/tinyusb/src/class/cdc/cdc_device.c.o
                0x10007720                cdcd_xfer_cb
 .text.vendord_init
                0x10007818       0x5c CMakeFiles/testFT8.dir/Users/PCOLLA/.pico-sdk/sdk/2.2.0/lib/tinyusb/src/class/vendor/vendor_device.c.o
                0x10007818                vendord_init
 .text.vendord_deinit
                0x10007874       0x1c CMakeFiles/testFT8.dir/Users/PCOLLA/.pico-sdk/sdk/2.2.0/lib/tinyusb/src/class/vendor/vendor_device.c.o
                0x10007874                vendord_deinit
 .text.vendord_reset
                0x10007890       0x28 CMakeFiles/testFT8.dir/Users/PCOLLA/.pico-sdk/sdk/2.2.0/lib/tinyusb/src/class/vendor/vendor_device.c.o
                0x10007890                vendord_reset
 .text.vendord_open
                0x100078b8      0x104 CMakeFiles/testFT8.dir/Users/PCOLLA/.pico-sdk/sdk/2.2.0/lib/tinyusb/src/class/vendor/vendor_device.c.o
                0x100078b8                vendord_open
 .text.vendord_xfer_cb
                0x100079bc       0xa0 CMakeFiles/testFT8.dir/Users/PCOLLA/.pico-sdk/sdk/2.2.0/lib/tinyusb/src/class/vendor/vendor_device.c.o
                0x100079bc                vendord_xfer_cb
 .text.tusb_rhport_init
                0x10007a5c       0x4c CMakeFiles/testFT8.dir/Users/PCOLLA/.pico-sdk/sdk/2.2.0/lib/tinyusb/src/tusb.c.o
                0x10007a5c                tusb_rhport_init
 .text.tu_edpt_claim
                0x10007aa8       0x50 CMakeFiles/testFT8.dir/Users/PCOLLA/.pico-sdk/sdk/2.2.0/lib/tinyusb/src/tusb.c.o
                0x10007aa8                tu_edpt_claim
 .text.tu_edpt_release
                0x10007af8       0x38 CMakeFiles/testFT8.dir/Users/PCOLLA/.pico-sdk/sdk/2.2.0/lib/tinyusb/src/tusb.c.o
                0x10007af8                tu_edpt_release
 .text.tu_edpt_validate
                0x10007b30       0x74 CMakeFiles/testFT8.dir/Users/PCOLLA/.pico-sdk/sdk/2.2.0/lib/tinyusb/src/tusb.c.o
                0x10007b30                tu_edpt_validate
 .text.tu_edpt_bind_driver
                0x10007ba4       0x34 CMakeFiles/testFT8.dir/Users/PCOLLA/.pico-sdk/sdk/2.2.0/lib/tinyusb/src/tusb.c.o
                0x10007ba4                tu_edpt_bind_driver
 .text.tu_edpt_stream_init
                0x10007bd8       0x68 CMakeFiles/testFT8.dir/Users/PCOLLA/.pico-sdk/sdk/2.2.0/lib/tinyusb/src/tusb.c.o
                0x10007bd8                tu_edpt_stream_init
 .text.tu_edpt_stream_deinit
                0x10007c40        0x4 CMakeFiles/testFT8.dir/Users/PCOLLA/.pico-sdk/sdk/2.2.0/lib/tinyusb/src/tusb.c.o
                0x10007c40                tu_edpt_stream_deinit
 .text.tu_edpt_stream_write_zlp_if_needed
                0x10007c44       0x64 CMakeFiles/testFT8.dir/Users/PCOLLA/.pico-sdk/sdk/2.2.0/lib/tinyusb/src/tusb.c.o
                0x10007c44                tu_edpt_stream_write_zlp_if_needed
 .text.tu_edpt_stream_write_xfer
                0x10007ca8       0x6c CMakeFiles/testFT8.dir/Users/PCOLLA/.pico-sdk/sdk/2.2.0/lib/tinyusb/src/tusb.c.o
                0x10007ca8                tu_edpt_stream_write_xfer
 .text.tu_edpt_stream_read_xfer
                0x10007d14       0xd8 CMakeFiles/testFT8.dir/Users/PCOLLA/.pico-sdk/sdk/2.2.0/lib/tinyusb/src/tusb.c.o
                0x10007d14                tu_edpt_stream_read_xfer
 .text.tu_fifo_config
                0x10007dec       0x6c CMakeFiles/testFT8.dir/Users/PCOLLA/.pico-sdk/sdk/2.2.0/lib/tinyusb/src/common/tusb_fifo.c.o
                0x10007dec                tu_fifo_config
 .text.tu_fifo_count
                0x10007e58       0x2c CMakeFiles/testFT8.dir/Users/PCOLLA/.pico-sdk/sdk/2.2.0/lib/tinyusb/src/common/tusb_fifo.c.o
                0x10007e58                tu_fifo_count
 .text.tu_fifo_empty
                0x10007e84       0x10 CMakeFiles/testFT8.dir/Users/PCOLLA/.pico-sdk/sdk/2.2.0/lib/tinyusb/src/common/tusb_fifo.c.o
                0x10007e84                tu_fifo_empty
 .text.tu_fifo_remaining
                0x10007e94       0x2c CMakeFiles/testFT8.dir/Users/PCOLLA/.pico-sdk/sdk/2.2.0/lib/tinyusb/src/common/tusb_fifo.c.o
                0x10007e94                tu_fifo_remaining
 .text.tu_fifo_read
                0x10007ec0       0x9c CMakeFiles/testFT8.dir/Users/PCOLLA/.pico-sdk/sdk/2.2.0/lib/tinyusb/src/common/tusb_fifo.c.o
                0x10007ec0                tu_fifo_read
 .text.tu_fifo_read_n
                0x10007f5c       0xec CMakeFiles/testFT8.dir/Users/PCOLLA/.pico-sdk/sdk/2.2.0/lib/tinyusb/src/common/tusb_fifo.c.o
                0x10007f5c                tu_fifo_read_n
 .text.tu_fifo_write
                0x10008048       0xa4 CMakeFiles/testFT8.dir/Users/PCOLLA/.pico-sdk/sdk/2.2.0/lib/tinyusb/src/common/tusb_fifo.c.o
                0x10008048                tu_fifo_write
 .text.tu_fifo_write_n
                0x100080ec      0x168 CMakeFiles/testFT8.dir/Users/PCOLLA/.pico-sdk/sdk/2.2.0/lib/tinyusb/src/common/tusb_fifo.c.o
                0x100080ec                tu_fifo_write_n
 .text.tu_fifo_clear
                0x10008254       0x40 CMakeFiles/testFT8.dir/Users/PCOLLA/.pico-sdk/sdk/2.2.0/lib/tinyusb/src/common/tusb_fifo.c.o
                0x10008254                tu_fifo_clear
 .text.tu_fifo_set_overwritable
                0x10008294       0x48 CMakeFiles/testFT8.dir/Users/PCOLLA/.pico-sdk/sdk/2.2.0/lib/tinyusb/src/common/tusb_fifo.c.o
                0x10008294                tu_fifo_set_overwritable
 .text.core1_trampoline
                0x100082dc        0x4 CMakeFiles/testFT8.dir/Users/PCOLLA/.pico-sdk/sdk/2.2.0/src/rp2_common/pico_multicore/multicore.c.o
 .text.core1_wrapper
                0x100082e0        0xc CMakeFiles/testFT8.dir/Users/PCOLLA/.pico-sdk/sdk/2.2.0/src/rp2_common/pico_multicore/multicore.c.o
                0x100082e0                core1_wrapper
 .text.multicore_launch_core1_raw
                0x100082ec       0x88 CMakeFiles/testFT8.dir/Users/PCOLLA/.pico-sdk/sdk/2.2.0/src/rp2_common/pico_multicore/multicore.c.o
                0x100082ec                multicore_launch_core1_raw
 .text.multicore_launch_core1
                0x10008374       0x5c CMakeFiles/testFT8.dir/Users/PCOLLA/.pico-sdk/sdk/2.2.0/src/rp2_common/pico_multicore/multicore.c.o
                0x10008374                multicore_launch_core1
 .text.pio_claim_unused_sm
                0x100083d0       0x38 CMakeFiles/testFT8.dir/Users/PCOLLA/.pico-sdk/sdk/2.2.0/src/rp2_common/hardware_pio/pio.c.o
                0x100083d0                pio_claim_unused_sm
 .text.pio_add_program
                0x10008408       0xf8 CMakeFiles/testFT8.dir/Users/PCOLLA/.pico-sdk/sdk/2.2.0/src/rp2_common/hardware_pio/pio.c.o
                0x10008408                pio_add_program
 .text.pio_sm_set_consecutive_pindirs
                0x10008500       0xb0 CMakeFiles/testFT8.dir/Users/PCOLLA/.pico-sdk/sdk/2.2.0/src/rp2_common/hardware_pio/pio.c.o
                0x10008500                pio_sm_set_consecutive_pindirs
 .text.pio_sm_init
                0x100085b0       0xa8 CMakeFiles/testFT8.dir/Users/PCOLLA/.pico-sdk/sdk/2.2.0/src/rp2_common/hardware_pio/pio.c.o
                0x100085b0                pio_sm_init
 .text.rtc_init
                0x10008658       0x38 CMakeFiles/testFT8.dir/Users/PCOLLA/.pico-sdk/sdk/2.2.0/src/rp2_common/hardware_rtc/rtc.c.o
                0x10008658                rtc_init
 .text.rtc_set_datetime
                0x10008690       0xac CMakeFiles/testFT8.dir/Users/PCOLLA/.pico-sdk/sdk/2.2.0/src/rp2_common/hardware_rtc/rtc.c.o
                0x10008690                rtc_set_datetime
 .text.rtc_get_datetime
                0x1000873c       0x4c CMakeFiles/testFT8.dir/Users/PCOLLA/.pico-sdk/sdk/2.2.0/src/rp2_common/hardware_rtc/rtc.c.o
                0x1000873c                rtc_get_datetime
 .text.__malloc_lock
                0x10008788       0x10 /Applications/ArmGNUToolchain/15.2.rel1/arm-none-eabi/bin/../lib/gcc/arm-none-eabi/15.2.1/../../../../arm-none-eabi/lib/thumb/v6-m/nofp/libg.a(libc_a-mlock.o)
                0x10008788                __malloc_lock
 .text.__malloc_unlock
                0x10008798       0x10 /Applications/ArmGNUToolchain/15.2.rel1/arm-none-eabi/bin/../lib/gcc/arm-none-eabi/15.2.1/../../../../arm-none-eabi/lib/thumb/v6-m/nofp/libg.a(libc_a-mlock.o)
                0x10008798                __malloc_unlock
 .text._fclose_r
                0x100087a8       0xd4 /Applications/ArmGNUToolchain/15.2.rel1/arm-none-eabi/bin/../lib/gcc/arm-none-eabi/15.2.1/../../../../arm-none-eabi/lib/thumb/v6-m/nofp/libg.a(libc_a-fclose.o)
                0x100087a8                _fclose_r
 .text.__sflush_r
                0x1000887c      0x148 /Applications/ArmGNUToolchain/15.2.rel1/arm-none-eabi/bin/../lib/gcc/arm-none-eabi/15.2.1/../../../../arm-none-eabi/lib/thumb/v6-m/nofp/libg.a(libc_a-fflush.o)
                0x1000887c                __sflush_r
 .text._fflush_r
                0x100089c4       0x68 /Applications/ArmGNUToolchain/15.2.rel1/arm-none-eabi/bin/../lib/gcc/arm-none-eabi/15.2.1/../../../../arm-none-eabi/lib/thumb/v6-m/nofp/libg.a(libc_a-fflush.o)
                0x100089c4                _fflush_r
 .text.fflush   0x10008a2c       0x7c /Applications/ArmGNUToolchain/15.2.rel1/arm-none-eabi/bin/../lib/gcc/arm-none-eabi/15.2.1/../../../../arm-none-eabi/lib/thumb/v6-m/nofp/libg.a(libc_a-fflush.o)
                0x10008a2c                fflush
 .text.stdio_exit_handler
                0x10008aa8       0x1c /Applications/ArmGNUToolchain/15.2.rel1/arm-none-eabi/bin/../lib/gcc/arm-none-eabi/15.2.1/../../../../arm-none-eabi/lib/thumb/v6-m/nofp/libg.a(libc_a-findfp.o)
 .text.cleanup_stdio
                0x10008ac4       0x3c /Applications/ArmGNUToolchain/15.2.rel1/arm-none-eabi/bin/../lib/gcc/arm-none-eabi/15.2.1/../../../../arm-none-eabi/lib/thumb/v6-m/nofp/libg.a(libc_a-findfp.o)
 .text.global_stdio_init.part.0
                0x10008b00      0x110 /Applications/ArmGNUToolchain/15.2.rel1/arm-none-eabi/bin/../lib/gcc/arm-none-eabi/15.2.1/../../../../arm-none-eabi/lib/thumb/v6-m/nofp/libg.a(libc_a-findfp.o)
 .text.__sinit  0x10008c10       0x38 /Applications/ArmGNUToolchain/15.2.rel1/arm-none-eabi/bin/../lib/gcc/arm-none-eabi/15.2.1/../../../../arm-none-eabi/lib/thumb/v6-m/nofp/libg.a(libc_a-findfp.o)
                0x10008c10                __sinit
 .text.__sfp_lock_acquire
                0x10008c48       0x10 /Applications/ArmGNUToolchain/15.2.rel1/arm-none-eabi/bin/../lib/gcc/arm-none-eabi/15.2.1/../../../../arm-none-eabi/lib/thumb/v6-m/nofp/libg.a(libc_a-findfp.o)
                0x10008c48                __sfp_lock_acquire
 .text.__sfp_lock_release
                0x10008c58       0x10 /Applications/ArmGNUToolchain/15.2.rel1/arm-none-eabi/bin/../lib/gcc/arm-none-eabi/15.2.1/../../../../arm-none-eabi/lib/thumb/v6-m/nofp/libg.a(libc_a-findfp.o)
                0x10008c58                __sfp_lock_release
 .text.memcmp   0x10008c68       0x44 /Applications/ArmGNUToolchain/15.2.rel1/arm-none-eabi/bin/../lib/gcc/arm-none-eabi/15.2.1/../../../../arm-none-eabi/lib/thumb/v6-m/nofp/libg.a(libc_a-memcmp.o)
                0x10008c68                memcmp
 .text.strchr   0x10008cac       0xb4 /Applications/ArmGNUToolchain/15.2.rel1/arm-none-eabi/bin/../lib/gcc/arm-none-eabi/15.2.1/../../../../arm-none-eabi/lib/thumb/v6-m/nofp/libg.a(libc_a-strchr.o)
                0x10008cac                strchr
 .text._sbrk_r  0x10008d60       0x24 /Applications/ArmGNUToolchain/15.2.rel1/arm-none-eabi/bin/../lib/gcc/arm-none-eabi/15.2.1/../../../../arm-none-eabi/lib/thumb/v6-m/nofp/libg.a(libc_a-sbrkr.o)
                0x10008d60                _sbrk_r
 .text.__errno  0x10008d84        0xc /Applications/ArmGNUToolchain/15.2.rel1/arm-none-eabi/bin/../lib/gcc/arm-none-eabi/15.2.1/../../../../arm-none-eabi/lib/thumb/v6-m/nofp/libg.a(libc_a-errno.o)
                0x10008d84                __errno
 .text.sysconf  0x10008d90       0x1c /Applications/ArmGNUToolchain/15.2.rel1/arm-none-eabi/bin/../lib/gcc/arm-none-eabi/15.2.1/../../../../arm-none-eabi/lib/thumb/v6-m/nofp/libg.a(libc_a-sysconf.o)
                0x10008d90                sysconf
 .text          0x10008dac       0x88 /Applications/ArmGNUToolchain/15.2.rel1/arm-none-eabi/bin/../lib/gcc/arm-none-eabi/15.2.1/../../../../arm-none-eabi/lib/thumb/v6-m/nofp/libg.a(libc_a-strcmp.o)
                0x10008dac                strcmp
 .text.__retarget_lock_init_recursive
                0x10008e34        0x4 /Applications/ArmGNUToolchain/15.2.rel1/arm-none-eabi/bin/../lib/gcc/arm-none-eabi/15.2.1/../../../../arm-none-eabi/lib/thumb/v6-m/nofp/libg.a(libc_a-lock.o)
                0x10008e34                __retarget_lock_init_recursive
 .text.__retarget_lock_close_recursive
                0x10008e38        0x4 /Applications/ArmGNUToolchain/15.2.rel1/arm-none-eabi/bin/../lib/gcc/arm-none-eabi/15.2.1/../../../../arm-none-eabi/lib/thumb/v6-m/nofp/libg.a(libc_a-lock.o)
                0x10008e38                __retarget_lock_close_recursive
 .text.__retarget_lock_acquire_recursive
                0x10008e3c        0x4 /Applications/ArmGNUToolchain/15.2.rel1/arm-none-eabi/bin/../lib/gcc/arm-none-eabi/15.2.1/../../../../arm-none-eabi/lib/thumb/v6-m/nofp/libg.a(libc_a-lock.o)
                0x10008e3c                __retarget_lock_acquire_recursive
 .text.__retarget_lock_release_recursive
                0x10008e40        0x4 /Applications/ArmGNUToolchain/15.2.rel1/arm-none-eabi/bin/../lib/gcc/arm-none-eabi/15.2.1/../../../../arm-none-eabi/lib/thumb/v6-m/nofp/libg.a(libc_a-lock.o)
                0x10008e40                __retarget_lock_release_recursive
 .text.strlen   0x10008e44       0x60 /Applications/ArmGNUToolchain/15.2.rel1/arm-none-eabi/bin/../lib/gcc/arm-none-eabi/15.2.1/../../../../arm-none-eabi/lib/thumb/v6-m/nofp/libg.a(libc_a-strlen-stub.o)
                0x10008e44                strlen
 .text._malloc_trim_r
                0x10008ea4       0xb0 /Applications/ArmGNUToolchain/15.2.rel1/arm-none-eabi/bin/../lib/gcc/arm-none-eabi/15.2.1/../../../../arm-none-eabi/lib/thumb/v6-m/nofp/libg.a(libc_a-freer.o)
                0x10008ea4                _malloc_trim_r
 .text._free_r  0x10008f54      0x1d4 /Applications/ArmGNUToolchain/15.2.rel1/arm-none-eabi/bin/../lib/gcc/arm-none-eabi/15.2.1/../../../../arm-none-eabi/lib/thumb/v6-m/nofp/libg.a(libc_a-freer.o)
                0x10008f54                _free_r
 .text._fwalk_sglue
                0x10009128       0x44 /Applications/ArmGNUToolchain/15.2.rel1/arm-none-eabi/bin/../lib/gcc/arm-none-eabi/15.2.1/../../../../arm-none-eabi/lib/thumb/v6-m/nofp/libg.a(libc_a-fwalk.o)
                0x10009128                _fwalk_sglue
 .text.__sread  0x1000916c       0x28 /Applications/ArmGNUToolchain/15.2.rel1/arm-none-eabi/bin/../lib/gcc/arm-none-eabi/15.2.1/../../../../arm-none-eabi/lib/thumb/v6-m/nofp/libg.a(libc_a-stdio.o)
                0x1000916c                __sread
 .text.__swrite
                0x10009194       0x40 /Applications/ArmGNUToolchain/15.2.rel1/arm-none-eabi/bin/../lib/gcc/arm-none-eabi/15.2.1/../../../../arm-none-eabi/lib/thumb/v6-m/nofp/libg.a(libc_a-stdio.o)
                0x10009194                __swrite
 .text.__sseek  0x100091d4       0x2c /Applications/ArmGNUToolchain/15.2.rel1/arm-none-eabi/bin/../lib/gcc/arm-none-eabi/15.2.1/../../../../arm-none-eabi/lib/thumb/v6-m/nofp/libg.a(libc_a-stdio.o)
                0x100091d4                __sseek
 .text.__sclose
                0x10009200        0xc /Applications/ArmGNUToolchain/15.2.rel1/arm-none-eabi/bin/../lib/gcc/arm-none-eabi/15.2.1/../../../../arm-none-eabi/lib/thumb/v6-m/nofp/libg.a(libc_a-stdio.o)
                0x10009200                __sclose
 .text._close_r
                0x1000920c       0x24 /Applications/ArmGNUToolchain/15.2.rel1/arm-none-eabi/bin/../lib/gcc/arm-none-eabi/15.2.1/../../../../arm-none-eabi/lib/thumb/v6-m/nofp/libg.a(libc_a-closer.o)
                0x1000920c                _close_r
 .text._lseek_r
                0x10009230       0x28 /Applications/ArmGNUToolchain/15.2.rel1/arm-none-eabi/bin/../lib/gcc/arm-none-eabi/15.2.1/../../../../arm-none-eabi/lib/thumb/v6-m/nofp/libg.a(libc_a-lseekr.o)
                0x10009230                _lseek_r
 .text._read_r  0x10009258       0x28 /Applications/ArmGNUToolchain/15.2.rel1/arm-none-eabi/bin/../lib/gcc/arm-none-eabi/15.2.1/../../../../arm-none-eabi/lib/thumb/v6-m/nofp/libg.a(libc_a-readr.o)
                0x10009258                _read_r
 .text._write_r
                0x10009280       0x28 /Applications/ArmGNUToolchain/15.2.rel1/arm-none-eabi/bin/../lib/gcc/arm-none-eabi/15.2.1/../../../../arm-none-eabi/lib/thumb/v6-m/nofp/libg.a(libc_a-writer.o)
                0x10009280                _write_r
 *(.fini)
 .fini          0x100092a8        0x4 /Applications/ArmGNUToolchain/15.2.rel1/arm-none-eabi/bin/../lib/gcc/arm-none-eabi/15.2.1/thumb/v6-m/nofp/crti.o
                0x100092a8                _fini
 *fill*         0x100092ac        0x4 
 .fini.__stub   0x100092b0       0xe0 linker stubs
 *crtbegin.o(.ctors)
 *crtbegin?.o(.ctors)
 *(EXCLUDE_FILE(*crtend.o *crtend?.o) .ctors)
 *(SORT_BY_NAME(.ctors.*))
 *(.ctors)
 *crtbegin.o(.dtors)
 *crtbegin?.o(.dtors)
 *(EXCLUDE_FILE(*crtend.o *crtend?.o) .dtors)
 *(SORT_BY_NAME(.dtors.*))
 *(.dtors)
                0x10009390                        . = ALIGN (0x4)
                0x10009390                        PROVIDE (__preinit_array_start = .)
 *(SORT_BY_NAME(.preinit_array.*))
 .preinit_array.00100
                0x10009390        0x4 CMakeFiles/testFT8.dir/Users/PCOLLA/.pico-sdk/sdk/2.2.0/src/rp2_common/pico_runtime_init/runtime_init.c.o
                0x10009390                __pre_init_runtime_init_early_resets
 .preinit_array.00101
                0x10009394        0x4 CMakeFiles/testFT8.dir/Users/PCOLLA/.pico-sdk/sdk/2.2.0/src/rp2_common/pico_runtime_init/runtime_init.c.o
                0x10009394                __pre_init_runtime_init_usb_power_down
 .preinit_array.00275
                0x10009398        0x4 CMakeFiles/testFT8.dir/Users/PCOLLA/.pico-sdk/sdk/2.2.0/src/rp2_common/pico_bit_ops/bit_ops_aeabi.S.o
 .preinit_array.00300
                0x1000939c        0x4 CMakeFiles/testFT8.dir/Users/PCOLLA/.pico-sdk/sdk/2.2.0/src/rp2_common/pico_mem_ops/mem_ops_aeabi.S.o
 .preinit_array.00350
                0x100093a0        0x4 CMakeFiles/testFT8.dir/Users/PCOLLA/.pico-sdk/sdk/2.2.0/src/rp2_common/pico_double/double_aeabi_rp2040.S.o
 .preinit_array.00350
                0x100093a4        0x4 CMakeFiles/testFT8.dir/Users/PCOLLA/.pico-sdk/sdk/2.2.0/src/rp2_common/pico_float/float_aeabi_rp2040.S.o
 .preinit_array.00500
                0x100093a8        0x4 CMakeFiles/testFT8.dir/Users/PCOLLA/.pico-sdk/sdk/2.2.0/src/rp2_common/pico_runtime_init/runtime_init.c.o
                0x100093a8                __pre_init_runtime_init_clocks
 .preinit_array.00600
                0x100093ac        0x4 CMakeFiles/testFT8.dir/Users/PCOLLA/.pico-sdk/sdk/2.2.0/src/rp2_common/pico_runtime_init/runtime_init.c.o
                0x100093ac                __pre_init_runtime_init_post_clock_resets
 .preinit_array.00700
                0x100093b0        0x4 CMakeFiles/testFT8.dir/Users/PCOLLA/.pico-sdk/sdk/2.2.0/src/rp2_common/pico_runtime_init/runtime_init.c.o
                0x100093b0                __pre_init_runtime_init_rp2040_gpio_ie_disable
 .preinit_array.01000
                0x100093b4        0x4 CMakeFiles/testFT8.dir/Users/PCOLLA/.pico-sdk/sdk/2.2.0/src/rp2_common/pico_runtime_init/runtime_init.c.o
                0x100093b4                __pre_init_runtime_init_spin_locks_reset
 .preinit_array.01100
                0x100093b8        0x4 CMakeFiles/testFT8.dir/Users/PCOLLA/.pico-sdk/sdk/2.2.0/src/common/pico_sync/mutex.c.o
                0x100093b8                __pre_init_runtime_init_mutex
 .preinit_array.10080
                0x100093bc        0x4 CMakeFiles/testFT8.dir/Users/PCOLLA/.pico-sdk/sdk/2.2.0/src/rp2_common/pico_runtime_init/runtime_init.c.o
                0x100093bc                __pre_init_runtime_init_install_ram_vector_table
 .preinit_array.11000
                0x100093c0        0x4 CMakeFiles/testFT8.dir/Users/PCOLLA/.pico-sdk/sdk/2.2.0/src/common/pico_time/time.c.o
                0x100093c0                __pre_init_runtime_init_default_alarm_pool
 .preinit_array.YYYYY
                0x100093c4        0x4 CMakeFiles/testFT8.dir/Users/PCOLLA/.pico-sdk/sdk/2.2.0/src/rp2_common/pico_runtime/runtime.c.o
                0x100093c4                __pre_init_first_per_core_initializer
 .preinit_array.ZZZZZ.01200
                0x100093c8        0x4 CMakeFiles/testFT8.dir/Users/PCOLLA/.pico-sdk/sdk/2.2.0/src/rp2_common/hardware_irq/irq.c.o
                0x100093c8                __pre_init_runtime_init_per_core_irq_priorities
 *(.preinit_array)
                0x100093cc                        PROVIDE (__preinit_array_end = .)
                0x100093cc                        . = ALIGN (0x4)
                0x100093cc                        PROVIDE (__init_array_start = .)
 *(SORT_BY_NAME(.init_array.*))
 .init_array.01000
                0x100093cc        0x4 CMakeFiles/testFT8.dir/Users/PCOLLA/.pico-sdk/sdk/2.2.0/src/rp2_common/pico_unique_id/unique_id.c.o
 *(.init_array)
 .init_array    0x100093d0        0x4 /Applications/ArmGNUToolchain/15.2.rel1/arm-none-eabi/bin/../lib/gcc/arm-none-eabi/15.2.1/thumb/v6-m/nofp/crtbegin.o
                0x100093d4                        PROVIDE (__init_array_end = .)
                0x100093d4                        . = ALIGN (0x4)
                [!provide]                        PROVIDE (__fini_array_start = .)
 *(SORT_BY_NAME(.fini_array.*))
 *(.fini_array)
                [!provide]                        PROVIDE (__fini_array_end = .)
 *(.eh_frame*)
 .eh_frame      0x100093d4        0x0 /Applications/ArmGNUToolchain/15.2.rel1/arm-none-eabi/bin/../lib/gcc/arm-none-eabi/15.2.1/thumb/v6-m/nofp/crtbegin.o
                0x100093d4                        . = ALIGN (0x4)

.glue_7         0x100093d4        0x0
 .glue_7        0x100093d4        0x0 linker stubs

.glue_7t        0x100093d4        0x0
 .glue_7t       0x100093d4        0x0 linker stubs

.vfp11_veneer   0x100093d4        0x0
 .vfp11_veneer  0x100093d4        0x0 linker stubs

.v4_bx          0x100093d4        0x0
 .v4_bx         0x100093d4        0x0 linker stubs

.iplt           0x100093d4        0x0
 .iplt          0x100093d4        0x0 /Applications/ArmGNUToolchain/15.2.rel1/arm-none-eabi/bin/../lib/gcc/arm-none-eabi/15.2.1/thumb/v6-m/nofp/crtbegin.o

.rodata         0x100093d8     0x1064
 *(EXCLUDE_FILE(*libm.a: *libc.a:*lib_a-mem*.o *libgcc.a:) .rodata*)
 .rodata.core1_entry.str1.4
                0x100093d8      0x64c CMakeFiles/testFT8.dir/testFT8.c.o
                                 0x41 (size before relaxing)
 .rodata.FT8GenerateSymbols.str1.4
                0x10009a24        0x0 CMakeFiles/testFT8.dir/testFT8.c.o
                                 0x81 (size before relaxing)
 .rodata.initBoard.str1.4
                0x10009a24        0x0 CMakeFiles/testFT8.dir/testFT8.c.o
                                 0x32 (size before relaxing)
 .rodata.ADXsetup.str1.4
                0x10009a24        0x0 CMakeFiles/testFT8.dir/testFT8.c.o
                                 0x22 (size before relaxing)
 .rodata.syncTime.str1.4
                0x10009a24        0x0 CMakeFiles/testFT8.dir/testFT8.c.o
                                 0x3c (size before relaxing)
 .rodata.testLED.str1.4
                0x10009a24        0x0 CMakeFiles/testFT8.dir/testFT8.c.o
                                 0xa5 (size before relaxing)
 .rodata.str1.4
                0x10009a24        0x0 CMakeFiles/testFT8.dir/testFT8.c.o
                                 0xaa (size before relaxing)
 .rodata.main.str1.4
                0x10009a24        0x0 CMakeFiles/testFT8.dir/testFT8.c.o
                                0x113 (size before relaxing)
 .rodata.__func__.1
                0x10009a24        0x9 CMakeFiles/testFT8.dir/testFT8.c.o
 *fill*         0x10009a2d        0x3 
 .rodata.ft8_tones_cq_lu7dz_gf11
                0x10009a30       0x4f CMakeFiles/testFT8.dir/testFT8.c.o
                0x10009a30                ft8_tones_cq_lu7dz_gf11
 *fill*         0x10009a7f        0x1 
 .rodata.dco_program
                0x10009a80        0x8 CMakeFiles/testFT8.dir/piodco/piodco.c.o
 .rodata.dco_program_instructions
                0x10009a88       0x1a CMakeFiles/testFT8.dir/piodco/piodco.c.o
 *fill*         0x10009aa2        0x2 
 .rodata.kFTX_LDPC_generator
                0x10009aa4      0x3e4 CMakeFiles/testFT8.dir/ft8_lib/ft8/constants.c.o
                0x10009aa4                kFTX_LDPC_generator
 .rodata.kFT8_Gray_map
                0x10009e88        0x8 CMakeFiles/testFT8.dir/ft8_lib/ft8/constants.c.o
                0x10009e88                kFT8_Gray_map
 .rodata.kFT8_Costas_pattern
                0x10009e90        0x7 CMakeFiles/testFT8.dir/ft8_lib/ft8/constants.c.o
                0x10009e90                kFT8_Costas_pattern
 .rodata.pack28.part.0.str1.4
                0x10009e97        0x0 CMakeFiles/testFT8.dir/ft8_lib/ft8/pack.c.o
                                  0xf (size before relaxing)
 .rodata.pack28.str1.4
                0x10009e97        0x0 CMakeFiles/testFT8.dir/ft8_lib/ft8/pack.c.o
                                 0x10 (size before relaxing)
 .rodata.packgrid.str1.4
                0x10009e97        0x0 CMakeFiles/testFT8.dir/ft8_lib/ft8/pack.c.o
                                  0xf (size before relaxing)
 *fill*         0x10009e97        0x1 
 .rodata.A4     0x10009e98       0x1c CMakeFiles/testFT8.dir/ft8_lib/ft8/pack.c.o
                0x10009e98                A4
 .rodata.A3     0x10009eb4        0xb CMakeFiles/testFT8.dir/ft8_lib/ft8/pack.c.o
                0x10009eb4                A3
 *fill*         0x10009ebf        0x1 
 .rodata.A2     0x10009ec0       0x25 CMakeFiles/testFT8.dir/ft8_lib/ft8/pack.c.o
                0x10009ec0                A2
 *fill*         0x10009ee5        0x3 
 .rodata.A1     0x10009ee8       0x26 CMakeFiles/testFT8.dir/ft8_lib/ft8/pack.c.o
                0x10009ee8                A1
 *fill*         0x10009f0e        0x2 
 .rodata.A0     0x10009f10       0x2b CMakeFiles/testFT8.dir/ft8_lib/ft8/pack.c.o
                0x10009f10                A0
 .rodata.panic.str1.4
                0x10009f3b        0x0 CMakeFiles/testFT8.dir/Users/PCOLLA/.pico-sdk/sdk/2.2.0/src/rp2_common/pico_platform_panic/panic.c.o
                                 0x12 (size before relaxing)
 .rodata.spin_lock_claim_unused.str1.4
                0x10009f3b        0x0 CMakeFiles/testFT8.dir/Users/PCOLLA/.pico-sdk/sdk/2.2.0/src/rp2_common/hardware_sync/sync.c.o
                                 0x1b (size before relaxing)
 .rodata.user_irq_claim_unused.str1.4
                0x10009f3b        0x0 CMakeFiles/testFT8.dir/Users/PCOLLA/.pico-sdk/sdk/2.2.0/src/rp2_common/hardware_irq/irq.c.o
                                 0x1b (size before relaxing)
 *fill*         0x10009f3b        0x5 
 .rodata.at_the_end_of_time
                0x10009f40        0x8 CMakeFiles/testFT8.dir/Users/PCOLLA/.pico-sdk/sdk/2.2.0/src/common/pico_time/time.c.o
                0x10009f40                at_the_end_of_time
 .rodata.timer_hardware_alarm_claim.str1.4
                0x10009f48        0x0 CMakeFiles/testFT8.dir/Users/PCOLLA/.pico-sdk/sdk/2.2.0/src/rp2_common/hardware_timer/timer.c.o
                                 0x22 (size before relaxing)
 .rodata.datetime_to_str.str1.4
                0x10009f48        0x0 CMakeFiles/testFT8.dir/Users/PCOLLA/.pico-sdk/sdk/2.2.0/src/common/pico_util/datetime.c.o
                                 0x19 (size before relaxing)
 .rodata.str1.4
                0x10009f48        0x0 CMakeFiles/testFT8.dir/Users/PCOLLA/.pico-sdk/sdk/2.2.0/src/common/pico_util/datetime.c.o
                                 0xad (size before relaxing)
 .rodata.DATETIME_DOWS
                0x10009f48       0x1c CMakeFiles/testFT8.dir/Users/PCOLLA/.pico-sdk/sdk/2.2.0/src/common/pico_util/datetime.c.o
 .rodata.DATETIME_MONTHS
                0x10009f64       0x30 CMakeFiles/testFT8.dir/Users/PCOLLA/.pico-sdk/sdk/2.2.0/src/common/pico_util/datetime.c.o
 .rodata.hard_assertion_failure.str1.4
                0x10009f94        0x0 CMakeFiles/testFT8.dir/Users/PCOLLA/.pico-sdk/sdk/2.2.0/src/rp2_common/pico_runtime/runtime.c.o
                                  0xc (size before relaxing)
 .rodata.str1.4
                0x10009f94        0x0 CMakeFiles/testFT8.dir/Users/PCOLLA/.pico-sdk/sdk/2.2.0/src/rp2_common/pico_standard_binary_info/standard_binary_info.c.o
                                 0x3c (size before relaxing)
 .rodata.__bi_84
                0x10009f94        0xc CMakeFiles/testFT8.dir/Users/PCOLLA/.pico-sdk/sdk/2.2.0/src/rp2_common/pico_standard_binary_info/standard_binary_info.c.o
 .rodata.__bi_78
                0x10009fa0        0xc CMakeFiles/testFT8.dir/Users/PCOLLA/.pico-sdk/sdk/2.2.0/src/rp2_common/pico_standard_binary_info/standard_binary_info.c.o
 .rodata.__bi_54
                0x10009fac        0xc CMakeFiles/testFT8.dir/Users/PCOLLA/.pico-sdk/sdk/2.2.0/src/rp2_common/pico_standard_binary_info/standard_binary_info.c.o
 .rodata.__bi_48
                0x10009fb8        0xc CMakeFiles/testFT8.dir/Users/PCOLLA/.pico-sdk/sdk/2.2.0/src/rp2_common/pico_standard_binary_info/standard_binary_info.c.o
 .rodata.__bi_42
                0x10009fc4        0xc CMakeFiles/testFT8.dir/Users/PCOLLA/.pico-sdk/sdk/2.2.0/src/rp2_common/pico_standard_binary_info/standard_binary_info.c.o
 .rodata.__bi_34
                0x10009fd0        0xc CMakeFiles/testFT8.dir/Users/PCOLLA/.pico-sdk/sdk/2.2.0/src/rp2_common/pico_standard_binary_info/standard_binary_info.c.o
 .rodata.__bi_26
                0x10009fdc        0xc CMakeFiles/testFT8.dir/Users/PCOLLA/.pico-sdk/sdk/2.2.0/src/rp2_common/pico_standard_binary_info/standard_binary_info.c.o
 .rodata._ftoa.str1.4
                0x10009fe8        0x0 CMakeFiles/testFT8.dir/Users/PCOLLA/.pico-sdk/sdk/2.2.0/src/rp2_common/pico_printf/printf.c.o
                                 0x15 (size before relaxing)
 .rodata._vsnprintf
                0x10009fe8      0x19c CMakeFiles/testFT8.dir/Users/PCOLLA/.pico-sdk/sdk/2.2.0/src/rp2_common/pico_printf/printf.c.o
 *fill*         0x1000a184        0x4 
 .rodata.pow10.0
                0x1000a188       0x50 CMakeFiles/testFT8.dir/Users/PCOLLA/.pico-sdk/sdk/2.2.0/src/rp2_common/pico_printf/printf.c.o
 .rodata.crlf_str.0
                0x1000a1d8        0x2 CMakeFiles/testFT8.dir/Users/PCOLLA/.pico-sdk/sdk/2.2.0/src/rp2_common/pico_stdio/stdio.c.o
 *fill*         0x1000a1da        0x2 
 .rodata._resetd_driver
                0x1000a1dc       0x20 CMakeFiles/testFT8.dir/Users/PCOLLA/.pico-sdk/sdk/2.2.0/src/rp2_common/pico_stdio_usb/reset_interface.c.o
 .rodata.desc_ms_os_20
                0x1000a1fc       0xa6 CMakeFiles/testFT8.dir/Users/PCOLLA/.pico-sdk/sdk/2.2.0/src/rp2_common/pico_stdio_usb/reset_interface.c.o
 *fill*         0x1000a2a2        0x2 
 .rodata.desc_bos
                0x1000a2a4       0x21 CMakeFiles/testFT8.dir/Users/PCOLLA/.pico-sdk/sdk/2.2.0/src/rp2_common/pico_stdio_usb/reset_interface.c.o
                0x1000a2a4                desc_bos
 .rodata.str1.4
                0x1000a2c5        0x0 CMakeFiles/testFT8.dir/Users/PCOLLA/.pico-sdk/sdk/2.2.0/src/rp2_common/pico_stdio_usb/stdio_usb.c.o
                                 0x13 (size before relaxing)
 *fill*         0x1000a2c5        0x3 
 .rodata.__bi_202.0
                0x1000a2c8        0xc CMakeFiles/testFT8.dir/Users/PCOLLA/.pico-sdk/sdk/2.2.0/src/rp2_common/pico_stdio_usb/stdio_usb.c.o
 .rodata.str1.4
                0x1000a2d4        0x0 CMakeFiles/testFT8.dir/Users/PCOLLA/.pico-sdk/sdk/2.2.0/src/rp2_common/pico_stdio_usb/stdio_usb_descriptors.c.o
                                 0x2a (size before relaxing)
 .rodata.usbd_desc_str
                0x1000a2d4       0x18 CMakeFiles/testFT8.dir/Users/PCOLLA/.pico-sdk/sdk/2.2.0/src/rp2_common/pico_stdio_usb/stdio_usb_descriptors.c.o
 .rodata.usbd_desc_cfg
                0x1000a2ec       0x54 CMakeFiles/testFT8.dir/Users/PCOLLA/.pico-sdk/sdk/2.2.0/src/rp2_common/pico_stdio_usb/stdio_usb_descriptors.c.o
 .rodata.usbd_desc_device
                0x1000a340       0x12 CMakeFiles/testFT8.dir/Users/PCOLLA/.pico-sdk/sdk/2.2.0/src/rp2_common/pico_stdio_usb/stdio_usb_descriptors.c.o
 .rodata.str1.4
                0x1000a352        0x0 CMakeFiles/testFT8.dir/Users/PCOLLA/.pico-sdk/sdk/2.2.0/lib/tinyusb/src/portable/raspberrypi/rp2040/dcd_rp2040.c.o
                                 0x14 (size before relaxing)
 .rodata.str1.4
                0x1000a352        0x0 CMakeFiles/testFT8.dir/Users/PCOLLA/.pico-sdk/sdk/2.2.0/lib/tinyusb/src/portable/raspberrypi/rp2040/rp2040_usb.c.o
                                 0x48 (size before relaxing)
 *fill*         0x1000a352        0x2 
 .rodata.tud_task_ext
                0x1000a354       0x8c CMakeFiles/testFT8.dir/Users/PCOLLA/.pico-sdk/sdk/2.2.0/lib/tinyusb/src/device/usbd.c.o
 .rodata        0x1000a3e0       0x1c CMakeFiles/testFT8.dir/Users/PCOLLA/.pico-sdk/sdk/2.2.0/lib/tinyusb/src/device/usbd.c.o
 .rodata._usbd_driver
                0x1000a3fc       0x40 CMakeFiles/testFT8.dir/Users/PCOLLA/.pico-sdk/sdk/2.2.0/lib/tinyusb/src/device/usbd.c.o
 .rodata.pio_claim_unused_sm.str1.4
                0x1000a43c        0x0 CMakeFiles/testFT8.dir/Users/PCOLLA/.pico-sdk/sdk/2.2.0/src/rp2_common/hardware_pio/pio.c.o
                                 0x24 (size before relaxing)
                0x1000a43c                        . = ALIGN (0x4)
 *(SORT_BY_ALIGNMENT(SORT_BY_NAME(.flashdata*)))
                0x1000a43c                        . = ALIGN (0x4)

.ARM.extab
 *(.ARM.extab* .gnu.linkonce.armextab.*)
                0x1000a43c                        __exidx_start = .

.ARM.exidx
 *(.ARM.exidx* .gnu.linkonce.armexidx.*)
                0x1000a43c                        __exidx_end = .
                0x1000a43c                        . = ALIGN (0x4)
                0x1000a43c                        __binary_info_start = .

.binary_info    0x1000a43c       0x20
 *(.binary_info.keep.*)
 .binary_info.keep.__bi_ptr84
                0x1000a43c        0x4 CMakeFiles/testFT8.dir/Users/PCOLLA/.pico-sdk/sdk/2.2.0/src/rp2_common/pico_standard_binary_info/standard_binary_info.c.o
 .binary_info.keep.__bi_ptr78
                0x1000a440        0x4 CMakeFiles/testFT8.dir/Users/PCOLLA/.pico-sdk/sdk/2.2.0/src/rp2_common/pico_standard_binary_info/standard_binary_info.c.o
 .binary_info.keep.__bi_ptr54
                0x1000a444        0x4 CMakeFiles/testFT8.dir/Users/PCOLLA/.pico-sdk/sdk/2.2.0/src/rp2_common/pico_standard_binary_info/standard_binary_info.c.o
 .binary_info.keep.__bi_ptr48
                0x1000a448        0x4 CMakeFiles/testFT8.dir/Users/PCOLLA/.pico-sdk/sdk/2.2.0/src/rp2_common/pico_standard_binary_info/standard_binary_info.c.o
 .binary_info.keep.__bi_ptr42
                0x1000a44c        0x4 CMakeFiles/testFT8.dir/Users/PCOLLA/.pico-sdk/sdk/2.2.0/src/rp2_common/pico_standard_binary_info/standard_binary_info.c.o
 .binary_info.keep.__bi_ptr34
                0x1000a450        0x4 CMakeFiles/testFT8.dir/Users/PCOLLA/.pico-sdk/sdk/2.2.0/src/rp2_common/pico_standard_binary_info/standard_binary_info.c.o
 .binary_info.keep.__bi_ptr26
                0x1000a454        0x4 CMakeFiles/testFT8.dir/Users/PCOLLA/.pico-sdk/sdk/2.2.0/src/rp2_common/pico_standard_binary_info/standard_binary_info.c.o
 *(.binary_info.*)
 .binary_info.__bi_ptr202
                0x1000a458        0x4 CMakeFiles/testFT8.dir/Users/PCOLLA/.pico-sdk/sdk/2.2.0/src/rp2_common/pico_stdio_usb/stdio_usb.c.o
                0x1000a45c                        __binary_info_end = .
                0x1000a45c                        . = ALIGN (0x4)

.ram_vector_table
                0x20000000       0xc0
 *(.ram_vector_table)
 .ram_vector_table
                0x20000000       0xc0 CMakeFiles/testFT8.dir/Users/PCOLLA/.pico-sdk/sdk/2.2.0/src/rp2_common/pico_runtime_init/runtime_init.c.o
                0x20000000                ram_vector_table

.uninitialized_data
                0x200000c0        0x0
                0x200000c0                        . = ALIGN (0x4)
 *(.uninitialized_data*)

.data           0x200000c0     0x1808 load address 0x1000a45c
                0x200000c0                        __data_start__ = .
 *(vtable)
 *(.time_critical*)
 .time_critical.DDSGenerator
                0x200000c0      0x19c CMakeFiles/testFT8.dir/testFT8.c.o
                0x200000c0                DDSGenerator
 .time_critical.PioDCOWorker2
                0x2000025c       0x30 CMakeFiles/testFT8.dir/piodco/piodco.c.o
                0x2000025c                PioDCOWorker2
 .time_critical.mutex_try_enter
                0x2000028c       0x40 CMakeFiles/testFT8.dir/Users/PCOLLA/.pico-sdk/sdk/2.2.0/src/common/pico_sync/mutex.c.o
                0x2000028c                mutex_try_enter
 .time_critical.mutex_try_enter_block_until
                0x200002cc       0x98 CMakeFiles/testFT8.dir/Users/PCOLLA/.pico-sdk/sdk/2.2.0/src/common/pico_sync/mutex.c.o
                0x200002cc                mutex_try_enter_block_until
 .time_critical.mutex_enter_timeout_ms
                0x20000364       0x8c CMakeFiles/testFT8.dir/Users/PCOLLA/.pico-sdk/sdk/2.2.0/src/common/pico_sync/mutex.c.o
                0x20000364                mutex_enter_timeout_ms
 .time_critical.mutex_exit
                0x200003f0       0x28 CMakeFiles/testFT8.dir/Users/PCOLLA/.pico-sdk/sdk/2.2.0/src/common/pico_sync/mutex.c.o
                0x200003f0                mutex_exit
 .time_critical.flash_init_boot2_copyout
                0x20000418       0x30 CMakeFiles/testFT8.dir/Users/PCOLLA/.pico-sdk/sdk/2.2.0/src/rp2_common/hardware_flash/flash.c.o
 .time_critical.flash_enable_xip_via_boot2
                0x20000448        0xc CMakeFiles/testFT8.dir/Users/PCOLLA/.pico-sdk/sdk/2.2.0/src/rp2_common/hardware_flash/flash.c.o
 .time_critical.flash_save_hardware_state
                0x20000454       0x20 CMakeFiles/testFT8.dir/Users/PCOLLA/.pico-sdk/sdk/2.2.0/src/rp2_common/hardware_flash/flash.c.o
 .time_critical.flash_restore_hardware_state
                0x20000474       0x20 CMakeFiles/testFT8.dir/Users/PCOLLA/.pico-sdk/sdk/2.2.0/src/rp2_common/hardware_flash/flash.c.o
 .time_critical.flash_cs_force
                0x20000494       0x38 CMakeFiles/testFT8.dir/Users/PCOLLA/.pico-sdk/sdk/2.2.0/src/rp2_common/hardware_flash/flash.c.o
 .time_critical.flash_do_cmd
                0x200004cc      0x124 CMakeFiles/testFT8.dir/Users/PCOLLA/.pico-sdk/sdk/2.2.0/src/rp2_common/hardware_flash/flash.c.o
                0x200004cc                flash_do_cmd
 .time_critical.reset_non_control_endpoints
                0x200005f0       0x68 CMakeFiles/testFT8.dir/Users/PCOLLA/.pico-sdk/sdk/2.2.0/lib/tinyusb/src/portable/raspberrypi/rp2040/dcd_rp2040.c.o
 .time_critical.hw_handle_buff_status
                0x20000658       0x88 CMakeFiles/testFT8.dir/Users/PCOLLA/.pico-sdk/sdk/2.2.0/lib/tinyusb/src/portable/raspberrypi/rp2040/dcd_rp2040.c.o
 .time_critical.dcd_rp2040_irq
                0x200006e0      0x53c CMakeFiles/testFT8.dir/Users/PCOLLA/.pico-sdk/sdk/2.2.0/lib/tinyusb/src/portable/raspberrypi/rp2040/dcd_rp2040.c.o
 .time_critical.prepare_ep_buffer
                0x20000c1c       0xc4 CMakeFiles/testFT8.dir/Users/PCOLLA/.pico-sdk/sdk/2.2.0/lib/tinyusb/src/portable/raspberrypi/rp2040/rp2040_usb.c.o
 .time_critical.sync_ep_buffer
                0x20000ce0       0xa0 CMakeFiles/testFT8.dir/Users/PCOLLA/.pico-sdk/sdk/2.2.0/lib/tinyusb/src/portable/raspberrypi/rp2040/rp2040_usb.c.o
 .time_critical._hw_endpoint_xfer_sync
                0x20000d80       0x28 CMakeFiles/testFT8.dir/Users/PCOLLA/.pico-sdk/sdk/2.2.0/lib/tinyusb/src/portable/raspberrypi/rp2040/rp2040_usb.c.o
 .time_critical.e15_is_bulkin_ep
                0x20000da8       0x28 CMakeFiles/testFT8.dir/Users/PCOLLA/.pico-sdk/sdk/2.2.0/lib/tinyusb/src/portable/raspberrypi/rp2040/rp2040_usb.c.o
 .time_critical.e15_is_critical_frame_period
                0x20000dd0       0x30 CMakeFiles/testFT8.dir/Users/PCOLLA/.pico-sdk/sdk/2.2.0/lib/tinyusb/src/portable/raspberrypi/rp2040/rp2040_usb.c.o
 .time_critical.hw_endpoint_reset_transfer
                0x20000e00        0xc CMakeFiles/testFT8.dir/Users/PCOLLA/.pico-sdk/sdk/2.2.0/lib/tinyusb/src/portable/raspberrypi/rp2040/rp2040_usb.c.o
                0x20000e00                hw_endpoint_reset_transfer
 .time_critical._hw_endpoint_buffer_control_update32
                0x20000e0c       0x50 CMakeFiles/testFT8.dir/Users/PCOLLA/.pico-sdk/sdk/2.2.0/lib/tinyusb/src/portable/raspberrypi/rp2040/rp2040_usb.c.o
                0x20000e0c                _hw_endpoint_buffer_control_update32
 .time_critical.hw_endpoint_start_next_buffer
                0x20000e5c       0x68 CMakeFiles/testFT8.dir/Users/PCOLLA/.pico-sdk/sdk/2.2.0/lib/tinyusb/src/portable/raspberrypi/rp2040/rp2040_usb.c.o
                0x20000e5c                hw_endpoint_start_next_buffer
 .time_critical.hw_endpoint_xfer_continue
                0x20000ec4       0x40 CMakeFiles/testFT8.dir/Users/PCOLLA/.pico-sdk/sdk/2.2.0/lib/tinyusb/src/portable/raspberrypi/rp2040/rp2040_usb.c.o
                0x20000ec4                hw_endpoint_xfer_continue
 .time_critical.tinyusb
                0x20000f04      0x1d8 CMakeFiles/testFT8.dir/Users/PCOLLA/.pico-sdk/sdk/2.2.0/lib/tinyusb/src/device/usbd.c.o