Archive member included to satisfy reference by file (symbol)

/Applications/ArmGNUToolchain/15.2.rel1/arm-none-eabi/bin/../lib/gcc/arm-none-eabi/15.2.1/thumb/v6-m/nofp/libgcc.a(_dvmd_tls.o)
                              CMakeFiles/testFT8.dir/Users/PCOLLA/.pico-sdk/sdk/2.2.0/src/rp2_common/pico_divider/divider_hardware.S.o (__aeabi_idiv0)
/Applications/ArmGNUToolchain/15.2.rel1/arm-none-eabi/bin/../lib/gcc/arm-none-eabi/15.2.1/../../../../arm-none-eabi/lib/thumb/v6-m/nofp/libg.a(libc_a-ctype_.o)
                              CMakeFiles/testFT8.dir/Users/PCOLLA/.pico-sdk/sdk/2.2.0/lib/tinyusb/src/tusb.c.o (_ctype_)
/Applications/ArmGNUToolchain/15.2.rel1/arm-none-eabi/bin/../lib/gcc/arm-none-eabi/15.2.1/../../../../arm-none-eabi/lib/thumb/v6-m/nofp/libg.a(libc_a-atof.o)
                              CMakeFiles/testFT8.dir/gpstime/GPStime.c.o (atof)
/Applications/ArmGNUToolchain/15.2.rel1/arm-none-eabi/bin/../lib/gcc/arm-none-eabi/15.2.1/../../../../arm-none-eabi/lib/thumb/v6-m/nofp/libg.a(libc_a-atol.o)
                              CMakeFiles/testFT8.dir/conswrapper.c.o (atol)
/Applications/ArmGNUToolchain/15.2.rel1/arm-none-eabi/bin/../lib/gcc/arm-none-eabi/15.2.1/../../../../arm-none-eabi/lib/thumb/v6-m/nofp/libg.a(libc_a-calloc.o)
                              CMakeFiles/testFT8.dir/Users/PCOLLA/.pico-sdk/sdk/2.2.0/src/rp2_common/pico_malloc/malloc.c.o (calloc)
/Applications/ArmGNUToolchain/15.2.rel1/arm-none-eabi/bin/../lib/gcc/arm-none-eabi/15.2.1/../../../../arm-none-eabi/lib/thumb/v6-m/nofp/libg.a(libc_a-callocr.o)
                              /Applications/ArmGNUToolchain/15.2.rel1/arm-none-eabi/bin/../lib/gcc/arm-none-eabi/15.2.1/../../../../arm-none-eabi/lib/thumb/v6-m/nofp/libg.a(libc_a-calloc.o) (_calloc_r)
/Applications/ArmGNUToolchain/15.2.rel1/arm-none-eabi/bin/../lib/gcc/arm-none-eabi/15.2.1/../../../../arm-none-eabi/lib/thumb/v6-m/nofp/libg.a(libc_a-malloc.o)
                              CMakeFiles/testFT8.dir/Users/PCOLLA/.pico-sdk/sdk/2.2.0/src/rp2_common/pico_malloc/malloc.c.o (malloc)
/Applications/ArmGNUToolchain/15.2.rel1/arm-none-eabi/bin/../lib/gcc/arm-none-eabi/15.2.1/../../../../arm-none-eabi/lib/thumb/v6-m/nofp/libg.a(libc_a-mallocr.o)
                              /Applications/ArmGNUToolchain/15.2.rel1/arm-none-eabi/bin/../lib/gcc/arm-none-eabi/15.2.1/../../../../arm-none-eabi/lib/thumb/v6-m/nofp/libg.a(libc_a-callocr.o) (_malloc_r)
/Applications/ArmGNUToolchain/15.2.rel1/arm-none-eabi/bin/../lib/gcc/arm-none-eabi/15.2.1/../../../../arm-none-eabi/lib/thumb/v6-m/nofp/libg.a(libc_a-fread.o)
                              CMakeFiles/testFT8.dir/ft8_lib/common/wave.c.o (fread)
/Applications/ArmGNUToolchain/15.2.rel1/arm-none-eabi/bin/../lib/gcc/arm-none-eabi/15.2.1/../../../../arm-none-eabi/lib/thumb/v6-m/nofp/libg.a(libc_a-mlock.o)
                              /Applications/ArmGNUToolchain/15.2.rel1/arm-none-eabi/bin/../lib/gcc/arm-none-eabi/15.2.1/../../../../arm-none-eabi/lib/thumb/v6-m/nofp/libg.a(libc_a-mallocr.o) (__malloc_lock)
/Applications/ArmGNUToolchain/15.2.rel1/arm-none-eabi/bin/../lib/gcc/arm-none-eabi/15.2.1/../../../../arm-none-eabi/lib/thumb/v6-m/nofp/libg.a(libc_a-fwrite.o)
                              CMakeFiles/testFT8.dir/ft8_lib/common/wave.c.o (fwrite)
/Applications/ArmGNUToolchain/15.2.rel1/arm-none-eabi/bin/../lib/gcc/arm-none-eabi/15.2.1/../../../../arm-none-eabi/lib/thumb/v6-m/nofp/libg.a(libc_a-realloc.o)
                              CMakeFiles/testFT8.dir/Users/PCOLLA/.pico-sdk/sdk/2.2.0/src/rp2_common/pico_malloc/malloc.c.o (realloc)
/Applications/ArmGNUToolchain/15.2.rel1/arm-none-eabi/bin/../lib/gcc/arm-none-eabi/15.2.1/../../../../arm-none-eabi/lib/thumb/v6-m/nofp/libg.a(libc_a-reallocr.o)
                              /Applications/ArmGNUToolchain/15.2.rel1/arm-none-eabi/bin/../lib/gcc/arm-none-eabi/15.2.1/../../../../arm-none-eabi/lib/thumb/v6-m/nofp/libg.a(libc_a-realloc.o) (_realloc_r)
/Applications/ArmGNUToolchain/15.2.rel1/arm-none-eabi/bin/../lib/gcc/arm-none-eabi/15.2.1/../../../../arm-none-eabi/lib/thumb/v6-m/nofp/libg.a(libc_a-strtod.o)
                              /Applications/ArmGNUToolchain/15.2.rel1/arm-none-eabi/bin/../lib/gcc/arm-none-eabi/15.2.1/../../../../arm-none-eabi/lib/thumb/v6-m/nofp/libg.a(libc_a-atof.o) (strtod)
/Applications/ArmGNUToolchain/15.2.rel1/arm-none-eabi/bin/../lib/gcc/arm-none-eabi/15.2.1/../../../../arm-none-eabi/lib/thumb/v6-m/nofp/libg.a(libc_a-strtol.o)
                              /Applications/ArmGNUToolchain/15.2.rel1/arm-none-eabi/bin/../lib/gcc/arm-none-eabi/15.2.1/../../../../arm-none-eabi/lib/thumb/v6-m/nofp/libg.a(libc_a-atol.o) (_strtol_r)
/Applications/ArmGNUToolchain/15.2.rel1/arm-none-eabi/bin/../lib/gcc/arm-none-eabi/15.2.1/../../../../arm-none-eabi/lib/thumb/v6-m/nofp/libg.a(libc_a-refill.o)
[...]
Memory Configuration

Name             Origin             Length             Attributes
FLASH            0x10000000         0x00200000         xr
RAM              0x20000000         0x00040000         xrw
SCRATCH_X        0x20040000         0x00001000         xrw
SCRATCH_Y        0x20041000         0x00001000         xrw
*default*        0x00000000         0xffffffff

Linker script and memory map

LOAD /Applications/ArmGNUToolchain/15.2.rel1/arm-none-eabi/bin/../lib/gcc/arm-none-eabi/15.2.1/thumb/v6-m/nofp/crti.o
LOAD /Applications/ArmGNUToolchain/15.2.rel1/arm-none-eabi/bin/../lib/gcc/arm-none-eabi/15.2.1/thumb/v6-m/nofp/crtbegin.o
LOAD /Applications/ArmGNUToolchain/15.2.rel1/arm-none-eabi/bin/../lib/gcc/arm-none-eabi/15.2.1/../../../../arm-none-eabi/lib/thumb/v6-m/nofp/crt0.o

.flash_begin    0x10000000        0x0
                0x10000000                        __flash_binary_start = .

.boot2          0x10000000      0x100
                0x10000000                        __boot2_start__ = .
 *(.boot2)
 .boot2         0x10000000      0x100 pico-sdk/src/rp2040/boot_stage2/CMakeFiles/bs2_default_library.dir/bs2_default_padded_checksummed.S.o
                0x10000100                        __boot2_end__ = .
                0x00000001                        ASSERT (((__boot2_end__ - __boot2_start__) == 0x100), ERROR: Pico second stage bootloader must be 256 bytes in size)

.text           0x10000100     0x7dd4
                0x10000100                        __logical_binary_start = .
 *(.vectors)
 .vectors       0x10000100       0xd4 CMakeFiles/testFT8.dir/Users/PCOLLA/.pico-sdk/sdk/2.2.0/src/rp2_common/pico_crt0/crt0.S.o
                0x10000100                __VECTOR_TABLE
                0x10000100                __vectors
                0x100001c0                isr_irq13
                0x100001c0                isr_irq27
                0x100001c0                isr_irq31
                0x100001c0                isr_irq5
                0x100001c0                isr_irq11
                0x100001c0                isr_irq23
                0x100001c0                isr_irq18
                0x100001c0                isr_irq9
                0x100001c0                __unhandled_user_irq
                0x100001c0                isr_irq25
                0x100001c0                isr_irq4
                0x100001c0                isr_irq16
                0x100001c0                isr_irq29
                0x100001c0                isr_irq26
                0x100001c0                isr_irq3
                0x100001c0                isr_irq12
                0x100001c0                isr_irq30
                0x100001c0                isr_irq28
                0x100001c0                isr_irq19
                0x100001c0                isr_irq0
                0x100001c0                isr_irq6
                0x100001c0                isr_irq22
                0x100001c0                isr_irq17
                0x100001c0                isr_irq14
                0x100001c0                __vectors_end
                0x100001c0                __default_isrs_start
                0x100001c0                isr_irq2
                0x100001c0                isr_irq10
                0x100001c0                isr_irq8
                0x100001c0                isr_irq24
                0x100001c0                isr_irq1
                0x100001c0                isr_irq7
                0x100001c0                isr_irq21
                0x100001c0                isr_irq20
                0x100001c0                isr_irq15
                0x100001c6                unhandled_user_irq_num_in_r0
                0x100001c8                isr_invalid
                0x100001ca                isr_nmi
                0x100001cc                isr_hardfault
                0x100001ce                isr_svcall
                0x100001d0                isr_pendsv
                0x100001d2                isr_systick
                0x100001d4                __default_isrs_end
 *(.binary_info_header)
 .binary_info_header
                0x100001d4       0x14 CMakeFiles/testFT8.dir/Users/PCOLLA/.pico-sdk/sdk/2.2.0/src/rp2_common/pico_crt0/crt0.S.o
                0x100001e8                        __binary_info_header_end = .
 *(.embedded_block)
                0x100001e8                        __embedded_block_end = .
 *(.reset)
 .reset         0x100001e8       0x9c CMakeFiles/testFT8.dir/Users/PCOLLA/.pico-sdk/sdk/2.2.0/src/rp2_common/pico_crt0/crt0.S.o
                0x100001e8                _entry_point
 *(.init)
 .init          0x10000284        0x4 /Applications/ArmGNUToolchain/15.2.rel1/arm-none-eabi/bin/../lib/gcc/arm-none-eabi/15.2.1/thumb/v6-m/nofp/crti.o
                0x10000284                _init
 *(EXCLUDE_FILE(*libm.a: *libc.a:*lib_a-mem*.o *libgcc.a:) .text*)
 .text.register_tm_clones
                0x10000288       0x28 /Applications/ArmGNUToolchain/15.2.rel1/arm-none-eabi/bin/../lib/gcc/arm-none-eabi/15.2.1/thumb/v6-m/nofp/crtbegin.o
 .text.frame_dummy
                0x100002b0       0x24 /Applications/ArmGNUToolchain/15.2.rel1/arm-none-eabi/bin/../lib/gcc/arm-none-eabi/15.2.1/thumb/v6-m/nofp/crtbegin.o
 .text.set_sys_clock_khz
                0x100002d4       0x3c CMakeFiles/testFT8.dir/testFT8.c.o
 .text.core1_entry
                0x10000310       0x48 CMakeFiles/testFT8.dir/testFT8.c.o
                0x10000310                core1_entry
 .text.FT8GenerateSymbols
                0x10000358       0xc0 CMakeFiles/testFT8.dir/testFT8.c.o
                0x10000358                FT8GenerateSymbols
 .text.blinkLED
                0x10000418       0x1c CMakeFiles/testFT8.dir/testFT8.c.o
                0x10000418                blinkLED
 .text.initBoard
                0x10000434       0x54 CMakeFiles/testFT8.dir/testFT8.c.o
                0x10000434                initBoard
 .text.ADXsetup
                0x10000488       0x8c CMakeFiles/testFT8.dir/testFT8.c.o
                0x10000488                ADXsetup
 .text.main     0x10000514       0x1c CMakeFiles/testFT8.dir/testFT8.c.o
                0x10000514                main
 .text.assert_  0x10000530       0x34 CMakeFiles/testFT8.dir/lib/assert.c.o
                0x10000530                assert_
 .text.pio_get_default_sm_config
                0x10000564       0x28 CMakeFiles/testFT8.dir/piodco/piodco.c.o
 .text.dco_program_get_default_config
                0x1000058c       0x28 CMakeFiles/testFT8.dir/piodco/piodco.c.o
 .text.dco_program_init
                0x100005b4       0xa4 CMakeFiles/testFT8.dir/piodco/piodco.c.o
 .text.PioDCOInit
                0x10000658       0xf0 CMakeFiles/testFT8.dir/piodco/piodco.c.o
                0x10000658                PioDCOInit
 .text.PioDCOSetFreq
                0x10000748       0xc0 CMakeFiles/testFT8.dir/piodco/piodco.c.o
                0x10000748                PioDCOSetFreq
 .text.PioDCOStart
                0x10000808       0x22 CMakeFiles/testFT8.dir/piodco/piodco.c.o
                0x10000808                PioDCOStart
 .text.is_digit
                0x1000082a       0x10 CMakeFiles/testFT8.dir/ft8_lib/ft8/text.c.o
                0x1000082a                is_digit
 .text.is_letter
                0x1000083a       0x1e CMakeFiles/testFT8.dir/ft8_lib/ft8/text.c.o
                0x1000083a                is_letter
 .text.in_range
                0x10000858       0x14 CMakeFiles/testFT8.dir/ft8_lib/ft8/text.c.o
                0x10000858                in_range
 .text.starts_with
                0x1000086c       0x1e CMakeFiles/testFT8.dir/ft8_lib/ft8/text.c.o
                0x1000086c                starts_with
 .text.equals   0x1000088a        0xe CMakeFiles/testFT8.dir/ft8_lib/ft8/text.c.o
                0x1000088a                equals
 .text.char_index
                0x10000898       0x1c CMakeFiles/testFT8.dir/ft8_lib/ft8/text.c.o
                0x10000898                char_index
 .text.dd_to_int
                0x100008b4       0x5c CMakeFiles/testFT8.dir/ft8_lib/ft8/text.c.o
                0x100008b4                dd_to_int
 .text.pack28   0x10000910      0x1d4 CMakeFiles/testFT8.dir/ft8_lib/ft8/pack.c.o
                0x10000910                pack28
 .text.packgrid
                0x10000ae4       0xf8 CMakeFiles/testFT8.dir/ft8_lib/ft8/pack.c.o
                0x10000ae4                packgrid
 .text.pack77_1
                0x10000bdc       0x9a CMakeFiles/testFT8.dir/ft8_lib/ft8/pack.c.o
                0x10000bdc                pack77_1
 *fill*         0x10000c76        0x2 
 .text.packtext77
                0x10000c78       0xa8 CMakeFiles/testFT8.dir/ft8_lib/ft8/pack.c.o
                0x10000c78                packtext77
 .text.pack77   0x10000d20       0x1c CMakeFiles/testFT8.dir/ft8_lib/ft8/pack.c.o
                0x10000d20                pack77
 .text.parity8  0x10000d3c       0x12 CMakeFiles/testFT8.dir/ft8_lib/ft8/encode.c.o
 *fill*         0x10000d4e        0x2 
 .text.encode174
                0x10000d50       0x94 CMakeFiles/testFT8.dir/ft8_lib/ft8/encode.c.o
 .text.ft8_encode
                0x10000de4       0xa8 CMakeFiles/testFT8.dir/ft8_lib/ft8/encode.c.o
                0x10000de4                ft8_encode
 .text.ftx_compute_crc
                0x10000e8c       0x3c CMakeFiles/testFT8.dir/ft8_lib/ft8/crc.c.o
                0x10000e8c                ftx_compute_crc
 .text.ftx_add_crc
                0x10000ec8       0x38 CMakeFiles/testFT8.dir/ft8_lib/ft8/crc.c.o
                0x10000ec8                ftx_add_crc
 .text.gpio_set_function
                0x10000f00       0x34 CMakeFiles/testFT8.dir/Users/PCOLLA/.pico-sdk/sdk/2.2.0/src/rp2_common/hardware_gpio/gpio.c.o
                0x10000f00                gpio_set_function
 .text.gpio_init
                0x10000f34       0x16 CMakeFiles/testFT8.dir/Users/PCOLLA/.pico-sdk/sdk/2.2.0/src/rp2_common/hardware_gpio/gpio.c.o
                0x10000f34                gpio_init
 *fill*         0x10000f4a        0x2 
 .text.rp2040_chip_version
                0x10000f4c       0x54 CMakeFiles/testFT8.dir/Users/PCOLLA/.pico-sdk/sdk/2.2.0/src/rp2040/pico_platform/platform.c.o
                0x10000f4c                rp2040_chip_version
 .text.panic    0x10000fa0       0x30 CMakeFiles/testFT8.dir/Users/PCOLLA/.pico-sdk/sdk/2.2.0/src/rp2_common/pico_platform_panic/panic.c.o
                0x10000fa0                panic
 .text.hw_claim_lock
                0x10000fd0       0x18 CMakeFiles/testFT8.dir/Users/PCOLLA/.pico-sdk/sdk/2.2.0/src/common/hardware_claim/claim.c.o
                0x10000fd0                hw_claim_lock
 .text.hw_claim_unlock
                0x10000fe8       0x14 CMakeFiles/testFT8.dir/Users/PCOLLA/.pico-sdk/sdk/2.2.0/src/common/hardware_claim/claim.c.o
                0x10000fe8                hw_claim_unlock
 .text.hw_claim_or_assert
                0x10000ffc       0x36 CMakeFiles/testFT8.dir/Users/PCOLLA/.pico-sdk/sdk/2.2.0/src/common/hardware_claim/claim.c.o
                0x10000ffc                hw_claim_or_assert
 .text.hw_claim_unused_from_range
                0x10001032       0x50 CMakeFiles/testFT8.dir/Users/PCOLLA/.pico-sdk/sdk/2.2.0/src/common/hardware_claim/claim.c.o
                0x10001032                hw_claim_unused_from_range
 *fill*         0x10001082        0x2 
 .text.next_striped_spin_lock_num
                0x10001084       0x1c CMakeFiles/testFT8.dir/Users/PCOLLA/.pico-sdk/sdk/2.2.0/src/rp2_common/hardware_sync/sync.c.o
                0x10001084                next_striped_spin_lock_num
 .text.spin_lock_claim_unused
                0x100010a0       0x20 CMakeFiles/testFT8.dir/Users/PCOLLA/.pico-sdk/sdk/2.2.0/src/rp2_common/hardware_sync/sync.c.o
                0x100010a0                spin_lock_claim_unused
 .text.spin_locks_reset
                0x100010c0       0x20 CMakeFiles/testFT8.dir/Users/PCOLLA/.pico-sdk/sdk/2.2.0/src/rp2_common/hardware_sync_spin_lock/sync_spin_lock.c.o
                0x100010c0                spin_locks_reset
 .text.set_raw_irq_handler_and_unlock
                0x100010e0       0x28 CMakeFiles/testFT8.dir/Users/PCOLLA/.pico-sdk/sdk/2.2.0/src/rp2_common/hardware_irq/irq.c.o
 .text.nvic_ipr0
                0x10001108        0x8 CMakeFiles/testFT8.dir/Users/PCOLLA/.pico-sdk/sdk/2.2.0/src/rp2_common/hardware_irq/irq.c.o
 .text.runtime_init_per_core_irq_priorities
                0x10001110       0x1c CMakeFiles/testFT8.dir/Users/PCOLLA/.pico-sdk/sdk/2.2.0/src/rp2_common/hardware_irq/irq.c.o
                0x10001110                runtime_init_per_core_irq_priorities
 .text.resolve_j_16
                0x1000112c       0x30 CMakeFiles/testFT8.dir/Users/PCOLLA/.pico-sdk/sdk/2.2.0/src/rp2_common/hardware_irq/irq.c.o
 .text.make_j_16
                0x1000115c       0x48 CMakeFiles/testFT8.dir/Users/PCOLLA/.pico-sdk/sdk/2.2.0/src/rp2_common/hardware_irq/irq.c.o
 .text.irq_is_enabled
                0x100011a4       0x18 CMakeFiles/testFT8.dir/Users/PCOLLA/.pico-sdk/sdk/2.2.0/src/rp2_common/hardware_irq/irq.c.o
                0x100011a4                irq_is_enabled
 .text.irq_set_mask_n_enabled
                0x100011bc       0x1c CMakeFiles/testFT8.dir/Users/PCOLLA/.pico-sdk/sdk/2.2.0/src/rp2_common/hardware_irq/irq.c.o
                0x100011bc                irq_set_mask_n_enabled
 .text.irq_set_enabled
                0x100011d8       0x14 CMakeFiles/testFT8.dir/Users/PCOLLA/.pico-sdk/sdk/2.2.0/src/rp2_common/hardware_irq/irq.c.o
                0x100011d8                irq_set_enabled
 .text.irq_set_pending
                0x100011ec       0x10 CMakeFiles/testFT8.dir/Users/PCOLLA/.pico-sdk/sdk/2.2.0/src/rp2_common/hardware_irq/irq.c.o
                0x100011ec                irq_set_pending
 .text.irq_get_vtable_handler
                0x100011fc       0x10 CMakeFiles/testFT8.dir/Users/PCOLLA/.pico-sdk/sdk/2.2.0/src/rp2_common/hardware_irq/irq.c.o
                0x100011fc                irq_get_vtable_handler
 .text.irq_has_shared_handler
                0x1000120c       0x1c CMakeFiles/testFT8.dir/Users/PCOLLA/.pico-sdk/sdk/2.2.0/src/rp2_common/hardware_irq/irq.c.o
                0x1000120c                irq_has_shared_handler
 .text.irq_set_exclusive_handler
                0x10001228       0x54 CMakeFiles/testFT8.dir/Users/PCOLLA/.pico-sdk/sdk/2.2.0/src/rp2_common/hardware_irq/irq.c.o
                0x10001228                irq_set_exclusive_handler
 .text.irq_add_shared_handler
                0x1000127c      0x218 CMakeFiles/testFT8.dir/Users/PCOLLA/.pico-sdk/sdk/2.2.0/src/rp2_common/hardware_irq/irq.c.o
                0x1000127c                irq_add_shared_handler
 .text.irq_add_tail_to_free_list
                0x10001494       0xf8 CMakeFiles/testFT8.dir/Users/PCOLLA/.pico-sdk/sdk/2.2.0/src/rp2_common/hardware_irq/irq.c.o
                0x10001494                irq_add_tail_to_free_list
 .text.user_irq_claim_unused
                0x1000158c       0x28 CMakeFiles/testFT8.dir/Users/PCOLLA/.pico-sdk/sdk/2.2.0/src/rp2_common/hardware_irq/irq.c.o
                0x1000158c                user_irq_claim_unused
 .text.lock_init
                0x100015b4       0x10 CMakeFiles/testFT8.dir/Users/PCOLLA/.pico-sdk/sdk/2.2.0/src/common/pico_sync/lock_core.c.o
                0x100015b4                lock_init
 .text.mutex_init
                0x100015c4       0x1a CMakeFiles/testFT8.dir/Users/PCOLLA/.pico-sdk/sdk/2.2.0/src/common/pico_sync/mutex.c.o
                0x100015c4                mutex_init
 .text.recursive_mutex_init
                0x100015de       0x1e CMakeFiles/testFT8.dir/Users/PCOLLA/.pico-sdk/sdk/2.2.0/src/common/pico_sync/mutex.c.o
                0x100015de                recursive_mutex_init
 .text.runtime_init_mutex
                0x100015fc       0x4c CMakeFiles/testFT8.dir/Users/PCOLLA/.pico-sdk/sdk/2.2.0/src/common/pico_sync/mutex.c.o
                0x100015fc                runtime_init_mutex
 .text.critical_section_init_with_lock_num
                0x10001648       0x14 CMakeFiles/testFT8.dir/Users/PCOLLA/.pico-sdk/sdk/2.2.0/src/common/pico_sync/critical_section.c.o
                0x10001648                critical_section_init_with_lock_num
 .text.critical_section_init
                0x1000165c       0x14 CMakeFiles/testFT8.dir/Users/PCOLLA/.pico-sdk/sdk/2.2.0/src/common/pico_sync/critical_section.c.o
                0x1000165c                critical_section_init
 .text.ta_set_timeout
                0x10001670       0x28 CMakeFiles/testFT8.dir/Users/PCOLLA/.pico-sdk/sdk/2.2.0/src/common/pico_time/time.c.o
 .text.make_alarm_id
                0x10001698        0x6 CMakeFiles/testFT8.dir/Users/PCOLLA/.pico-sdk/sdk/2.2.0/src/common/pico_time/time.c.o
 *fill*         0x1000169e        0x2 
 .text.sleep_until_callback
                0x100016a0       0x30 CMakeFiles/testFT8.dir/Users/PCOLLA/.pico-sdk/sdk/2.2.0/src/common/pico_time/time.c.o
 .text.alarm_pool_irq_handler
                0x100016d0      0x2f4 CMakeFiles/testFT8.dir/Users/PCOLLA/.pico-sdk/sdk/2.2.0/src/common/pico_time/time.c.o
 .text.ta_enable_irq_handler
                0x100019c4       0x2c CMakeFiles/testFT8.dir/Users/PCOLLA/.pico-sdk/sdk/2.2.0/src/common/pico_time/time.c.o
 .text.alarm_pool_post_alloc_init
                0x100019f0       0x68 CMakeFiles/testFT8.dir/Users/PCOLLA/.pico-sdk/sdk/2.2.0/src/common/pico_time/time.c.o
 .text.alarm_pool_get_default
                0x10001a58       0x2c CMakeFiles/testFT8.dir/Users/PCOLLA/.pico-sdk/sdk/2.2.0/src/common/pico_time/time.c.o
                0x10001a58                alarm_pool_get_default
 .text.alarm_pool_add_alarm_at_force_in_context
                0x10001a84       0xa4 CMakeFiles/testFT8.dir/Users/PCOLLA/.pico-sdk/sdk/2.2.0/src/common/pico_time/time.c.o
                0x10001a84                alarm_pool_add_alarm_at_force_in_context
 .text.alarm_pool_add_alarm_at
                0x10001b28       0x3c CMakeFiles/testFT8.dir/Users/PCOLLA/.pico-sdk/sdk/2.2.0/src/common/pico_time/time.c.o
                0x10001b28                alarm_pool_add_alarm_at
 .text.add_alarm_at
                0x10001b64       0x2e CMakeFiles/testFT8.dir/Users/PCOLLA/.pico-sdk/sdk/2.2.0/src/common/pico_time/time.c.o
 *fill*         0x10001b92        0x2 
 .text.alarm_pool_cancel_alarm
                0x10001b94       0x7c CMakeFiles/testFT8.dir/Users/PCOLLA/.pico-sdk/sdk/2.2.0/src/common/pico_time/time.c.o
                0x10001b94                alarm_pool_cancel_alarm
 .text.cancel_alarm
                0x10001c10       0x10 CMakeFiles/testFT8.dir/Users/PCOLLA/.pico-sdk/sdk/2.2.0/src/common/pico_time/time.c.o
 .text.alarm_pool_core_num
                0x10001c20        0x4 CMakeFiles/testFT8.dir/Users/PCOLLA/.pico-sdk/sdk/2.2.0/src/common/pico_time/time.c.o
                0x10001c20                alarm_pool_core_num
 .text.sleep_until
                0x10001c24       0xb0 CMakeFiles/testFT8.dir/Users/PCOLLA/.pico-sdk/sdk/2.2.0/src/common/pico_time/time.c.o
                0x10001c24                sleep_until
 .text.sleep_us
                0x10001cd4       0x2c CMakeFiles/testFT8.dir/Users/PCOLLA/.pico-sdk/sdk/2.2.0/src/common/pico_time/time.c.o
                0x10001cd4                sleep_us
 .text.sleep_ms
                0x10001d00       0x14 CMakeFiles/testFT8.dir/Users/PCOLLA/.pico-sdk/sdk/2.2.0/src/common/pico_time/time.c.o
                0x10001d00                sleep_ms
 .text.best_effort_wfe_or_timeout
                0x10001d14      0x120 CMakeFiles/testFT8.dir/Users/PCOLLA/.pico-sdk/sdk/2.2.0/src/common/pico_time/time.c.o
                0x10001d14                best_effort_wfe_or_timeout
 .text.alarm_pool_get_default_timer
                0x10001e34        0x8 CMakeFiles/testFT8.dir/Users/PCOLLA/.pico-sdk/sdk/2.2.0/src/common/pico_time/time.c.o
                0x10001e34                alarm_pool_get_default_timer
 .text.runtime_init_default_alarm_pool
                0x10001e3c       0x38 CMakeFiles/testFT8.dir/Users/PCOLLA/.pico-sdk/sdk/2.2.0/src/common/pico_time/time.c.o
                0x10001e3c                runtime_init_default_alarm_pool
 .text.timer_hardware_alarm_claim
                0x10001e74       0x14 CMakeFiles/testFT8.dir/Users/PCOLLA/.pico-sdk/sdk/2.2.0/src/rp2_common/hardware_timer/timer.c.o
                0x10001e74                timer_hardware_alarm_claim
 .text.timer_time_us_64
                0x10001e88       0x10 CMakeFiles/testFT8.dir/Users/PCOLLA/.pico-sdk/sdk/2.2.0/src/rp2_common/hardware_timer/timer.c.o
                0x10001e88                timer_time_us_64
 .text.timer_busy_wait_until
                0x10001e98       0x1a CMakeFiles/testFT8.dir/Users/PCOLLA/.pico-sdk/sdk/2.2.0/src/rp2_common/hardware_timer/timer.c.o
                0x10001e98                timer_busy_wait_until
 *fill*         0x10001eb2        0x2 
 .text.time_us_64
                0x10001eb4       0x10 CMakeFiles/testFT8.dir/Users/PCOLLA/.pico-sdk/sdk/2.2.0/src/rp2_common/hardware_timer/timer.c.o
                0x10001eb4                time_us_64
 .text.busy_wait_until
                0x10001ec4       0x14 CMakeFiles/testFT8.dir/Users/PCOLLA/.pico-sdk/sdk/2.2.0/src/rp2_common/hardware_timer/timer.c.o
                0x10001ec4                busy_wait_until
 .text.clock_configure_internal
                0x10001ed8       0xc0 CMakeFiles/testFT8.dir/Users/PCOLLA/.pico-sdk/sdk/2.2.0/src/rp2_common/hardware_clocks/clocks.c.o
 .text.clock_configure_int_divider
                0x10001f98       0x28 CMakeFiles/testFT8.dir/Users/PCOLLA/.pico-sdk/sdk/2.2.0/src/rp2_common/hardware_clocks/clocks.c.o
                0x10001f98                clock_configure_int_divider
 .text.clock_configure_undivided
                0x10001fc0       0x12 CMakeFiles/testFT8.dir/Users/PCOLLA/.pico-sdk/sdk/2.2.0/src/rp2_common/hardware_clocks/clocks.c.o
                0x10001fc0                clock_configure_undivided
 *fill*         0x10001fd2        0x2 
 .text.clock_get_hz
                0x10001fd4        0xc CMakeFiles/testFT8.dir/Users/PCOLLA/.pico-sdk/sdk/2.2.0/src/rp2_common/hardware_clocks/clocks.c.o
                0x10001fd4                clock_get_hz
 .text.set_sys_clock_pll
                0x10001fe0       0x68 CMakeFiles/testFT8.dir/Users/PCOLLA/.pico-sdk/sdk/2.2.0/src/rp2_common/hardware_clocks/clocks.c.o
                0x10001fe0                set_sys_clock_pll
 .text.check_sys_clock_khz
                0x10002048       0xa4 CMakeFiles/testFT8.dir/Users/PCOLLA/.pico-sdk/sdk/2.2.0/src/rp2_common/hardware_clocks/clocks.c.o
                0x10002048                check_sys_clock_khz
 .text.pll_init
                0x100020ec      0x124 CMakeFiles/testFT8.dir/Users/PCOLLA/.pico-sdk/sdk/2.2.0/src/rp2_common/hardware_pll/pll.c.o
                0x100020ec                pll_init
 .text.watchdog_update
                0x10002210       0x14 CMakeFiles/testFT8.dir/Users/PCOLLA/.pico-sdk/sdk/2.2.0/src/rp2_common/hardware_watchdog/watchdog.c.o
                0x10002210                watchdog_update
 .text._watchdog_enable
                0x10002224       0x78 CMakeFiles/testFT8.dir/Users/PCOLLA/.pico-sdk/sdk/2.2.0/src/rp2_common/hardware_watchdog/watchdog.c.o
                0x10002224                _watchdog_enable
 .text.watchdog_reboot
                0x1000229c       0x48 CMakeFiles/testFT8.dir/Users/PCOLLA/.pico-sdk/sdk/2.2.0/src/rp2_common/hardware_watchdog/watchdog.c.o
                0x1000229c                watchdog_reboot
 .text.tick_start
                0x100022e4       0x10 CMakeFiles/testFT8.dir/Users/PCOLLA/.pico-sdk/sdk/2.2.0/src/rp2_common/hardware_ticks/ticks.c.o
                0x100022e4                tick_start
 .text.rom_func_lookup
                0x100022f4       0x10 CMakeFiles/testFT8.dir/Users/PCOLLA/.pico-sdk/sdk/2.2.0/src/rp2_common/pico_bootrom/bootrom.c.o
                0x100022f4                rom_func_lookup
 .text.rom_data_lookup
                0x10002304       0x10 CMakeFiles/testFT8.dir/Users/PCOLLA/.pico-sdk/sdk/2.2.0/src/rp2_common/pico_bootrom/bootrom.c.o
                0x10002304                rom_data_lookup
 .text.rom_funcs_lookup
                0x10002314       0x36 CMakeFiles/testFT8.dir/Users/PCOLLA/.pico-sdk/sdk/2.2.0/src/rp2_common/pico_bootrom/bootrom.c.o
                0x10002314                rom_funcs_lookup
 *fill*         0x1000234a        0x2 
 .text.rom_reset_usb_boot_extra
                0x1000234c       0x24 CMakeFiles/testFT8.dir/Users/PCOLLA/.pico-sdk/sdk/2.2.0/src/rp2_common/pico_bootrom/bootrom.c.o
                0x1000234c                rom_reset_usb_boot_extra
 .text.xosc_init
                0x10002370       0x2c CMakeFiles/testFT8.dir/Users/PCOLLA/.pico-sdk/sdk/2.2.0/src/rp2_common/hardware_xosc/xosc.c.o
                0x10002370                xosc_init
 .text.runtime_run_initializers_from
                0x1000239c       0x18 CMakeFiles/testFT8.dir/Users/PCOLLA/.pico-sdk/sdk/2.2.0/src/rp2_common/pico_runtime/runtime.c.o
 .text.first_per_core_initializer
                0x100023b4        0x2 CMakeFiles/testFT8.dir/Users/PCOLLA/.pico-sdk/sdk/2.2.0/src/rp2_common/pico_runtime/runtime.c.o
 *fill*         0x100023b6        0x2 
 .text.runtime_run_initializers
                0x100023b8       0x10 CMakeFiles/testFT8.dir/Users/PCOLLA/.pico-sdk/sdk/2.2.0/src/rp2_common/pico_runtime/runtime.c.o
                0x100023b8                runtime_run_initializers
 .text.runtime_run_per_core_initializers
                0x100023c8       0x10 CMakeFiles/testFT8.dir/Users/PCOLLA/.pico-sdk/sdk/2.2.0/src/rp2_common/pico_runtime/runtime.c.o
                0x100023c8                runtime_run_per_core_initializers
 .text.runtime_init_early_resets
                0x100023d8       0x2c CMakeFiles/testFT8.dir/Users/PCOLLA/.pico-sdk/sdk/2.2.0/src/rp2_common/pico_runtime_init/runtime_init.c.o
                0x100023d8                runtime_init_early_resets
 .text.runtime_init_usb_power_down
                0x10002404       0x1c CMakeFiles/testFT8.dir/Users/PCOLLA/.pico-sdk/sdk/2.2.0/src/rp2_common/pico_runtime_init/runtime_init.c.o
                0x10002404                runtime_init_usb_power_down
 .text.runtime_init_post_clock_resets
                0x10002420       0x20 CMakeFiles/testFT8.dir/Users/PCOLLA/.pico-sdk/sdk/2.2.0/src/rp2_common/pico_runtime_init/runtime_init.c.o
                0x10002420                runtime_init_post_clock_resets
 .text.runtime_init_rp2040_gpio_ie_disable
                0x10002440       0x14 CMakeFiles/testFT8.dir/Users/PCOLLA/.pico-sdk/sdk/2.2.0/src/rp2_common/pico_runtime_init/runtime_init.c.o
                0x10002440                runtime_init_rp2040_gpio_ie_disable
 .text.runtime_init_spin_locks_reset
                0x10002454        0x8 CMakeFiles/testFT8.dir/Users/PCOLLA/.pico-sdk/sdk/2.2.0/src/rp2_common/pico_runtime_init/runtime_init.c.o
                0x10002454                runtime_init_spin_locks_reset
 .text.runtime_init_install_ram_vector_table
                0x1000245c       0x48 CMakeFiles/testFT8.dir/Users/PCOLLA/.pico-sdk/sdk/2.2.0/src/rp2_common/pico_runtime_init/runtime_init.c.o
                0x1000245c                runtime_init_install_ram_vector_table
 .text.start_all_ticks
                0x100024a4       0x28 CMakeFiles/testFT8.dir/Users/PCOLLA/.pico-sdk/sdk/2.2.0/src/rp2_common/pico_runtime_init/runtime_init_clocks.c.o
 .text.runtime_init_clocks
                0x100024cc       0xcc CMakeFiles/testFT8.dir/Users/PCOLLA/.pico-sdk/sdk/2.2.0/src/rp2_common/pico_runtime_init/runtime_init_clocks.c.o
                0x100024cc                runtime_init_clocks
 .text          0x10002598       0x10 CMakeFiles/testFT8.dir/Users/PCOLLA/.pico-sdk/sdk/2.2.0/src/rp2_common/pico_bit_ops/bit_ops_aeabi.S.o
 .text.__wrap___aeabi_idiv
                0x100025a8       0x50 CMakeFiles/testFT8.dir/Users/PCOLLA/.pico-sdk/sdk/2.2.0/src/rp2_common/pico_divider/divider_hardware.S.o
                0x100025a8                __wrap___aeabi_idivmod
                0x100025a8                divmod_s32s32
                0x100025a8                div_s32s32
                0x100025a8                __wrap___aeabi_idiv
                0x100025b0                divmod_s32s32_unsafe
                0x100025dc                divmod_s32s32_savestate
 .text.__wrap___aeabi_uidiv
                0x100025f8       0x4c CMakeFiles/testFT8.dir/Users/PCOLLA/.pico-sdk/sdk/2.2.0/src/rp2_common/pico_divider/divider_hardware.S.o
                0x100025f8                __wrap___aeabi_uidiv
                0x100025f8                __wrap___aeabi_uidivmod
                0x100025f8                div_u32u32
                0x100025f8                divmod_u32u32
                0x10002600                divmod_u32u32_unsafe
                0x10002628                divmod_u32u32_savestate
 .text.__wrap___aeabi_ldiv
                0x10002644      0x424 CMakeFiles/testFT8.dir/Users/PCOLLA/.pico-sdk/sdk/2.2.0/src/rp2_common/pico_divider/divider_hardware.S.o
                0x10002644                __wrap___aeabi_ldivmod
                0x10002644                div_s64s64
                0x10002644                divmod_s64s64
                0x10002674                divmod_u64u64
                0x10002674                div_u64u64
                0x10002674                __wrap___aeabi_uldivmod
                0x10002684                divmod_u64u64_savestate
                0x100026a4                divmod_s64s64_unsafe
                0x1000272c                divmod_u64u64_unsafe
 .text.__wrap___aeabi_darithmetic
                0x10002a68       0x80 CMakeFiles/testFT8.dir/Users/PCOLLA/.pico-sdk/sdk/2.2.0/src/rp2_common/pico_double/double_aeabi_rp2040.S.o
                0x10002a68                __wrap___aeabi_drsub
                0x10002a6e                __wrap___aeabi_dsub
                0x10002a80                __wrap___aeabi_dadd
                0x10002a92                __wrap___aeabi_ddiv
                0x10002ace                __wrap___aeabi_dmul
 .text.__wrap___aeabi_cdcmple
                0x10002ae8       0x6c CMakeFiles/testFT8.dir/Users/PCOLLA/.pico-sdk/sdk/2.2.0/src/rp2_common/pico_double/double_aeabi_rp2040.S.o
                0x10002ae8                __wrap___aeabi_cdrcmple
                0x10002af8                __wrap___aeabi_cdcmple
                0x10002af8                __wrap___aeabi_cdcmpeq
 .text.__wrap___aeabi_dcmplt
                0x10002b54        0xc CMakeFiles/testFT8.dir/Users/PCOLLA/.pico-sdk/sdk/2.2.0/src/rp2_common/pico_double/double_aeabi_rp2040.S.o
                0x10002b54                __wrap___aeabi_dcmplt
 .text.__wrap___aeabi_dcmple
                0x10002b60       0x10 CMakeFiles/testFT8.dir/Users/PCOLLA/.pico-sdk/sdk/2.2.0/src/rp2_common/pico_double/double_aeabi_rp2040.S.o
                0x10002b60                __wrap___aeabi_dcmple
 .text.__wrap___aeabi_dcmpge
                0x10002b70       0x10 CMakeFiles/testFT8.dir/Users/PCOLLA/.pico-sdk/sdk/2.2.0/src/rp2_common/pico_double/double_aeabi_rp2040.S.o
                0x10002b70                __wrap___aeabi_dcmpge
 .text.__wrap___aeabi_dcmpgt
                0x10002b80        0xa CMakeFiles/testFT8.dir/Users/PCOLLA/.pico-sdk/sdk/2.2.0/src/rp2_common/pico_double/double_aeabi_rp2040.S.o
                0x10002b80                __wrap___aeabi_dcmpgt
 .text.__wrap___aeabi_dcmpun
                0x10002b8a       0x18 CMakeFiles/testFT8.dir/Users/PCOLLA/.pico-sdk/sdk/2.2.0/src/rp2_common/pico_double/double_aeabi_rp2040.S.o
                0x10002b8a                __wrap___aeabi_dcmpun
 *fill*         0x10002ba2        0x2 
 .text.__wrap___aeabi_i2d
                0x10002ba4       0x38 CMakeFiles/testFT8.dir/Users/PCOLLA/.pico-sdk/sdk/2.2.0/src/rp2_common/pico_double/double_aeabi_rp2040.S.o
                0x10002ba4                __wrap___aeabi_ui2d
                0x10002ba4                uint2double
                0x10002bac                __wrap___aeabi_i2d
                0x10002bac                int2double
 .text.__wrap___aeabi_d2iz
                0x10002bdc       0x48 CMakeFiles/testFT8.dir/Users/PCOLLA/.pico-sdk/sdk/2.2.0/src/rp2_common/pico_double/double_aeabi_rp2040.S.o
                0x10002bdc                __wrap___aeabi_d2iz
                0x10002bdc                double2int_z
 .text.__wrap___aeabi_d2uiz
                0x10002c24       0x18 CMakeFiles/testFT8.dir/Users/PCOLLA/.pico-sdk/sdk/2.2.0/src/rp2_common/pico_double/double_aeabi_rp2040.S.o
                0x10002c24                double2uint_z
                0x10002c24                double2uint
                0x10002c24                __wrap___aeabi_d2uiz
 .text.__aeabi_double_init
                0x10002c3c       0xcc CMakeFiles/testFT8.dir/Users/PCOLLA/.pico-sdk/sdk/2.2.0/src/rp2_common/pico_double/double_init_rom_rp2040.c.o
                0x10002c3c                __aeabi_double_init
 .text.double_table_shim_on_use_helper
                0x10002d08       0x34 CMakeFiles/testFT8.dir/Users/PCOLLA/.pico-sdk/sdk/2.2.0/src/rp2_common/pico_double/double_v1_rom_shim_rp2040.S.o
                0x10002d08                double_table_shim_on_use_helper
 .text.__wrap___aeabi_dsub
                0x10002d3c       0x10 CMakeFiles/testFT8.dir/Users/PCOLLA/.pico-sdk/sdk/2.2.0/src/rp2_common/pico_double/double_v1_rom_shim_rp2040.S.o
                0x10002d3c                drsub_shim
                0x10002d42                dsub_shim
 .text.dadd_shim
                0x10002d4c      0x15c CMakeFiles/testFT8.dir/Users/PCOLLA/.pico-sdk/sdk/2.2.0/src/rp2_common/pico_double/double_v1_rom_shim_rp2040.S.o
                0x10002d4c                dadd_shim
 .text.dmul_shim
                0x10002ea8      0x15c CMakeFiles/testFT8.dir/Users/PCOLLA/.pico-sdk/sdk/2.2.0/src/rp2_common/pico_double/double_v1_rom_shim_rp2040.S.o
                0x10002ea8                dmul_shim
 .text.ddiv_shim
                0x10003004      0x1b0 CMakeFiles/testFT8.dir/Users/PCOLLA/.pico-sdk/sdk/2.2.0/src/rp2_common/pico_double/double_v1_rom_shim_rp2040.S.o
                0x10003004                ddiv_shim
 .text.double2uint_shim
                0x100031b4        0xe CMakeFiles/testFT8.dir/Users/PCOLLA/.pico-sdk/sdk/2.2.0/src/rp2_common/pico_double/double_v1_rom_shim_rp2040.S.o
                0x100031b4                double2uint_shim
                0x100031b6                double2ufix_shim
 *fill*         0x100031c2        0x2 
 .text.double2uint64_shim
                0x100031c4       0x70 CMakeFiles/testFT8.dir/Users/PCOLLA/.pico-sdk/sdk/2.2.0/src/rp2_common/pico_double/double_v1_rom_shim_rp2040.S.o
                0x100031c4                double2uint64_shim
                0x100031c6                double2ufix64_shim
                0x100031e6                d2fix_a
 .text.dunpacks
                0x10003234       0x3c CMakeFiles/testFT8.dir/Users/PCOLLA/.pico-sdk/sdk/2.2.0/src/rp2_common/pico_double/double_v1_rom_shim_rp2040.S.o
                0x10003234                dunpacks
 .text.__aeabi_lmul
                0x10003270       0x32 CMakeFiles/testFT8.dir/Users/PCOLLA/.pico-sdk/sdk/2.2.0/src/rp2_common/pico_int64_ops/pico_int64_ops_aeabi.S.o
                0x10003270                __wrap___aeabi_lmul
 *fill*         0x100032a2        0x2 
 .text.__aeabi_float_init
                0x100032a4       0xfc CMakeFiles/testFT8.dir/Users/PCOLLA/.pico-sdk/sdk/2.2.0/src/rp2_common/pico_float/float_init_rom_rp2040.c.o
                0x100032a4                __aeabi_float_init
 .text.float_table_shim_on_use_helper
                0x100033a0       0x34 CMakeFiles/testFT8.dir/Users/PCOLLA/.pico-sdk/sdk/2.2.0/src/rp2_common/pico_float/float_v1_rom_shim_rp2040.S.o
                0x100033a0                float_table_shim_on_use_helper
 .text          0x100033d4       0x10 CMakeFiles/testFT8.dir/Users/PCOLLA/.pico-sdk/sdk/2.2.0/src/rp2_common/pico_mem_ops/mem_ops_aeabi.S.o
                0x100033d4                __aeabi_mem_init
 .text.memset   0x100033e4        0xc CMakeFiles/testFT8.dir/Users/PCOLLA/.pico-sdk/sdk/2.2.0/src/rp2_common/pico_mem_ops/mem_ops_aeabi.S.o
                0x100033e4                __wrap_memset
 .text.memcpy   0x100033f0        0xc CMakeFiles/testFT8.dir/Users/PCOLLA/.pico-sdk/sdk/2.2.0/src/rp2_common/pico_mem_ops/mem_ops_aeabi.S.o
                0x100033f0                __wrap___aeabi_memcpy
                0x100033f0                __wrap_memcpy
 .text._out_null
                0x100033fc        0x2 CMakeFiles/testFT8.dir/Users/PCOLLA/.pico-sdk/sdk/2.2.0/src/rp2_common/pico_printf/printf.c.o
 .text._out_fct
                0x100033fe        0xe CMakeFiles/testFT8.dir/Users/PCOLLA/.pico-sdk/sdk/2.2.0/src/rp2_common/pico_printf/printf.c.o
 .text._atoi    0x1000340c       0x24 CMakeFiles/testFT8.dir/Users/PCOLLA/.pico-sdk/sdk/2.2.0/src/rp2_common/pico_printf/printf.c.o
 .text._out_rev
                0x10003430       0xba CMakeFiles/testFT8.dir/Users/PCOLLA/.pico-sdk/sdk/2.2.0/src/rp2_common/pico_printf/printf.c.o
 .text._ntoa_format
                0x100034ea      0x116 CMakeFiles/testFT8.dir/Users/PCOLLA/.pico-sdk/sdk/2.2.0/src/rp2_common/pico_printf/printf.c.o
 .text._ntoa_long
                0x10003600       0xb8 CMakeFiles/testFT8.dir/Users/PCOLLA/.pico-sdk/sdk/2.2.0/src/rp2_common/pico_printf/printf.c.o
 .text._ntoa_long_long
                0x100036b8       0xf8 CMakeFiles/testFT8.dir/Users/PCOLLA/.pico-sdk/sdk/2.2.0/src/rp2_common/pico_printf/printf.c.o
 .text._etoa    0x100037b0      0x448 CMakeFiles/testFT8.dir/Users/PCOLLA/.pico-sdk/sdk/2.2.0/src/rp2_common/pico_printf/printf.c.o
 .text._ftoa    0x10003bf8      0x340 CMakeFiles/testFT8.dir/Users/PCOLLA/.pico-sdk/sdk/2.2.0/src/rp2_common/pico_printf/printf.c.o
 .text._vsnprintf
                0x10003f38      0x684 CMakeFiles/testFT8.dir/Users/PCOLLA/.pico-sdk/sdk/2.2.0/src/rp2_common/pico_printf/printf.c.o
 .text.vfctprintf
                0x100045bc       0x28 CMakeFiles/testFT8.dir/Users/PCOLLA/.pico-sdk/sdk/2.2.0/src/rp2_common/pico_printf/printf.c.o
                0x100045bc                vfctprintf
 .text._exit    0x100045e4        0x4 CMakeFiles/testFT8.dir/Users/PCOLLA/.pico-sdk/sdk/2.2.0/src/rp2_common/pico_clib_interface/newlib_interface.c.o
                0x100045e4                _exit
 .text.exit     0x100045e8        0x6 CMakeFiles/testFT8.dir/Users/PCOLLA/.pico-sdk/sdk/2.2.0/src/rp2_common/pico_clib_interface/newlib_interface.c.o
                0x100045e8                exit
 *fill*         0x100045ee        0x2 
 .text.__assert_func
                0x100045f0       0x38 CMakeFiles/testFT8.dir/Users/PCOLLA/.pico-sdk/sdk/2.2.0/src/rp2_common/pico_clib_interface/newlib_interface.c.o
                0x100045f0                __assert_func
 .text.runtime_init
                0x10004628       0x28 CMakeFiles/testFT8.dir/Users/PCOLLA/.pico-sdk/sdk/2.2.0/src/rp2_common/pico_clib_interface/newlib_interface.c.o
                0x10004628                runtime_init
 .text.stdio_out_chars_no_crlf
                0x10004650        0xe CMakeFiles/testFT8.dir/Users/PCOLLA/.pico-sdk/sdk/2.2.0/src/rp2_common/pico_stdio/stdio.c.o
 *fill*         0x1000465e        0x2 
 .text.stdio_out_chars_crlf
                0x10004660       0x7c CMakeFiles/testFT8.dir/Users/PCOLLA/.pico-sdk/sdk/2.2.0/src/rp2_common/pico_stdio/stdio.c.o
 .text.stdio_stack_buffer_flush
                0x100046dc       0x44 CMakeFiles/testFT8.dir/Users/PCOLLA/.pico-sdk/sdk/2.2.0/src/rp2_common/pico_stdio/stdio.c.o
 .text.stdio_buffered_printer
                0x10004720       0x20 CMakeFiles/testFT8.dir/Users/PCOLLA/.pico-sdk/sdk/2.2.0/src/rp2_common/pico_stdio/stdio.c.o
 .text.stdout_serialize_begin
                0x10004740       0x30 CMakeFiles/testFT8.dir/Users/PCOLLA/.pico-sdk/sdk/2.2.0/src/rp2_common/pico_stdio/stdio.c.o
                0x10004740                stdout_serialize_begin
 .text.stdout_serialize_end
                0x10004770       0x10 CMakeFiles/testFT8.dir/Users/PCOLLA/.pico-sdk/sdk/2.2.0/src/rp2_common/pico_stdio/stdio.c.o
                0x10004770                stdout_serialize_end
 .text.stdio_put_string
                0x10004780       0x94 CMakeFiles/testFT8.dir/Users/PCOLLA/.pico-sdk/sdk/2.2.0/src/rp2_common/pico_stdio/stdio.c.o
                0x10004780                stdio_put_string
 .text.stdio_set_driver_enabled
                0x10004814       0x30 CMakeFiles/testFT8.dir/Users/PCOLLA/.pico-sdk/sdk/2.2.0/src/rp2_common/pico_stdio/stdio.c.o
                0x10004814                stdio_set_driver_enabled
 .text.stdio_flush
                0x10004844       0x20 CMakeFiles/testFT8.dir/Users/PCOLLA/.pico-sdk/sdk/2.2.0/src/rp2_common/pico_stdio/stdio.c.o
                0x10004844                stdio_flush
 .text.stdio_init_all
                0x10004864        0x8 CMakeFiles/testFT8.dir/Users/PCOLLA/.pico-sdk/sdk/2.2.0/src/rp2_common/pico_stdio/stdio.c.o
                0x10004864                stdio_init_all
 .text.__wrap_putchar
                0x1000486c       0x1c CMakeFiles/testFT8.dir/Users/PCOLLA/.pico-sdk/sdk/2.2.0/src/rp2_common/pico_stdio/stdio.c.o
                0x1000486c                stdio_putchar
                0x1000486c                __wrap_putchar
 .text.__wrap_puts
                0x10004888       0x1e CMakeFiles/testFT8.dir/Users/PCOLLA/.pico-sdk/sdk/2.2.0/src/rp2_common/pico_stdio/stdio.c.o
                0x10004888                __wrap_puts
                0x10004888                stdio_puts
 *fill*         0x100048a6        0x2 
 .text.__wrap_vprintf
                0x100048a8       0x40 CMakeFiles/testFT8.dir/Users/PCOLLA/.pico-sdk/sdk/2.2.0/src/rp2_common/pico_stdio/stdio.c.o
                0x100048a8                __wrap_vprintf
                0x100048a8                stdio_vprintf
 .text.__wrap_printf
                0x100048e8       0x18 CMakeFiles/testFT8.dir/Users/PCOLLA/.pico-sdk/sdk/2.2.0/src/rp2_common/pico_stdio/stdio.c.o
                0x100048e8                stdio_printf
                0x100048e8                __wrap_printf
 .text.resetd_init
                0x10004900        0x2 CMakeFiles/testFT8.dir/Users/PCOLLA/.pico-sdk/sdk/2.2.0/src/rp2_common/pico_stdio_usb/reset_interface.c.o
 *fill*         0x10004902        0x2 
 .text.resetd_reset
                0x10004904        0xc CMakeFiles/testFT8.dir/Users/PCOLLA/.pico-sdk/sdk/2.2.0/src/rp2_common/pico_stdio_usb/reset_interface.c.o
 .text.resetd_open
                0x10004910       0x34 CMakeFiles/testFT8.dir/Users/PCOLLA/.pico-sdk/sdk/2.2.0/src/rp2_common/pico_stdio_usb/reset_interface.c.o
 .text.resetd_xfer_cb
                0x10004944        0x4 CMakeFiles/testFT8.dir/Users/PCOLLA/.pico-sdk/sdk/2.2.0/src/rp2_common/pico_stdio_usb/reset_interface.c.o
 .text.resetd_control_xfer_cb
                0x10004948       0x60 CMakeFiles/testFT8.dir/Users/PCOLLA/.pico-sdk/sdk/2.2.0/src/rp2_common/pico_stdio_usb/reset_interface.c.o
 .text.tud_descriptor_bos_cb
                0x100049a8        0x8 CMakeFiles/testFT8.dir/Users/PCOLLA/.pico-sdk/sdk/2.2.0/src/rp2_common/pico_stdio_usb/reset_interface.c.o
                0x100049a8                tud_descriptor_bos_cb
 .text.tud_vendor_control_xfer_cb
                0x100049b0       0x3c CMakeFiles/testFT8.dir/Users/PCOLLA/.pico-sdk/sdk/2.2.0/src/rp2_common/pico_stdio_usb/reset_interface.c.o
                0x100049b0                tud_vendor_control_xfer_cb
 .text.usbd_app_driver_get_cb
                0x100049ec        0xc CMakeFiles/testFT8.dir/Users/PCOLLA/.pico-sdk/sdk/2.2.0/src/rp2_common/pico_stdio_usb/reset_interface.c.o
                0x100049ec                usbd_app_driver_get_cb
 .text.tud_cdc_line_coding_cb
                0x100049f8       0x2c CMakeFiles/testFT8.dir/Users/PCOLLA/.pico-sdk/sdk/2.2.0/src/rp2_common/pico_stdio_usb/reset_interface.c.o
                0x100049f8                tud_cdc_line_coding_cb
 .text.stdio_usb_set_chars_available_callback
                0x10004a24       0x14 CMakeFiles/testFT8.dir/Users/PCOLLA/.pico-sdk/sdk/2.2.0/src/rp2_common/pico_stdio_usb/stdio_usb.c.o
                0x10004a24                stdio_usb_set_chars_available_callback
 .text.stdio_usb_out_flush
                0x10004a38       0x4c CMakeFiles/testFT8.dir/Users/PCOLLA/.pico-sdk/sdk/2.2.0/src/rp2_common/pico_stdio_usb/stdio_usb.c.o
 .text.usb_irq  0x10004a84       0x10 CMakeFiles/testFT8.dir/Users/PCOLLA/.pico-sdk/sdk/2.2.0/src/rp2_common/pico_stdio_usb/stdio_usb.c.o
 .text.timer_task
                0x10004a94       0x78 CMakeFiles/testFT8.dir/Users/PCOLLA/.pico-sdk/sdk/2.2.0/src/rp2_common/pico_stdio_usb/stdio_usb.c.o
 .text.alarm_pool_add_alarm_in_us
                0x10004b0c       0x40 CMakeFiles/testFT8.dir/Users/PCOLLA/.pico-sdk/sdk/2.2.0/src/rp2_common/pico_stdio_usb/stdio_usb.c.o
 .text.add_alarm_in_us
                0x10004b4c       0x2e CMakeFiles/testFT8.dir/Users/PCOLLA/.pico-sdk/sdk/2.2.0/src/rp2_common/pico_stdio_usb/stdio_usb.c.o
 *fill*         0x10004b7a        0x2 
 .text.low_priority_worker_irq
                0x10004b7c       0xa8 CMakeFiles/testFT8.dir/Users/PCOLLA/.pico-sdk/sdk/2.2.0/src/rp2_common/pico_stdio_usb/stdio_usb.c.o
 .text.stdio_usb_init
                0x10004c24       0xe0 CMakeFiles/testFT8.dir/Users/PCOLLA/.pico-sdk/sdk/2.2.0/src/rp2_common/pico_stdio_usb/stdio_usb.c.o
                0x10004c24                stdio_usb_init
 .text.stdio_usb_connected
                0x10004d04        0xa CMakeFiles/testFT8.dir/Users/PCOLLA/.pico-sdk/sdk/2.2.0/src/rp2_common/pico_stdio_usb/stdio_usb.c.o
                0x10004d04                stdio_usb_connected
 *fill*         0x10004d0e        0x2 
 .text.stdio_usb_in_chars
                0x10004d10       0xa0 CMakeFiles/testFT8.dir/Users/PCOLLA/.pico-sdk/sdk/2.2.0/src/rp2_common/pico_stdio_usb/stdio_usb.c.o
                0x10004d10                stdio_usb_in_chars
 .text.stdio_usb_out_chars
                0x10004db0       0xe8 CMakeFiles/testFT8.dir/Users/PCOLLA/.pico-sdk/sdk/2.2.0/src/rp2_common/pico_stdio_usb/stdio_usb.c.o
 .text.tud_descriptor_device_cb
                0x10004e98        0x8 CMakeFiles/testFT8.dir/Users/PCOLLA/.pico-sdk/sdk/2.2.0/src/rp2_common/pico_stdio_usb/stdio_usb_descriptors.c.o
                0x10004e98                tud_descriptor_device_cb
 .text.tud_descriptor_configuration_cb
                0x10004ea0        0x8 CMakeFiles/testFT8.dir/Users/PCOLLA/.pico-sdk/sdk/2.2.0/src/rp2_common/pico_stdio_usb/stdio_usb_descriptors.c.o
                0x10004ea0                tud_descriptor_configuration_cb
 .text.tud_descriptor_string_cb
                0x10004ea8       0x6c CMakeFiles/testFT8.dir/Users/PCOLLA/.pico-sdk/sdk/2.2.0/src/rp2_common/pico_stdio_usb/stdio_usb_descriptors.c.o
                0x10004ea8                tud_descriptor_string_cb
 .text._retrieve_unique_id_on_boot
                0x10004f14       0x10 CMakeFiles/testFT8.dir/Users/PCOLLA/.pico-sdk/sdk/2.2.0/src/rp2_common/pico_unique_id/unique_id.c.o
 .text.pico_get_unique_board_id_string
                0x10004f24       0x58 CMakeFiles/testFT8.dir/Users/PCOLLA/.pico-sdk/sdk/2.2.0/src/rp2_common/pico_unique_id/unique_id.c.o
                0x10004f24                pico_get_unique_board_id_string
 .text.flash_get_unique_id
                0x10004f7c       0x40 CMakeFiles/testFT8.dir/Users/PCOLLA/.pico-sdk/sdk/2.2.0/src/rp2_common/hardware_flash/flash.c.o
                0x10004f7c                flash_get_unique_id
 .text.hw_endpoint_init
                0x10004fbc       0xd0 CMakeFiles/testFT8.dir/Users/PCOLLA/.pico-sdk/sdk/2.2.0/lib/tinyusb/src/portable/raspberrypi/rp2040/dcd_rp2040.c.o
 .text.hw_endpoint_alloc
                0x1000508c       0x48 CMakeFiles/testFT8.dir/Users/PCOLLA/.pico-sdk/sdk/2.2.0/lib/tinyusb/src/portable/raspberrypi/rp2040/dcd_rp2040.c.o
 .text.hw_endpoint_open
                0x100050d4       0x54 CMakeFiles/testFT8.dir/Users/PCOLLA/.pico-sdk/sdk/2.2.0/lib/tinyusb/src/portable/raspberrypi/rp2040/dcd_rp2040.c.o
 .text.hw_endpoint_xfer
                0x10005128       0x20 CMakeFiles/testFT8.dir/Users/PCOLLA/.pico-sdk/sdk/2.2.0/lib/tinyusb/src/portable/raspberrypi/rp2040/dcd_rp2040.c.o
 .text.dcd_int_enable
                0x10005148       0x2c CMakeFiles/testFT8.dir/Users/PCOLLA/.pico-sdk/sdk/2.2.0/lib/tinyusb/src/portable/raspberrypi/rp2040/dcd_rp2040.c.o
                0x10005148                dcd_int_enable
 .text.dcd_set_address
                0x10005174       0x2c CMakeFiles/testFT8.dir/Users/PCOLLA/.pico-sdk/sdk/2.2.0/lib/tinyusb/src/portable/raspberrypi/rp2040/dcd_rp2040.c.o
                0x10005174                dcd_set_address
 .text.dcd_connect
                0x100051a0       0x10 CMakeFiles/testFT8.dir/Users/PCOLLA/.pico-sdk/sdk/2.2.0/lib/tinyusb/src/portable/raspberrypi/rp2040/dcd_rp2040.c.o
                0x100051a0                dcd_connect
 .text.dcd_init
                0x100051b0       0x80 CMakeFiles/testFT8.dir/Users/PCOLLA/.pico-sdk/sdk/2.2.0/lib/tinyusb/src/portable/raspberrypi/rp2040/dcd_rp2040.c.o
                0x100051b0                dcd_init
 .text.dcd_sof_enable
                0x10005230       0x1c CMakeFiles/testFT8.dir/Users/PCOLLA/.pico-sdk/sdk/2.2.0/lib/tinyusb/src/portable/raspberrypi/rp2040/dcd_rp2040.c.o
                0x10005230                dcd_sof_enable
 .text.dcd_edpt0_status_complete
                0x1000524c       0x2c CMakeFiles/testFT8.dir/Users/PCOLLA/.pico-sdk/sdk/2.2.0/lib/tinyusb/src/portable/raspberrypi/rp2040/dcd_rp2040.c.o
                0x1000524c                dcd_edpt0_status_complete
 .text.dcd_edpt_open
                0x10005278       0x26 CMakeFiles/testFT8.dir/Users/PCOLLA/.pico-sdk/sdk/2.2.0/lib/tinyusb/src/portable/raspberrypi/rp2040/dcd_rp2040.c.o
                0x10005278                dcd_edpt_open
 .text.dcd_edpt_close_all
                0x1000529e        0x8 CMakeFiles/testFT8.dir/Users/PCOLLA/.pico-sdk/sdk/2.2.0/lib/tinyusb/src/portable/raspberrypi/rp2040/dcd_rp2040.c.o
                0x1000529e                dcd_edpt_close_all
 *fill*         0x100052a6        0x2 
 .text.dcd_edpt_xfer
                0x100052a8       0x34 CMakeFiles/testFT8.dir/Users/PCOLLA/.pico-sdk/sdk/2.2.0/lib/tinyusb/src/portable/raspberrypi/rp2040/dcd_rp2040.c.o
                0x100052a8                dcd_edpt_xfer
 .text.dcd_edpt_stall
                0x100052dc       0x3c CMakeFiles/testFT8.dir/Users/PCOLLA/.pico-sdk/sdk/2.2.0/lib/tinyusb/src/portable/raspberrypi/rp2040/dcd_rp2040.c.o
                0x100052dc                dcd_edpt_stall
 .text.dcd_edpt_clear_stall
                0x10005318       0x30 CMakeFiles/testFT8.dir/Users/PCOLLA/.pico-sdk/sdk/2.2.0/lib/tinyusb/src/portable/raspberrypi/rp2040/dcd_rp2040.c.o
                0x10005318                dcd_edpt_clear_stall
 .text.unaligned_memcpy
                0x10005348       0x14 CMakeFiles/testFT8.dir/Users/PCOLLA/.pico-sdk/sdk/2.2.0/lib/tinyusb/src/portable/raspberrypi/rp2040/rp2040_usb.c.o
 .text.rp2040_usb_init
                0x1000535c       0x44 CMakeFiles/testFT8.dir/Users/PCOLLA/.pico-sdk/sdk/2.2.0/lib/tinyusb/src/portable/raspberrypi/rp2040/rp2040_usb.c.o
                0x1000535c                rp2040_usb_init
 .text.hw_endpoint_xfer_start
                0x100053a0       0x60 CMakeFiles/testFT8.dir/Users/PCOLLA/.pico-sdk/sdk/2.2.0/lib/tinyusb/src/portable/raspberrypi/rp2040/rp2040_usb.c.o
                0x100053a0                hw_endpoint_xfer_start
 .text.configuration_reset
                0x10005400       0x84 CMakeFiles/testFT8.dir/Users/PCOLLA/.pico-sdk/sdk/2.2.0/lib/tinyusb/src/device/usbd.c.o
 .text.usbd_reset
                0x10005484        0xc CMakeFiles/testFT8.dir/Users/PCOLLA/.pico-sdk/sdk/2.2.0/lib/tinyusb/src/device/usbd.c.o
 .text.invoke_class_control
                0x10005490       0x1a CMakeFiles/testFT8.dir/Users/PCOLLA/.pico-sdk/sdk/2.2.0/lib/tinyusb/src/device/usbd.c.o
 *fill*         0x100054aa        0x2 
 .text.process_set_config
                0x100054ac      0x1ac CMakeFiles/testFT8.dir/Users/PCOLLA/.pico-sdk/sdk/2.2.0/lib/tinyusb/src/device/usbd.c.o
 .text.tud_event_hook_cb
                0x10005658        0x2 CMakeFiles/testFT8.dir/Users/PCOLLA/.pico-sdk/sdk/2.2.0/lib/tinyusb/src/device/usbd.c.o
                0x10005658                tud_event_hook_cb
 .text.tud_sof_cb
                0x1000565a        0x2 CMakeFiles/testFT8.dir/Users/PCOLLA/.pico-sdk/sdk/2.2.0/lib/tinyusb/src/device/usbd.c.o
                0x1000565a                tud_sof_cb
 .text.tud_descriptor_device_qualifier_cb
                0x1000565c        0x4 CMakeFiles/testFT8.dir/Users/PCOLLA/.pico-sdk/sdk/2.2.0/lib/tinyusb/src/device/usbd.c.o
                0x1000565c                tud_descriptor_device_qualifier_cb
 .text.tud_descriptor_other_speed_configuration_cb
                0x10005660        0x4 CMakeFiles/testFT8.dir/Users/PCOLLA/.pico-sdk/sdk/2.2.0/lib/tinyusb/src/device/usbd.c.o
                0x10005660                tud_descriptor_other_speed_configuration_cb
 .text.process_get_descriptor
                0x10005664       0xf4 CMakeFiles/testFT8.dir/Users/PCOLLA/.pico-sdk/sdk/2.2.0/lib/tinyusb/src/device/usbd.c.o
 .text.tud_mount_cb
                0x10005758        0x2 CMakeFiles/testFT8.dir/Users/PCOLLA/.pico-sdk/sdk/2.2.0/lib/tinyusb/src/device/usbd.c.o
                0x10005758                tud_mount_cb
 .text.tud_umount_cb
                0x1000575a        0x2 CMakeFiles/testFT8.dir/Users/PCOLLA/.pico-sdk/sdk/2.2.0/lib/tinyusb/src/device/usbd.c.o
                0x1000575a                tud_umount_cb
 .text.tud_suspend_cb
                0x1000575c        0x2 CMakeFiles/testFT8.dir/Users/PCOLLA/.pico-sdk/sdk/2.2.0/lib/tinyusb/src/device/usbd.c.o
                0x1000575c                tud_suspend_cb
 .text.tud_resume_cb
                0x1000575e        0x2 CMakeFiles/testFT8.dir/Users/PCOLLA/.pico-sdk/sdk/2.2.0/lib/tinyusb/src/device/usbd.c.o
                0x1000575e                tud_resume_cb
 .text.tud_mounted
                0x10005760       0x10 CMakeFiles/testFT8.dir/Users/PCOLLA/.pico-sdk/sdk/2.2.0/lib/tinyusb/src/device/usbd.c.o
                0x10005760                tud_mounted
 .text.tud_suspended
                0x10005770       0x10 CMakeFiles/testFT8.dir/Users/PCOLLA/.pico-sdk/sdk/2.2.0/lib/tinyusb/src/device/usbd.c.o
                0x10005770                tud_suspended
 .text.tud_inited
                0x10005780       0x14 CMakeFiles/testFT8.dir/Users/PCOLLA/.pico-sdk/sdk/2.2.0/lib/tinyusb/src/device/usbd.c.o
                0x10005780                tud_inited
 .text.tud_rhport_init
                0x10005794      0x100 CMakeFiles/testFT8.dir/Users/PCOLLA/.pico-sdk/sdk/2.2.0/lib/tinyusb/src/device/usbd.c.o
                0x10005794                tud_rhport_init
 .text.usbd_edpt_open
                0x10005894       0x64 CMakeFiles/testFT8.dir/Users/PCOLLA/.pico-sdk/sdk/2.2.0/lib/tinyusb/src/device/usbd.c.o
                0x10005894                usbd_edpt_open
 .text.usbd_open_edpt_pair
                0x100058f8       0x80 CMakeFiles/testFT8.dir/Users/PCOLLA/.pico-sdk/sdk/2.2.0/lib/tinyusb/src/device/usbd.c.o
                0x100058f8                usbd_open_edpt_pair
 .text.usbd_edpt_claim
                0x10005978       0x28 CMakeFiles/testFT8.dir/Users/PCOLLA/.pico-sdk/sdk/2.2.0/lib/tinyusb/src/device/usbd.c.o
                0x10005978                usbd_edpt_claim
 .text.usbd_edpt_release
                0x100059a0       0x28 CMakeFiles/testFT8.dir/Users/PCOLLA/.pico-sdk/sdk/2.2.0/lib/tinyusb/src/device/usbd.c.o
                0x100059a0                usbd_edpt_release
 .text.usbd_edpt_xfer
                0x100059c8       0x80 CMakeFiles/testFT8.dir/Users/PCOLLA/.pico-sdk/sdk/2.2.0/lib/tinyusb/src/device/usbd.c.o
                0x100059c8                usbd_edpt_xfer
 .text.usbd_edpt_stall
                0x10005a48       0x34 CMakeFiles/testFT8.dir/Users/PCOLLA/.pico-sdk/sdk/2.2.0/lib/tinyusb/src/device/usbd.c.o
                0x10005a48                usbd_edpt_stall
 .text.usbd_edpt_clear_stall
                0x10005a7c       0x34 CMakeFiles/testFT8.dir/Users/PCOLLA/.pico-sdk/sdk/2.2.0/lib/tinyusb/src/device/usbd.c.o
                0x10005a7c                usbd_edpt_clear_stall
 .text.usbd_edpt_stalled
                0x10005ab0       0x1c CMakeFiles/testFT8.dir/Users/PCOLLA/.pico-sdk/sdk/2.2.0/lib/tinyusb/src/device/usbd.c.o
                0x10005ab0                usbd_edpt_stalled
 .text.process_control_request
                0x10005acc      0x3f4 CMakeFiles/testFT8.dir/Users/PCOLLA/.pico-sdk/sdk/2.2.0/lib/tinyusb/src/device/usbd.c.o
 .text.tud_task_ext
                0x10005ec0      0x1e8 CMakeFiles/testFT8.dir/Users/PCOLLA/.pico-sdk/sdk/2.2.0/lib/tinyusb/src/device/usbd.c.o
                0x10005ec0                tud_task_ext
 .text.status_stage_xact
                0x100060a8       0x1a CMakeFiles/testFT8.dir/Users/PCOLLA/.pico-sdk/sdk/2.2.0/lib/tinyusb/src/device/usbd_control.c.o
 *fill*         0x100060c2        0x2 
 .text.data_stage_xact
                0x100060c4       0x60 CMakeFiles/testFT8.dir/Users/PCOLLA/.pico-sdk/sdk/2.2.0/lib/tinyusb/src/device/usbd_control.c.o
 .text.tud_control_status
                0x10006124       0x28 CMakeFiles/testFT8.dir/Users/PCOLLA/.pico-sdk/sdk/2.2.0/lib/tinyusb/src/device/usbd_control.c.o
                0x10006124                tud_control_status
 .text.tud_control_xfer
                0x1000614c       0x98 CMakeFiles/testFT8.dir/Users/PCOLLA/.pico-sdk/sdk/2.2.0/lib/tinyusb/src/device/usbd_control.c.o
                0x1000614c                tud_control_xfer
 .text.usbd_control_reset
                0x100061e4       0x14 CMakeFiles/testFT8.dir/Users/PCOLLA/.pico-sdk/sdk/2.2.0/lib/tinyusb/src/device/usbd_control.c.o
                0x100061e4                usbd_control_reset
 .text.usbd_control_set_complete_callback
                0x100061f8        0xc CMakeFiles/testFT8.dir/Users/PCOLLA/.pico-sdk/sdk/2.2.0/lib/tinyusb/src/device/usbd_control.c.o
                0x100061f8                usbd_control_set_complete_callback
 .text.usbd_control_set_request
                0x10006204       0x1c CMakeFiles/testFT8.dir/Users/PCOLLA/.pico-sdk/sdk/2.2.0/lib/tinyusb/src/device/usbd_control.c.o
                0x10006204                usbd_control_set_request
 .text.usbd_control_xfer_cb
                0x10006220       0xec CMakeFiles/testFT8.dir/Users/PCOLLA/.pico-sdk/sdk/2.2.0/lib/tinyusb/src/device/usbd_control.c.o
                0x10006220                usbd_control_xfer_cb
 .text._prep_out_transaction
                0x1000630c       0x98 CMakeFiles/testFT8.dir/Users/PCOLLA/.pico-sdk/sdk/2.2.0/lib/tinyusb/src/class/cdc/cdc_device.c.o
 .text.tud_cdc_n_connected
                0x100063a4       0x34 CMakeFiles/testFT8.dir/Users/PCOLLA/.pico-sdk/sdk/2.2.0/lib/tinyusb/src/class/cdc/cdc_device.c.o
                0x100063a4                tud_cdc_n_connected
 .text.tud_cdc_n_available
                0x100063d8       0x18 CMakeFiles/testFT8.dir/Users/PCOLLA/.pico-sdk/sdk/2.2.0/lib/tinyusb/src/class/cdc/cdc_device.c.o
                0x100063d8                tud_cdc_n_available
 .text.tud_cdc_n_read
                0x100063f0       0x38 CMakeFiles/testFT8.dir/Users/PCOLLA/.pico-sdk/sdk/2.2.0/lib/tinyusb/src/class/cdc/cdc_device.c.o
                0x100063f0                tud_cdc_n_read
 .text.tud_cdc_n_write_flush
                0x10006428       0xa8 CMakeFiles/testFT8.dir/Users/PCOLLA/.pico-sdk/sdk/2.2.0/lib/tinyusb/src/class/cdc/cdc_device.c.o
                0x10006428                tud_cdc_n_write_flush
 .text.tud_cdc_n_write
                0x100064d0       0x48 CMakeFiles/testFT8.dir/Users/PCOLLA/.pico-sdk/sdk/2.2.0/lib/tinyusb/src/class/cdc/cdc_device.c.o
                0x100064d0                tud_cdc_n_write
 .text.tud_cdc_n_write_available
                0x10006518       0x18 CMakeFiles/testFT8.dir/Users/PCOLLA/.pico-sdk/sdk/2.2.0/lib/tinyusb/src/class/cdc/cdc_device.c.o
                0x10006518                tud_cdc_n_write_available
 .text.cdcd_init
                0x10006530       0xa4 CMakeFiles/testFT8.dir/Users/PCOLLA/.pico-sdk/sdk/2.2.0/lib/tinyusb/src/class/cdc/cdc_device.c.o
                0x10006530                cdcd_init
 .text.cdcd_deinit
                0x100065d4       0x4c CMakeFiles/testFT8.dir/Users/PCOLLA/.pico-sdk/sdk/2.2.0/lib/tinyusb/src/class/cdc/cdc_device.c.o
                0x100065d4                cdcd_deinit
 .text.cdcd_reset
                0x10006620       0x70 CMakeFiles/testFT8.dir/Users/PCOLLA/.pico-sdk/sdk/2.2.0/lib/tinyusb/src/class/cdc/cdc_device.c.o
                0x10006620                cdcd_reset
 .text.cdcd_open
                0x10006690      0x104 CMakeFiles/testFT8.dir/Users/PCOLLA/.pico-sdk/sdk/2.2.0/lib/tinyusb/src/class/cdc/cdc_device.c.o
                0x10006690                cdcd_open
 .text.cdcd_control_xfer_cb
                0x10006794      0x148 CMakeFiles/testFT8.dir/Users/PCOLLA/.pico-sdk/sdk/2.2.0/lib/tinyusb/src/class/cdc/cdc_device.c.o
                0x10006794                cdcd_control_xfer_cb
 .text.cdcd_xfer_cb
                0x100068dc      0x14c CMakeFiles/testFT8.dir/Users/PCOLLA/.pico-sdk/sdk/2.2.0/lib/tinyusb/src/class/cdc/cdc_device.c.o
                0x100068dc                cdcd_xfer_cb
 .text.tud_vendor_n_mounted
                0x10006a28       0x3c CMakeFiles/testFT8.dir/Users/PCOLLA/.pico-sdk/sdk/2.2.0/lib/tinyusb/src/class/vendor/vendor_device.c.o
                0x10006a28                tud_vendor_n_mounted
 .text.tud_vendor_n_write_flush
                0x10006a64       0x20 CMakeFiles/testFT8.dir/Users/PCOLLA/.pico-sdk/sdk/2.2.0/lib/tinyusb/src/class/vendor/vendor_device.c.o
                0x10006a64                tud_vendor_n_write_flush
 .text.vendord_init
                0x10006a84       0x8c CMakeFiles/testFT8.dir/Users/PCOLLA/.pico-sdk/sdk/2.2.0/lib/tinyusb/src/class/vendor/vendor_device.c.o
                0x10006a84                vendord_init
 .text.vendord_deinit
                0x10006b10       0x34 CMakeFiles/testFT8.dir/Users/PCOLLA/.pico-sdk/sdk/2.2.0/lib/tinyusb/src/class/vendor/vendor_device.c.o
                0x10006b10                vendord_deinit
 .text.vendord_reset
                0x10006b44       0x44 CMakeFiles/testFT8.dir/Users/PCOLLA/.pico-sdk/sdk/2.2.0/lib/tinyusb/src/class/vendor/vendor_device.c.o
                0x10006b44                vendord_reset
 .text.vendord_open
                0x10006b88      0x140 CMakeFiles/testFT8.dir/Users/PCOLLA/.pico-sdk/sdk/2.2.0/lib/tinyusb/src/class/vendor/vendor_device.c.o
                0x10006b88                vendord_open
 .text.vendord_xfer_cb
                0x10006cc8       0xd8 CMakeFiles/testFT8.dir/Users/PCOLLA/.pico-sdk/sdk/2.2.0/lib/tinyusb/src/class/vendor/vendor_device.c.o
                0x10006cc8                vendord_xfer_cb
 .text.tusb_rhport_init
                0x10006da0       0x7c CMakeFiles/testFT8.dir/Users/PCOLLA/.pico-sdk/sdk/2.2.0/lib/tinyusb/src/tusb.c.o
                0x10006da0                tusb_rhport_init
 .text.tu_edpt_claim
                0x10006e1c       0x56 CMakeFiles/testFT8.dir/Users/PCOLLA/.pico-sdk/sdk/2.2.0/lib/tinyusb/src/tusb.c.o
                0x10006e1c                tu_edpt_claim
 .text.tu_edpt_release
                0x10006e72       0x40 CMakeFiles/testFT8.dir/Users/PCOLLA/.pico-sdk/sdk/2.2.0/lib/tinyusb/src/tusb.c.o
                0x10006e72                tu_edpt_release
 *fill*         0x10006eb2        0x2 
 .text.tu_edpt_validate
                0x10006eb4       0xac CMakeFiles/testFT8.dir/Users/PCOLLA/.pico-sdk/sdk/2.2.0/lib/tinyusb/src/tusb.c.o
                0x10006eb4                tu_edpt_validate
 .text.tu_edpt_bind_driver
                0x10006f60       0x2a CMakeFiles/testFT8.dir/Users/PCOLLA/.pico-sdk/sdk/2.2.0/lib/tinyusb/src/tusb.c.o
                0x10006f60                tu_edpt_bind_driver
 .text.tu_edpt_stream_init
                0x10006f8a       0x5e CMakeFiles/testFT8.dir/Users/PCOLLA/.pico-sdk/sdk/2.2.0/lib/tinyusb/src/tusb.c.o
                0x10006f8a                tu_edpt_stream_init
 .text.tu_edpt_stream_deinit
                0x10006fe8        0x4 CMakeFiles/testFT8.dir/Users/PCOLLA/.pico-sdk/sdk/2.2.0/lib/tinyusb/src/tusb.c.o
                0x10006fe8                tu_edpt_stream_deinit
 .text.tu_edpt_stream_write_zlp_if_needed
                0x10006fec       0x84 CMakeFiles/testFT8.dir/Users/PCOLLA/.pico-sdk/sdk/2.2.0/lib/tinyusb/src/tusb.c.o
                0x10006fec                tu_edpt_stream_write_zlp_if_needed
 .text.tu_edpt_stream_write_xfer
                0x10007070       0x84 CMakeFiles/testFT8.dir/Users/PCOLLA/.pico-sdk/sdk/2.2.0/lib/tinyusb/src/tusb.c.o
                0x10007070                tu_edpt_stream_write_xfer
 .text.tu_edpt_stream_read_xfer
                0x100070f4      0x100 CMakeFiles/testFT8.dir/Users/PCOLLA/.pico-sdk/sdk/2.2.0/lib/tinyusb/src/tusb.c.o
                0x100070f4                tu_edpt_stream_read_xfer
 .text.advance_index
                0x100071f4       0x1a CMakeFiles/testFT8.dir/Users/PCOLLA/.pico-sdk/sdk/2.2.0/lib/tinyusb/src/common/tusb_fifo.c.o
 .text._tu_fifo_peek
                0x1000720e       0x5a CMakeFiles/testFT8.dir/Users/PCOLLA/.pico-sdk/sdk/2.2.0/lib/tinyusb/src/common/tusb_fifo.c.o
 .text._ff_pull_n
                0x10007268       0x70 CMakeFiles/testFT8.dir/Users/PCOLLA/.pico-sdk/sdk/2.2.0/lib/tinyusb/src/common/tusb_fifo.c.o
 .text._tu_fifo_peek_n
                0x100072d8       0x70 CMakeFiles/testFT8.dir/Users/PCOLLA/.pico-sdk/sdk/2.2.0/lib/tinyusb/src/common/tusb_fifo.c.o
 .text._tu_fifo_read_n
                0x10007348       0x4e CMakeFiles/testFT8.dir/Users/PCOLLA/.pico-sdk/sdk/2.2.0/lib/tinyusb/src/common/tusb_fifo.c.o
 .text._ff_push_n
                0x10007396       0x70 CMakeFiles/testFT8.dir/Users/PCOLLA/.pico-sdk/sdk/2.2.0/lib/tinyusb/src/common/tusb_fifo.c.o
 .text._tu_fifo_write_n
                0x10007406       0xf0 CMakeFiles/testFT8.dir/Users/PCOLLA/.pico-sdk/sdk/2.2.0/lib/tinyusb/src/common/tusb_fifo.c.o
 .text.tu_fifo_config
                0x100074f6       0x82 CMakeFiles/testFT8.dir/Users/PCOLLA/.pico-sdk/sdk/2.2.0/lib/tinyusb/src/common/tusb_fifo.c.o
                0x100074f6                tu_fifo_config
 .text.tu_fifo_count
                0x10007578       0x2c CMakeFiles/testFT8.dir/Users/PCOLLA/.pico-sdk/sdk/2.2.0/lib/tinyusb/src/common/tusb_fifo.c.o
                0x10007578                tu_fifo_count
 .text.tu_fifo_empty
                0x100075a4        0xe CMakeFiles/testFT8.dir/Users/PCOLLA/.pico-sdk/sdk/2.2.0/lib/tinyusb/src/common/tusb_fifo.c.o
                0x100075a4                tu_fifo_empty
 .text.tu_fifo_full
                0x100075b2       0x2e CMakeFiles/testFT8.dir/Users/PCOLLA/.pico-sdk/sdk/2.2.0/lib/tinyusb/src/common/tusb_fifo.c.o
                0x100075b2                tu_fifo_full
 .text.tu_fifo_remaining
                0x100075e0       0x2e CMakeFiles/testFT8.dir/Users/PCOLLA/.pico-sdk/sdk/2.2.0/lib/tinyusb/src/common/tusb_fifo.c.o
                0x100075e0                tu_fifo_remaining
 .text.tu_fifo_read
                0x1000760e       0x42 CMakeFiles/testFT8.dir/Users/PCOLLA/.pico-sdk/sdk/2.2.0/lib/tinyusb/src/common/tusb_fifo.c.o
                0x1000760e                tu_fifo_read
 .text.tu_fifo_read_n
                0x10007650        0xa CMakeFiles/testFT8.dir/Users/PCOLLA/.pico-sdk/sdk/2.2.0/lib/tinyusb/src/common/tusb_fifo.c.o
                0x10007650                tu_fifo_read_n
 .text.tu_fifo_write
                0x1000765a       0x66 CMakeFiles/testFT8.dir/Users/PCOLLA/.pico-sdk/sdk/2.2.0/lib/tinyusb/src/common/tusb_fifo.c.o
                0x1000765a                tu_fifo_write
 .text.tu_fifo_write_n
                0x100076c0        0xa CMakeFiles/testFT8.dir/Users/PCOLLA/.pico-sdk/sdk/2.2.0/lib/tinyusb/src/common/tusb_fifo.c.o
                0x100076c0                tu_fifo_write_n
 .text.tu_fifo_clear
                0x100076ca       0x3e CMakeFiles/testFT8.dir/Users/PCOLLA/.pico-sdk/sdk/2.2.0/lib/tinyusb/src/common/tusb_fifo.c.o
                0x100076ca                tu_fifo_clear
 .text.tu_fifo_set_overwritable
                0x10007708       0x46 CMakeFiles/testFT8.dir/Users/PCOLLA/.pico-sdk/sdk/2.2.0/lib/tinyusb/src/common/tusb_fifo.c.o
                0x10007708                tu_fifo_set_overwritable
 .text.core1_trampoline
                0x1000774e        0x2 CMakeFiles/testFT8.dir/Users/PCOLLA/.pico-sdk/sdk/2.2.0/src/rp2_common/pico_multicore/multicore.c.o
 .text.core1_wrapper
                0x10007750        0xc CMakeFiles/testFT8.dir/Users/PCOLLA/.pico-sdk/sdk/2.2.0/src/rp2_common/pico_multicore/multicore.c.o
                0x10007750                core1_wrapper
 .text.multicore_fifo_push_blocking
                0x1000775c       0x14 CMakeFiles/testFT8.dir/Users/PCOLLA/.pico-sdk/sdk/2.2.0/src/rp2_common/pico_multicore/multicore.c.o
                0x1000775c                multicore_fifo_push_blocking
 .text.multicore_fifo_pop_blocking
                0x10007770       0x16 CMakeFiles/testFT8.dir/Users/PCOLLA/.pico-sdk/sdk/2.2.0/src/rp2_common/pico_multicore/multicore.c.o
                0x10007770                multicore_fifo_pop_blocking
 .text.multicore_launch_core1_raw
                0x10007786       0x70 CMakeFiles/testFT8.dir/Users/PCOLLA/.pico-sdk/sdk/2.2.0/src/rp2_common/pico_multicore/multicore.c.o
                0x10007786                multicore_launch_core1_raw
 *fill*         0x100077f6        0x2 
 .text.multicore_launch_core1_with_stack
                0x100077f8       0x5c CMakeFiles/testFT8.dir/Users/PCOLLA/.pico-sdk/sdk/2.2.0/src/rp2_common/pico_multicore/multicore.c.o
                0x100077f8                multicore_launch_core1_with_stack
 .text.multicore_launch_core1
                0x10007854       0x24 CMakeFiles/testFT8.dir/Users/PCOLLA/.pico-sdk/sdk/2.2.0/src/rp2_common/pico_multicore/multicore.c.o
                0x10007854                multicore_launch_core1
 .text.pio_get_default_sm_config
                0x10007878       0x28 CMakeFiles/testFT8.dir/Users/PCOLLA/.pico-sdk/sdk/2.2.0/src/rp2_common/hardware_pio/pio.c.o
 .text.is_program_gpio_compatible
                0x100078a0        0x4 CMakeFiles/testFT8.dir/Users/PCOLLA/.pico-sdk/sdk/2.2.0/src/rp2_common/hardware_pio/pio.c.o
 .text.add_program_at_offset_check
                0x100078a4       0x64 CMakeFiles/testFT8.dir/Users/PCOLLA/.pico-sdk/sdk/2.2.0/src/rp2_common/hardware_pio/pio.c.o
 .text.add_program_at_offset
                0x10007908       0x60 CMakeFiles/testFT8.dir/Users/PCOLLA/.pico-sdk/sdk/2.2.0/src/rp2_common/hardware_pio/pio.c.o
 .text.find_offset_for_program
                0x10007968       0x7c CMakeFiles/testFT8.dir/Users/PCOLLA/.pico-sdk/sdk/2.2.0/src/rp2_common/hardware_pio/pio.c.o
 .text.pio_claim_unused_sm
                0x100079e4       0x38 CMakeFiles/testFT8.dir/Users/PCOLLA/.pico-sdk/sdk/2.2.0/src/rp2_common/hardware_pio/pio.c.o
                0x100079e4                pio_claim_unused_sm
 .text.pio_add_program
                0x10007a1c       0x30 CMakeFiles/testFT8.dir/Users/PCOLLA/.pico-sdk/sdk/2.2.0/src/rp2_common/hardware_pio/pio.c.o
                0x10007a1c                pio_add_program
 .text.pio_sm_set_consecutive_pindirs
                0x10007a4c       0xbc CMakeFiles/testFT8.dir/Users/PCOLLA/.pico-sdk/sdk/2.2.0/src/rp2_common/hardware_pio/pio.c.o
                0x10007a4c                pio_sm_set_consecutive_pindirs
 .text.pio_sm_init
                0x10007b08       0xb4 CMakeFiles/testFT8.dir/Users/PCOLLA/.pico-sdk/sdk/2.2.0/src/rp2_common/hardware_pio/pio.c.o
                0x10007b08                pio_sm_init
 .text.memcmp   0x10007bbc       0x44 /Applications/ArmGNUToolchain/15.2.rel1/arm-none-eabi/bin/../lib/gcc/arm-none-eabi/15.2.1/../../../../arm-none-eabi/lib/thumb/v6-m/nofp/libg.a(libc_a-memcmp.o)
                0x10007bbc                memcmp
 .text.strchr   0x10007c00       0xb4 /Applications/ArmGNUToolchain/15.2.rel1/arm-none-eabi/bin/../lib/gcc/arm-none-eabi/15.2.1/../../../../arm-none-eabi/lib/thumb/v6-m/nofp/libg.a(libc_a-strchr.o)
                0x10007c00                strchr
 .text          0x10007cb4       0x88 /Applications/ArmGNUToolchain/15.2.rel1/arm-none-eabi/bin/../lib/gcc/arm-none-eabi/15.2.1/../../../../arm-none-eabi/lib/thumb/v6-m/nofp/libg.a(libc_a-strcmp.o)
                0x10007cb4                strcmp
 .text.strlen   0x10007d3c       0x60 /Applications/ArmGNUToolchain/15.2.rel1/arm-none-eabi/bin/../lib/gcc/arm-none-eabi/15.2.1/../../../../arm-none-eabi/lib/thumb/v6-m/nofp/libg.a(libc_a-strlen-stub.o)
                0x10007d3c                strlen
 *(.fini)
 .fini          0x10007d9c        0x4 /Applications/ArmGNUToolchain/15.2.rel1/arm-none-eabi/bin/../lib/gcc/arm-none-eabi/15.2.1/thumb/v6-m/nofp/crti.o
                0x10007d9c                _fini
 .fini.__stub   0x10007da0       0xf0 linker stubs
 *crtbegin.o(.ctors)
 *crtbegin?.o(.ctors)
 *(EXCLUDE_FILE(*crtend.o *crtend?.o) .ctors)
 *(SORT_BY_NAME(.ctors.*))
 *(.ctors)
 *crtbegin.o(.dtors)
 *crtbegin?.o(.dtors)
 *(EXCLUDE_FILE(*crtend.o *crtend?.o) .dtors)
 *(SORT_BY_NAME(.dtors.*))
 *(.dtors)
                0x10007e90                        . = ALIGN (0x4)
                0x10007e90                        PROVIDE (__preinit_array_start = .)
 *(SORT_BY_NAME(.preinit_array.*))
 .preinit_array.00100
                0x10007e90        0x4 CMakeFiles/testFT8.dir/Users/PCOLLA/.pico-sdk/sdk/2.2.0/src/rp2_common/pico_runtime_init/runtime_init.c.o
                0x10007e90                __pre_init_runtime_init_early_resets
 .preinit_array.00101
                0x10007e94        0x4 CMakeFiles/testFT8.dir/Users/PCOLLA/.pico-sdk/sdk/2.2.0/src/rp2_common/pico_runtime_init/runtime_init.c.o
                0x10007e94                __pre_init_runtime_init_usb_power_down
 .preinit_array.00275
                0x10007e98        0x4 CMakeFiles/testFT8.dir/Users/PCOLLA/.pico-sdk/sdk/2.2.0/src/rp2_common/pico_bit_ops/bit_ops_aeabi.S.o
 .preinit_array.00300
                0x10007e9c        0x4 CMakeFiles/testFT8.dir/Users/PCOLLA/.pico-sdk/sdk/2.2.0/src/rp2_common/pico_mem_ops/mem_ops_aeabi.S.o
 .preinit_array.00350
                0x10007ea0        0x4 CMakeFiles/testFT8.dir/Users/PCOLLA/.pico-sdk/sdk/2.2.0/src/rp2_common/pico_double/double_aeabi_rp2040.S.o
 .preinit_array.00350
                0x10007ea4        0x4 CMakeFiles/testFT8.dir/Users/PCOLLA/.pico-sdk/sdk/2.2.0/src/rp2_common/pico_float/float_aeabi_rp2040.S.o
 .preinit_array.00500
                0x10007ea8        0x4 CMakeFiles/testFT8.dir/Users/PCOLLA/.pico-sdk/sdk/2.2.0/src/rp2_common/pico_runtime_init/runtime_init.c.o
                0x10007ea8                __pre_init_runtime_init_clocks
 .preinit_array.00600
                0x10007eac        0x4 CMakeFiles/testFT8.dir/Users/PCOLLA/.pico-sdk/sdk/2.2.0/src/rp2_common/pico_runtime_init/runtime_init.c.o
                0x10007eac                __pre_init_runtime_init_post_clock_resets
 .preinit_array.00700
                0x10007eb0        0x4 CMakeFiles/testFT8.dir/Users/PCOLLA/.pico-sdk/sdk/2.2.0/src/rp2_common/pico_runtime_init/runtime_init.c.o
                0x10007eb0                __pre_init_runtime_init_rp2040_gpio_ie_disable
 .preinit_array.01000
                0x10007eb4        0x4 CMakeFiles/testFT8.dir/Users/PCOLLA/.pico-sdk/sdk/2.2.0/src/rp2_common/pico_runtime_init/runtime_init.c.o
                0x10007eb4                __pre_init_runtime_init_spin_locks_reset
 .preinit_array.01100
                0x10007eb8        0x4 CMakeFiles/testFT8.dir/Users/PCOLLA/.pico-sdk/sdk/2.2.0/src/common/pico_sync/mutex.c.o
                0x10007eb8                __pre_init_runtime_init_mutex
 .preinit_array.10080
                0x10007ebc        0x4 CMakeFiles/testFT8.dir/Users/PCOLLA/.pico-sdk/sdk/2.2.0/src/rp2_common/pico_runtime_init/runtime_init.c.o
                0x10007ebc                __pre_init_runtime_init_install_ram_vector_table
 .preinit_array.11000
                0x10007ec0        0x4 CMakeFiles/testFT8.dir/Users/PCOLLA/.pico-sdk/sdk/2.2.0/src/common/pico_time/time.c.o
                0x10007ec0                __pre_init_runtime_init_default_alarm_pool
 .preinit_array.YYYYY
                0x10007ec4        0x4 CMakeFiles/testFT8.dir/Users/PCOLLA/.pico-sdk/sdk/2.2.0/src/rp2_common/pico_runtime/runtime.c.o
                0x10007ec4                __pre_init_first_per_core_initializer
 .preinit_array.ZZZZZ.01200
                0x10007ec8        0x4 CMakeFiles/testFT8.dir/Users/PCOLLA/.pico-sdk/sdk/2.2.0/src/rp2_common/hardware_irq/irq.c.o
                0x10007ec8                __pre_init_runtime_init_per_core_irq_priorities
 *(.preinit_array)
                0x10007ecc                        PROVIDE (__preinit_array_end = .)
                0x10007ecc                        . = ALIGN (0x4)
                0x10007ecc                        PROVIDE (__init_array_start = .)
 *(SORT_BY_NAME(.init_array.*))
 .init_array.01000
                0x10007ecc        0x4 CMakeFiles/testFT8.dir/Users/PCOLLA/.pico-sdk/sdk/2.2.0/src/rp2_common/pico_unique_id/unique_id.c.o
 *(.init_array)
 .init_array    0x10007ed0        0x4 /Applications/ArmGNUToolchain/15.2.rel1/arm-none-eabi/bin/../lib/gcc/arm-none-eabi/15.2.1/thumb/v6-m/nofp/crtbegin.o
                0x10007ed4                        PROVIDE (__init_array_end = .)
                0x10007ed4                        . = ALIGN (0x4)
                [!provide]                        PROVIDE (__fini_array_start = .)
 *(SORT_BY_NAME(.fini_array.*))
 *(.fini_array)
                [!provide]                        PROVIDE (__fini_array_end = .)
 *(.eh_frame*)
 .eh_frame      0x10007ed4        0x0 /Applications/ArmGNUToolchain/15.2.rel1/arm-none-eabi/bin/../lib/gcc/arm-none-eabi/15.2.1/thumb/v6-m/nofp/crtbegin.o
                0x10007ed4                        . = ALIGN (0x4)

.glue_7         0x10007ed4        0x0
 .glue_7        0x10007ed4        0x0 linker stubs

.glue_7t        0x10007ed4        0x0
 .glue_7t       0x10007ed4        0x0 linker stubs

.vfp11_veneer   0x10007ed4        0x0
 .vfp11_veneer  0x10007ed4        0x0 linker stubs

.v4_bx          0x10007ed4        0x0
 .v4_bx         0x10007ed4        0x0 linker stubs

.iplt           0x10007ed4        0x0
 .iplt          0x10007ed4        0x0 /Applications/ArmGNUToolchain/15.2.rel1/arm-none-eabi/bin/../lib/gcc/arm-none-eabi/15.2.1/thumb/v6-m/nofp/crtbegin.o

.rodata         0x10007ed8     0x1944
 *(EXCLUDE_FILE(*libm.a: *libc.a:*lib_a-mem*.o *libgcc.a:) .rodata*)
 .rodata.set_sys_clock_khz.str1.4
                0x10007ed8      0xe70 CMakeFiles/testFT8.dir/testFT8.c.o
                                 0x32 (size before relaxing)
 .rodata.FT8GenerateSymbols.str1.4
                0x10008d48        0x0 CMakeFiles/testFT8.dir/testFT8.c.o
                                 0x67 (size before relaxing)
 .rodata.str1.4
                0x10008d48        0x0 CMakeFiles/testFT8.dir/testFT8.c.o
                                  0xe (size before relaxing)
 .rodata.PioDCOSetFreq.str1.4
                0x10008d48        0x0 CMakeFiles/testFT8.dir/piodco/piodco.c.o
                                 0x5a (size before relaxing)
 .rodata.__func__.1
                0x10008d48        0xe CMakeFiles/testFT8.dir/piodco/piodco.c.o
 *fill*         0x10008d56        0x2 
 .rodata.dco_program
                0x10008d58        0x8 CMakeFiles/testFT8.dir/piodco/piodco.c.o
 .rodata.dco_program_instructions
                0x10008d60       0x1a CMakeFiles/testFT8.dir/piodco/piodco.c.o
 *fill*         0x10008d7a        0x2 
 .rodata.kFTX_LDPC_generator
                0x10008d7c      0x3e4 CMakeFiles/testFT8.dir/ft8_lib/ft8/constants.c.o
                0x10008d7c                kFTX_LDPC_generator
 .rodata.kFT8_Gray_map
                0x10009160        0x8 CMakeFiles/testFT8.dir/ft8_lib/ft8/constants.c.o
                0x10009160                kFT8_Gray_map
 .rodata.kFT8_Costas_pattern
                0x10009168        0x7 CMakeFiles/testFT8.dir/ft8_lib/ft8/constants.c.o
                0x10009168                kFT8_Costas_pattern
 .rodata.pack28.str1.4
                0x1000916f        0x0 CMakeFiles/testFT8.dir/ft8_lib/ft8/pack.c.o
                                 0x2b (size before relaxing)
 .rodata.packgrid.str1.4
                0x1000916f        0x0 CMakeFiles/testFT8.dir/ft8_lib/ft8/pack.c.o
                                  0xf (size before relaxing)
 *fill*         0x1000916f        0x1 
 .rodata.A4     0x10009170       0x1c CMakeFiles/testFT8.dir/ft8_lib/ft8/pack.c.o
                0x10009170                A4
 .rodata.A3     0x1000918c        0xb CMakeFiles/testFT8.dir/ft8_lib/ft8/pack.c.o
                0x1000918c                A3
 *fill*         0x10009197        0x1 
 .rodata.A2     0x10009198       0x25 CMakeFiles/testFT8.dir/ft8_lib/ft8/pack.c.o
                0x10009198                A2
 *fill*         0x100091bd        0x3 
 .rodata.A1     0x100091c0       0x26 CMakeFiles/testFT8.dir/ft8_lib/ft8/pack.c.o
                0x100091c0                A1
 *fill*         0x100091e6        0x2 
 .rodata.A0     0x100091e8       0x2b CMakeFiles/testFT8.dir/ft8_lib/ft8/pack.c.o
                0x100091e8                A0
 .rodata.rp2040_chip_version.str1.4
                0x10009213        0x0 CMakeFiles/testFT8.dir/Users/PCOLLA/.pico-sdk/sdk/2.2.0/src/rp2040/pico_platform/platform.c.o
                                 0x7d (size before relaxing)
 *fill*         0x10009213        0x1 
 .rodata.__func__.0
                0x10009214       0x14 CMakeFiles/testFT8.dir/Users/PCOLLA/.pico-sdk/sdk/2.2.0/src/rp2040/pico_platform/platform.c.o
 .rodata.panic.str1.4
                0x10009228        0x0 CMakeFiles/testFT8.dir/Users/PCOLLA/.pico-sdk/sdk/2.2.0/src/rp2_common/pico_platform_panic/panic.c.o
                                 0x12 (size before relaxing)
 .rodata.spin_lock_claim_unused.str1.4
                0x10009228        0x0 CMakeFiles/testFT8.dir/Users/PCOLLA/.pico-sdk/sdk/2.2.0/src/rp2_common/hardware_sync/sync.c.o
                                 0x1b (size before relaxing)
 .rodata.resolve_j_16.str1.4
                0x10009228        0x0 CMakeFiles/testFT8.dir/Users/PCOLLA/.pico-sdk/sdk/2.2.0/src/rp2_common/hardware_irq/irq.c.o
                                 0x5c (size before relaxing)
 .rodata.make_j_16.str1.4
                0x10009228        0x0 CMakeFiles/testFT8.dir/Users/PCOLLA/.pico-sdk/sdk/2.2.0/src/rp2_common/hardware_irq/irq.c.o
                                 0x30 (size before relaxing)
 .rodata.irq_set_exclusive_handler.str1.4
                0x10009228        0x0 CMakeFiles/testFT8.dir/Users/PCOLLA/.pico-sdk/sdk/2.2.0/src/rp2_common/hardware_irq/irq.c.o
                                 0x36 (size before relaxing)
 .rodata.irq_add_shared_handler.str1.4
                0x10009228        0x0 CMakeFiles/testFT8.dir/Users/PCOLLA/.pico-sdk/sdk/2.2.0/src/rp2_common/hardware_irq/irq.c.o
                                 0xd2 (size before relaxing)
 .rodata.irq_add_tail_to_free_list.str1.4
                0x10009228        0x0 CMakeFiles/testFT8.dir/Users/PCOLLA/.pico-sdk/sdk/2.2.0/src/rp2_common/hardware_irq/irq.c.o
                                 0x3a (size before relaxing)
 .rodata.user_irq_claim_unused.str1.4
                0x10009228        0x0 CMakeFiles/testFT8.dir/Users/PCOLLA/.pico-sdk/sdk/2.2.0/src/rp2_common/hardware_irq/irq.c.o
                                 0x1b (size before relaxing)
 .rodata.__func__.0
                0x10009228       0x1a CMakeFiles/testFT8.dir/Users/PCOLLA/.pico-sdk/sdk/2.2.0/src/rp2_common/hardware_irq/irq.c.o
 *fill*         0x10009242        0x2 
 .rodata.__func__.3
                0x10009244        0xa CMakeFiles/testFT8.dir/Users/PCOLLA/.pico-sdk/sdk/2.2.0/src/rp2_common/hardware_irq/irq.c.o
 *fill*         0x1000924e        0x2 
 .rodata.__func__.4
                0x10009250        0xd CMakeFiles/testFT8.dir/Users/PCOLLA/.pico-sdk/sdk/2.2.0/src/rp2_common/hardware_irq/irq.c.o
 *fill*         0x1000925d        0x3 
 .rodata.__func__.5
                0x10009260       0x17 CMakeFiles/testFT8.dir/Users/PCOLLA/.pico-sdk/sdk/2.2.0/src/rp2_common/hardware_irq/irq.c.o
 *fill*         0x10009277        0x1 
 .rodata.__func__.6
                0x10009278       0x1a CMakeFiles/testFT8.dir/Users/PCOLLA/.pico-sdk/sdk/2.2.0/src/rp2_common/hardware_irq/irq.c.o
 .rodata.runtime_init_mutex.str1.4
                0x10009292        0x0 CMakeFiles/testFT8.dir/Users/PCOLLA/.pico-sdk/sdk/2.2.0/src/common/pico_sync/mutex.c.o
                                 0x5f (size before relaxing)
 .rodata.str1.4
                0x10009292        0x0 CMakeFiles/testFT8.dir/Users/PCOLLA/.pico-sdk/sdk/2.2.0/src/common/pico_sync/mutex.c.o
                                 0x51 (size before relaxing)
 *fill*         0x10009292        0x2 
 .rodata.__func__.1
                0x10009294        0xb CMakeFiles/testFT8.dir/Users/PCOLLA/.pico-sdk/sdk/2.2.0/src/common/pico_sync/mutex.c.o
 *fill*         0x1000929f        0x1 
 .rodata.__func__.3
                0x100092a0       0x18 CMakeFiles/testFT8.dir/Users/PCOLLA/.pico-sdk/sdk/2.2.0/src/common/pico_sync/mutex.c.o
 .rodata.__func__.6
                0x100092b8       0x13 CMakeFiles/testFT8.dir/Users/PCOLLA/.pico-sdk/sdk/2.2.0/src/common/pico_sync/mutex.c.o
 .rodata.alarm_pool_irq_handler.str1.4
                0x100092cb        0x0 CMakeFiles/testFT8.dir/Users/PCOLLA/.pico-sdk/sdk/2.2.0/src/common/pico_time/time.c.o
                                 0x6a (size before relaxing)
 .rodata.alarm_pool_get_default.str1.4
                0x100092cb        0x0 CMakeFiles/testFT8.dir/Users/PCOLLA/.pico-sdk/sdk/2.2.0/src/common/pico_time/time.c.o
                                 0x21 (size before relaxing)
 .rodata.sleep_until.str1.4
                0x100092cb        0x0 CMakeFiles/testFT8.dir/Users/PCOLLA/.pico-sdk/sdk/2.2.0/src/common/pico_time/time.c.o
                                 0x4d (size before relaxing)
 *fill*         0x100092cb        0x1 
 .rodata.__func__.1
                0x100092cc       0x17 CMakeFiles/testFT8.dir/Users/PCOLLA/.pico-sdk/sdk/2.2.0/src/common/pico_time/time.c.o
 *fill*         0x100092e3        0x1 
 .rodata.__func__.2
                0x100092e4       0x17 CMakeFiles/testFT8.dir/Users/PCOLLA/.pico-sdk/sdk/2.2.0/src/common/pico_time/time.c.o
 .rodata.timer_hardware_alarm_claim.str1.4
                0x100092fb        0x0 CMakeFiles/testFT8.dir/Users/PCOLLA/.pico-sdk/sdk/2.2.0/src/rp2_common/hardware_timer/timer.c.o
                                 0x22 (size before relaxing)
 .rodata.pll_init.str1.4
                0x100092fb        0x0 CMakeFiles/testFT8.dir/Users/PCOLLA/.pico-sdk/sdk/2.2.0/src/rp2_common/hardware_pll/pll.c.o
                                0x118 (size before relaxing)
 *fill*         0x100092fb        0x1 
 .rodata.__func__.0
                0x100092fc        0x9 CMakeFiles/testFT8.dir/Users/PCOLLA/.pico-sdk/sdk/2.2.0/src/rp2_common/hardware_pll/pll.c.o
 .rodata.__aeabi_double_init.str1.4
                0x10009305        0x0 CMakeFiles/testFT8.dir/Users/PCOLLA/.pico-sdk/sdk/2.2.0/src/rp2_common/pico_double/double_init_rom_rp2040.c.o
                                 0x9a (size before relaxing)
 *fill*         0x10009305        0x3 
 .rodata.__func__.0
                0x10009308       0x14 CMakeFiles/testFT8.dir/Users/PCOLLA/.pico-sdk/sdk/2.2.0/src/rp2_common/pico_double/double_init_rom_rp2040.c.o
 .rodata.__aeabi_float_init.str1.4
                0x1000931c        0x0 CMakeFiles/testFT8.dir/Users/PCOLLA/.pico-sdk/sdk/2.2.0/src/rp2_common/pico_float/float_init_rom_rp2040.c.o
                                 0x8c (size before relaxing)
 .rodata.__func__.0
                0x1000931c       0x13 CMakeFiles/testFT8.dir/Users/PCOLLA/.pico-sdk/sdk/2.2.0/src/rp2_common/pico_float/float_init_rom_rp2040.c.o
 .rodata.str1.4
                0x1000932f        0x0 CMakeFiles/testFT8.dir/Users/PCOLLA/.pico-sdk/sdk/2.2.0/src/rp2_common/pico_standard_binary_info/standard_binary_info.c.o
                                 0x3c (size before relaxing)
 *fill*         0x1000932f        0x1 
 .rodata.__bi_84
                0x10009330        0xc CMakeFiles/testFT8.dir/Users/PCOLLA/.pico-sdk/sdk/2.2.0/src/rp2_common/pico_standard_binary_info/standard_binary_info.c.o
 .rodata.__bi_78
                0x1000933c        0xc CMakeFiles/testFT8.dir/Users/PCOLLA/.pico-sdk/sdk/2.2.0/src/rp2_common/pico_standard_binary_info/standard_binary_info.c.o
 .rodata.__bi_54
                0x10009348        0xc CMakeFiles/testFT8.dir/Users/PCOLLA/.pico-sdk/sdk/2.2.0/src/rp2_common/pico_standard_binary_info/standard_binary_info.c.o
 .rodata.__bi_48
                0x10009354        0xc CMakeFiles/testFT8.dir/Users/PCOLLA/.pico-sdk/sdk/2.2.0/src/rp2_common/pico_standard_binary_info/standard_binary_info.c.o
 .rodata.__bi_42
                0x10009360        0xc CMakeFiles/testFT8.dir/Users/PCOLLA/.pico-sdk/sdk/2.2.0/src/rp2_common/pico_standard_binary_info/standard_binary_info.c.o
 .rodata.__bi_34
                0x1000936c        0xc CMakeFiles/testFT8.dir/Users/PCOLLA/.pico-sdk/sdk/2.2.0/src/rp2_common/pico_standard_binary_info/standard_binary_info.c.o
 .rodata.__bi_26
                0x10009378        0xc CMakeFiles/testFT8.dir/Users/PCOLLA/.pico-sdk/sdk/2.2.0/src/rp2_common/pico_standard_binary_info/standard_binary_info.c.o
 .rodata._ftoa.str1.4
                0x10009384        0x0 CMakeFiles/testFT8.dir/Users/PCOLLA/.pico-sdk/sdk/2.2.0/src/rp2_common/pico_printf/printf.c.o
                                 0x15 (size before relaxing)
 *fill*         0x10009384        0x4 
 .rodata.pow10.0
                0x10009388       0x50 CMakeFiles/testFT8.dir/Users/PCOLLA/.pico-sdk/sdk/2.2.0/src/rp2_common/pico_printf/printf.c.o
 .rodata.__assert_func.str1.4
                0x100093d8        0x0 CMakeFiles/testFT8.dir/Users/PCOLLA/.pico-sdk/sdk/2.2.0/src/rp2_common/pico_clib_interface/newlib_interface.c.o
                                 0x43 (size before relaxing)
 .rodata.crlf_str.0
                0x100093d8        0x2 CMakeFiles/testFT8.dir/Users/PCOLLA/.pico-sdk/sdk/2.2.0/src/rp2_common/pico_stdio/stdio.c.o
 *fill*         0x100093da        0x2 
 .rodata._resetd_driver
                0x100093dc       0x20 CMakeFiles/testFT8.dir/Users/PCOLLA/.pico-sdk/sdk/2.2.0/src/rp2_common/pico_stdio_usb/reset_interface.c.o
 .rodata.desc_ms_os_20
                0x100093fc       0xa6 CMakeFiles/testFT8.dir/Users/PCOLLA/.pico-sdk/sdk/2.2.0/src/rp2_common/pico_stdio_usb/reset_interface.c.o
 *fill*         0x100094a2        0x2 
 .rodata.desc_bos
                0x100094a4       0x21 CMakeFiles/testFT8.dir/Users/PCOLLA/.pico-sdk/sdk/2.2.0/src/rp2_common/pico_stdio_usb/reset_interface.c.o
                0x100094a4                desc_bos
 .rodata.stdio_usb_init.str1.4
                0x100094c5        0x0 CMakeFiles/testFT8.dir/Users/PCOLLA/.pico-sdk/sdk/2.2.0/src/rp2_common/pico_stdio_usb/stdio_usb.c.o
                                 0x54 (size before relaxing)
 .rodata.str1.4
                0x100094c5        0x0 CMakeFiles/testFT8.dir/Users/PCOLLA/.pico-sdk/sdk/2.2.0/src/rp2_common/pico_stdio_usb/stdio_usb.c.o
                                 0x13 (size before relaxing)
 *fill*         0x100094c5        0x3 
 .rodata.__bi_202.1
                0x100094c8        0xc CMakeFiles/testFT8.dir/Users/PCOLLA/.pico-sdk/sdk/2.2.0/src/rp2_common/pico_stdio_usb/stdio_usb.c.o
 .rodata.__func__.2
                0x100094d4        0xf CMakeFiles/testFT8.dir/Users/PCOLLA/.pico-sdk/sdk/2.2.0/src/rp2_common/pico_stdio_usb/stdio_usb.c.o
 .rodata.str1.4
                0x100094e3        0x0 CMakeFiles/testFT8.dir/Users/PCOLLA/.pico-sdk/sdk/2.2.0/src/rp2_common/pico_stdio_usb/stdio_usb_descriptors.c.o
                                 0x2a (size before relaxing)
 *fill*         0x100094e3        0x1 
 .rodata.usbd_desc_str
                0x100094e4       0x18 CMakeFiles/testFT8.dir/Users/PCOLLA/.pico-sdk/sdk/2.2.0/src/rp2_common/pico_stdio_usb/stdio_usb_descriptors.c.o
 .rodata.usbd_desc_cfg
                0x100094fc       0x54 CMakeFiles/testFT8.dir/Users/PCOLLA/.pico-sdk/sdk/2.2.0/src/rp2_common/pico_stdio_usb/stdio_usb_descriptors.c.o
 .rodata.usbd_desc_device
                0x10009550       0x12 CMakeFiles/testFT8.dir/Users/PCOLLA/.pico-sdk/sdk/2.2.0/src/rp2_common/pico_stdio_usb/stdio_usb_descriptors.c.o
 .rodata.pico_get_unique_board_id_string.str1.4
                0x10009562        0x0 CMakeFiles/testFT8.dir/Users/PCOLLA/.pico-sdk/sdk/2.2.0/src/rp2_common/pico_unique_id/unique_id.c.o
                                 0x54 (size before relaxing)
 *fill*         0x10009562        0x2 
 .rodata.__func__.0
                0x10009564       0x20 CMakeFiles/testFT8.dir/Users/PCOLLA/.pico-sdk/sdk/2.2.0/src/rp2_common/pico_unique_id/unique_id.c.o
 .rodata.str1.4
                0x10009584        0x0 CMakeFiles/testFT8.dir/Users/PCOLLA/.pico-sdk/sdk/2.2.0/src/rp2_common/hardware_flash/flash.c.o
                                0x201 (size before relaxing)
 .rodata.__func__.0
                0x10009584        0xd CMakeFiles/testFT8.dir/Users/PCOLLA/.pico-sdk/sdk/2.2.0/src/rp2_common/hardware_flash/flash.c.o
 .rodata.hw_endpoint_alloc.str1.4
                0x10009591        0x0 CMakeFiles/testFT8.dir/Users/PCOLLA/.pico-sdk/sdk/2.2.0/lib/tinyusb/src/portable/raspberrypi/rp2040/dcd_rp2040.c.o
                                 0x9f (size before relaxing)
 .rodata.str1.4
                0x10009591        0x0 CMakeFiles/testFT8.dir/Users/PCOLLA/.pico-sdk/sdk/2.2.0/lib/tinyusb/src/portable/raspberrypi/rp2040/dcd_rp2040.c.o
                                 0x14 (size before relaxing)
 .rodata.dcd_int_enable.str1.4
                0x10009591        0x0 CMakeFiles/testFT8.dir/Users/PCOLLA/.pico-sdk/sdk/2.2.0/lib/tinyusb/src/portable/raspberrypi/rp2040/dcd_rp2040.c.o
                                  0xc (size before relaxing)
 *fill*         0x10009591        0x3 
 .rodata.__func__.0
                0x10009594        0xe CMakeFiles/testFT8.dir/Users/PCOLLA/.pico-sdk/sdk/2.2.0/lib/tinyusb/src/portable/raspberrypi/rp2040/dcd_rp2040.c.o
 *fill*         0x100095a2        0x2 
 .rodata.__func__.3
                0x100095a4       0x10 CMakeFiles/testFT8.dir/Users/PCOLLA/.pico-sdk/sdk/2.2.0/lib/tinyusb/src/portable/raspberrypi/rp2040/dcd_rp2040.c.o
 .rodata.__func__.5
                0x100095b4        0xf CMakeFiles/testFT8.dir/Users/PCOLLA/.pico-sdk/sdk/2.2.0/lib/tinyusb/src/portable/raspberrypi/rp2040/dcd_rp2040.c.o
 *fill*         0x100095c3        0x1 
 .rodata.__func__.6
                0x100095c4       0x12 CMakeFiles/testFT8.dir/Users/PCOLLA/.pico-sdk/sdk/2.2.0/lib/tinyusb/src/portable/raspberrypi/rp2040/dcd_rp2040.c.o
 *fill*         0x100095d6        0x2 
 .rodata.__func__.7
                0x100095d8        0x9 CMakeFiles/testFT8.dir/Users/PCOLLA/.pico-sdk/sdk/2.2.0/lib/tinyusb/src/portable/raspberrypi/rp2040/dcd_rp2040.c.o
 .rodata.str1.4